Archive member included to satisfy reference by file (symbol)

/usr/local/gcc-arm-none-eabi-6-2017-q2-update/bin/../lib/gcc/arm-none-eabi/6.3.1/../../../../arm-none-eabi/lib/thumb/v7e-m/fpv4-sp/hard/libc_nano.a(lib_a-exit.o)
                              /usr/local/gcc-arm-none-eabi-6-2017-q2-update/bin/../lib/gcc/arm-none-eabi/6.3.1/../../../../arm-none-eabi/lib/thumb/v7e-m/fpv4-sp/hard/crt0.o (exit)
/usr/local/gcc-arm-none-eabi-6-2017-q2-update/bin/../lib/gcc/arm-none-eabi/6.3.1/../../../../arm-none-eabi/lib/thumb/v7e-m/fpv4-sp/hard/libc_nano.a(lib_a-impure.o)
                              /usr/local/gcc-arm-none-eabi-6-2017-q2-update/bin/../lib/gcc/arm-none-eabi/6.3.1/../../../../arm-none-eabi/lib/thumb/v7e-m/fpv4-sp/hard/libc_nano.a(lib_a-exit.o) (_global_impure_ptr)
/usr/local/gcc-arm-none-eabi-6-2017-q2-update/bin/../lib/gcc/arm-none-eabi/6.3.1/../../../../arm-none-eabi/lib/thumb/v7e-m/fpv4-sp/hard/libc_nano.a(lib_a-init.o)
                              /usr/local/gcc-arm-none-eabi-6-2017-q2-update/bin/../lib/gcc/arm-none-eabi/6.3.1/../../../../arm-none-eabi/lib/thumb/v7e-m/fpv4-sp/hard/crt0.o (__libc_init_array)
/usr/local/gcc-arm-none-eabi-6-2017-q2-update/bin/../lib/gcc/arm-none-eabi/6.3.1/../../../../arm-none-eabi/lib/thumb/v7e-m/fpv4-sp/hard/libc_nano.a(lib_a-memset.o)
                              /usr/local/gcc-arm-none-eabi-6-2017-q2-update/bin/../lib/gcc/arm-none-eabi/6.3.1/../../../../arm-none-eabi/lib/thumb/v7e-m/fpv4-sp/hard/crt0.o (memset)
/usr/local/gcc-arm-none-eabi-6-2017-q2-update/bin/../lib/gcc/arm-none-eabi/6.3.1/../../../../arm-none-eabi/lib/thumb/v7e-m/fpv4-sp/hard/libnosys.a(_exit.o)
                              /usr/local/gcc-arm-none-eabi-6-2017-q2-update/bin/../lib/gcc/arm-none-eabi/6.3.1/../../../../arm-none-eabi/lib/thumb/v7e-m/fpv4-sp/hard/libc_nano.a(lib_a-exit.o) (_exit)

Allocating common symbols
Common symbol       size              file

nrf_nvic_state      0xc               _build/nrf52832_xxaa/app_util_platform.c.o

Discarded input sections

 .text          0x0000000000000000        0x0 /usr/local/gcc-arm-none-eabi-6-2017-q2-update/bin/../lib/gcc/arm-none-eabi/6.3.1/thumb/v7e-m/fpv4-sp/hard/crti.o
 .data          0x0000000000000000        0x0 /usr/local/gcc-arm-none-eabi-6-2017-q2-update/bin/../lib/gcc/arm-none-eabi/6.3.1/thumb/v7e-m/fpv4-sp/hard/crti.o
 .bss           0x0000000000000000        0x0 /usr/local/gcc-arm-none-eabi-6-2017-q2-update/bin/../lib/gcc/arm-none-eabi/6.3.1/thumb/v7e-m/fpv4-sp/hard/crti.o
 .data          0x0000000000000000        0x4 /usr/local/gcc-arm-none-eabi-6-2017-q2-update/bin/../lib/gcc/arm-none-eabi/6.3.1/thumb/v7e-m/fpv4-sp/hard/crtbegin.o
 .data          0x0000000000000000        0x0 /usr/local/gcc-arm-none-eabi-6-2017-q2-update/bin/../lib/gcc/arm-none-eabi/6.3.1/../../../../arm-none-eabi/lib/thumb/v7e-m/fpv4-sp/hard/crt0.o
 .bss           0x0000000000000000        0x0 /usr/local/gcc-arm-none-eabi-6-2017-q2-update/bin/../lib/gcc/arm-none-eabi/6.3.1/../../../../arm-none-eabi/lib/thumb/v7e-m/fpv4-sp/hard/crt0.o
 .ARM.extab     0x0000000000000000        0x0 /usr/local/gcc-arm-none-eabi-6-2017-q2-update/bin/../lib/gcc/arm-none-eabi/6.3.1/../../../../arm-none-eabi/lib/thumb/v7e-m/fpv4-sp/hard/crt0.o
 .data          0x0000000000000000        0x0 _build/nrf52832_xxaa/gcc_startup_nrf52.S.o
 .bss           0x0000000000000000        0x0 _build/nrf52832_xxaa/gcc_startup_nrf52.S.o
 .group         0x0000000000000000        0x8 _build/nrf52832_xxaa/main.c.o
 .group         0x0000000000000000        0x8 _build/nrf52832_xxaa/main.c.o
 .group         0x0000000000000000        0x8 _build/nrf52832_xxaa/main.c.o
 .group         0x0000000000000000        0x8 _build/nrf52832_xxaa/main.c.o
 .group         0x0000000000000000        0x8 _build/nrf52832_xxaa/main.c.o
 .group         0x0000000000000000        0x8 _build/nrf52832_xxaa/main.c.o
 .group         0x0000000000000000        0x8 _build/nrf52832_xxaa/main.c.o
 .group         0x0000000000000000        0x8 _build/nrf52832_xxaa/main.c.o
 .group         0x0000000000000000        0x8 _build/nrf52832_xxaa/main.c.o
 .group         0x0000000000000000        0x8 _build/nrf52832_xxaa/main.c.o
 .group         0x0000000000000000        0x8 _build/nrf52832_xxaa/main.c.o
 .group         0x0000000000000000        0x8 _build/nrf52832_xxaa/main.c.o
 .group         0x0000000000000000        0x8 _build/nrf52832_xxaa/main.c.o
 .group         0x0000000000000000        0x8 _build/nrf52832_xxaa/main.c.o
 .group         0x0000000000000000        0x8 _build/nrf52832_xxaa/main.c.o
 .group         0x0000000000000000        0x8 _build/nrf52832_xxaa/main.c.o
 .group         0x0000000000000000        0x8 _build/nrf52832_xxaa/main.c.o
 .group         0x0000000000000000        0x8 _build/nrf52832_xxaa/main.c.o
 .group         0x0000000000000000        0x8 _build/nrf52832_xxaa/main.c.o
 .group         0x0000000000000000        0x8 _build/nrf52832_xxaa/main.c.o
 .group         0x0000000000000000        0x8 _build/nrf52832_xxaa/main.c.o
[...]
Memory Configuration

Name             Origin             Length             Attributes
FLASH            0x0000000000026000 0x000000000005a000 xr
RAM              0x00000000200057b8 0x000000000000a848 xrw
*default*        0x0000000000000000 0xffffffffffffffff

Linker script and memory map


.text           0x0000000000026000      0x95c
 *(.isr_vector)
 .isr_vector    0x0000000000026000      0x200 _build/nrf52832_xxaa/gcc_startup_nrf52.S.o
                0x0000000000026000                __isr_vector
 *(.text*)
 .text          0x0000000000026200       0x6c /usr/local/gcc-arm-none-eabi-6-2017-q2-update/bin/../lib/gcc/arm-none-eabi/6.3.1/thumb/v7e-m/fpv4-sp/hard/crtbegin.o
 .text          0x000000000002626c       0x74 /usr/local/gcc-arm-none-eabi-6-2017-q2-update/bin/../lib/gcc/arm-none-eabi/6.3.1/../../../../arm-none-eabi/lib/thumb/v7e-m/fpv4-sp/hard/crt0.o
                0x000000000002626c                _mainCRTStartup
                0x000000000002626c                _start
 .text          0x00000000000262e0       0x3c _build/nrf52832_xxaa/gcc_startup_nrf52.S.o
                0x00000000000262e0                Reset_Handler
                0x0000000000026308                NMI_Handler
                0x000000000002630a                HardFault_Handler
                0x000000000002630c                MemoryManagement_Handler
                0x000000000002630e                BusFault_Handler
                0x0000000000026310                UsageFault_Handler
                0x0000000000026312                SVC_Handler
                0x0000000000026314                DebugMon_Handler
                0x0000000000026316                PendSV_Handler
                0x0000000000026318                SysTick_Handler
                0x000000000002631a                TIMER3_IRQHandler
                0x000000000002631a                FPU_IRQHandler
                0x000000000002631a                SPIM0_SPIS0_TWIM0_TWIS0_SPI0_TWI0_IRQHandler
                0x000000000002631a                UARTE0_UART0_IRQHandler
                0x000000000002631a                TIMER4_IRQHandler
                0x000000000002631a                I2S_IRQHandler
                0x000000000002631a                SWI4_EGU4_IRQHandler
                0x000000000002631a                TIMER0_IRQHandler
                0x000000000002631a                TIMER1_IRQHandler
                0x000000000002631a                PWM2_IRQHandler
                0x000000000002631a                ECB_IRQHandler
                0x000000000002631a                SPIM1_SPIS1_TWIM1_TWIS1_SPI1_TWI1_IRQHandler
                0x000000000002631a                Default_Handler
                0x000000000002631a                SAADC_IRQHandler
                0x000000000002631a                CCM_AAR_IRQHandler
                0x000000000002631a                WDT_IRQHandler
                0x000000000002631a                SWI5_EGU5_IRQHandler
                0x000000000002631a                RNG_IRQHandler
                0x000000000002631a                RTC2_IRQHandler
                0x000000000002631a                PWM0_IRQHandler
                0x000000000002631a                SWI3_EGU3_IRQHandler
                0x000000000002631a                RTC1_IRQHandler
                0x000000000002631a                SWI1_EGU1_IRQHandler
                0x000000000002631a                SPIM2_SPIS2_SPI2_IRQHandler
                0x000000000002631a                NFCT_IRQHandler
                0x000000000002631a                MWU_IRQHandler
                0x000000000002631a                TIMER2_IRQHandler
                0x000000000002631a                COMP_LPCOMP_IRQHandler
                0x000000000002631a                RTC0_IRQHandler
                0x000000000002631a                SWI0_EGU0_IRQHandler
                0x000000000002631a                GPIOTE_IRQHandler
                0x000000000002631a                PWM1_IRQHandler
                0x000000000002631a                POWER_CLOCK_IRQHandler
                0x000000000002631a                RADIO_IRQHandler
                0x000000000002631a                PDM_IRQHandler
                0x000000000002631a                TEMP_IRQHandler
                0x000000000002631a                QDEC_IRQHandler
 .text.startup.main
                0x000000000002631c       0x30 _build/nrf52832_xxaa/main.c.o
                0x000000000002631c                main
 .text.bsp_board_led_invert
                0x000000000002634c       0x24 _build/nrf52832_xxaa/boards.c.o
                0x000000000002634c                bsp_board_led_invert
 .text.bsp_board_init
                0x0000000000026370       0x5c _build/nrf52832_xxaa/boards.c.o
                0x0000000000026370                bsp_board_init
 .text.app_error_handler_bare
                0x00000000000263cc       0x20 _build/nrf52832_xxaa/app_error.c.o
                0x00000000000263cc                app_error_handler_bare
 .text.app_error_fault_handler
                0x00000000000263ec       0x34 _build/nrf52832_xxaa/app_error_weak.c.o
                0x00000000000263ec                app_error_fault_handler
 .text.nrf_section_iter_init
                0x0000000000026420       0x14 _build/nrf52832_xxaa/nrf_section_iter.c.o
                0x0000000000026420                nrf_section_iter_init
 .text.nrf_section_iter_next
                0x0000000000026434       0x18 _build/nrf52832_xxaa/nrf_section_iter.c.o
                0x0000000000026434                nrf_section_iter_next
 .text.SWI2_EGU2_IRQHandler
                0x000000000002644c       0x2c _build/nrf52832_xxaa/nrf_sdh.c.o
                0x000000000002644c                SWI2_EGU2_IRQHandler
 .text.sd_evt_get
                0x0000000000026478        0x4 _build/nrf52832_xxaa/nrf_sdh_soc.c.o
 .text.nrf_sdh_soc_evts_poll
                0x000000000002647c       0x4c _build/nrf52832_xxaa/nrf_sdh_soc.c.o
 .text.SystemInit
                0x00000000000264c8      0x3cc _build/nrf52832_xxaa/system_nrf52.c.o
                0x00000000000264c8                SystemInit
 .text.exit     0x0000000000026894       0x28 /usr/local/gcc-arm-none-eabi-6-2017-q2-update/bin/../lib/gcc/arm-none-eabi/6.3.1/../../../../arm-none-eabi/lib/thumb/v7e-m/fpv4-sp/hard/libc_nano.a(lib_a-exit.o)
                0x0000000000026894                exit
 .text.__libc_init_array
                0x00000000000268bc       0x48 /usr/local/gcc-arm-none-eabi-6-2017-q2-update/bin/../lib/gcc/arm-none-eabi/6.3.1/../../../../arm-none-eabi/lib/thumb/v7e-m/fpv4-sp/hard/libc_nano.a(lib_a-init.o)
                0x00000000000268bc                __libc_init_array
 .text.memset   0x0000000000026904       0x10 /usr/local/gcc-arm-none-eabi-6-2017-q2-update/bin/../lib/gcc/arm-none-eabi/6.3.1/../../../../arm-none-eabi/lib/thumb/v7e-m/fpv4-sp/hard/libc_nano.a(lib_a-memset.o)
                0x0000000000026904                memset
 .text._exit    0x0000000000026914        0x4 /usr/local/gcc-arm-none-eabi-6-2017-q2-update/bin/../lib/gcc/arm-none-eabi/6.3.1/../../../../arm-none-eabi/lib/thumb/v7e-m/fpv4-sp/hard/libnosys.a(_exit.o)
                0x0000000000026914                _exit
 *(.init)
 .init          0x0000000000026918        0x4 /usr/local/gcc-arm-none-eabi-6-2017-q2-update/bin/../lib/gcc/arm-none-eabi/6.3.1/thumb/v7e-m/fpv4-sp/hard/crti.o
                0x0000000000026918                _init
 .init          0x000000000002691c        0x8 /usr/local/gcc-arm-none-eabi-6-2017-q2-update/bin/../lib/gcc/arm-none-eabi/6.3.1/thumb/v7e-m/fpv4-sp/hard/crtn.o
 *(.fini)
 .fini          0x0000000000026924        0x4 /usr/local/gcc-arm-none-eabi-6-2017-q2-update/bin/../lib/gcc/arm-none-eabi/6.3.1/thumb/v7e-m/fpv4-sp/hard/crti.o
                0x0000000000026924                _fini
 .fini          0x0000000000026928        0x8 /usr/local/gcc-arm-none-eabi-6-2017-q2-update/bin/../lib/gcc/arm-none-eabi/6.3.1/thumb/v7e-m/fpv4-sp/hard/crtn.o
 *crtbegin.o(.ctors)
 *crtbegin?.o(.ctors)
 *(EXCLUDE_FILE(*crtend.o *crtend?.o) .ctors)
 *(SORT(.ctors.*))
 *(.ctors)
 *crtbegin.o(.dtors)
 *crtbegin?.o(.dtors)
 *(EXCLUDE_FILE(*crtend.o *crtend?.o) .dtors)
 *(SORT(.dtors.*))
 *(.dtors)
 *(.rodata*)
 .rodata.delay_bytecode.8151
                0x0000000000026930        0x6 _build/nrf52832_xxaa/main.c.o
 *fill*         0x0000000000026936        0x2 
 .rodata.m_board_led_list
                0x0000000000026938        0x4 _build/nrf52832_xxaa/boards.c.o
 .rodata.sdh_stack_observers
                0x000000000002693c        0xc _build/nrf52832_xxaa/nrf_sdh.c.o
 .rodata.sdh_soc_observers
                0x0000000000026948        0xc _build/nrf52832_xxaa/nrf_sdh_soc.c.o
 .rodata._global_impure_ptr
                0x0000000000026954        0x4 /usr/local/gcc-arm-none-eabi-6-2017-q2-update/bin/../lib/gcc/arm-none-eabi/6.3.1/../../../../arm-none-eabi/lib/thumb/v7e-m/fpv4-sp/hard/libc_nano.a(lib_a-impure.o)
                0x0000000000026954                _global_impure_ptr
 *(.eh_frame*)
 .eh_frame      0x0000000000026958        0x0 /usr/local/gcc-arm-none-eabi-6-2017-q2-update/bin/../lib/gcc/arm-none-eabi/6.3.1/thumb/v7e-m/fpv4-sp/hard/crtbegin.o
 .eh_frame      0x0000000000026958        0x4 /usr/local/gcc-arm-none-eabi-6-2017-q2-update/bin/../lib/gcc/arm-none-eabi/6.3.1/thumb/v7e-m/fpv4-sp/hard/crtend.o

.glue_7         0x000000000002695c        0x0
 .glue_7        0x000000000002695c        0x0 linker stubs

.glue_7t        0x000000000002695c        0x0
 .glue_7t       0x000000000002695c        0x0 linker stubs

.vfp11_veneer   0x000000000002695c        0x0
 .vfp11_veneer  0x000000000002695c        0x0 linker stubs

.v4_bx          0x000000000002695c        0x0
 .v4_bx         0x000000000002695c        0x0 linker stubs

.iplt           0x000000000002695c        0x0
 .iplt          0x000000000002695c        0x0 /usr/local/gcc-arm-none-eabi-6-2017-q2-update/bin/../lib/gcc/arm-none-eabi/6.3.1/thumb/v7e-m/fpv4-sp/hard/crtbegin.o

.mem_section_dummy_rom

.sdh_soc_observers
                0x000000000002695c        0x0
                0x000000000002695c                PROVIDE (__start_sdh_soc_observers, .)
 *(SORT(.sdh_soc_observers*))
                0x000000000002695c                PROVIDE (__stop_sdh_soc_observers, .)

.log_const_data
                0x000000000002695c        0x0
                [!provide]                        PROVIDE (__start_log_const_data, .)
 *(SORT(.log_const_data*))
                [!provide]                        PROVIDE (__stop_log_const_data, .)

.nrf_balloc     0x000000000002695c        0x0
                [!provide]                        PROVIDE (__start_nrf_balloc, .)
 *(.nrf_balloc)
                [!provide]                        PROVIDE (__stop_nrf_balloc, .)

.sdh_state_observers
                0x000000000002695c        0x0
                0x000000000002695c                PROVIDE (__start_sdh_state_observers, .)
 *(SORT(.sdh_state_observers*))
                0x000000000002695c                PROVIDE (__stop_sdh_state_observers, .)

.sdh_stack_observers
                0x000000000002695c        0x8
                0x000000000002695c                PROVIDE (__start_sdh_stack_observers, .)
 *(SORT(.sdh_stack_observers*))
 .sdh_stack_observers0
                0x000000000002695c        0x8 _build/nrf52832_xxaa/nrf_sdh_soc.c.o
                0x0000000000026964                PROVIDE (__stop_sdh_stack_observers, .)

.sdh_req_observers
                0x0000000000026964        0x0
                0x0000000000026964                PROVIDE (__start_sdh_req_observers, .)
 *(SORT(.sdh_req_observers*))
                0x0000000000026964                PROVIDE (__stop_sdh_req_observers, .)

.ARM.extab
 *(.ARM.extab* .gnu.linkonce.armextab.*)
                0x0000000000026964                __exidx_start = .

.ARM.exidx      0x0000000000026964        0x8
 *(.ARM.exidx* .gnu.linkonce.armexidx.*)
 .ARM.exidx     0x0000000000026964        0x8 /usr/local/gcc-arm-none-eabi-6-2017-q2-update/bin/../lib/gcc/arm-none-eabi/6.3.1/../../../../arm-none-eabi/lib/thumb/v7e-m/fpv4-sp/hard/crt0.o
                0x000000000002696c                __exidx_end = .
                0x000000000002696c                __etext = .

.rel.dyn        0x000000000002696c        0x0
 .rel.iplt      0x000000000002696c        0x0 /usr/local/gcc-arm-none-eabi-6-2017-q2-update/bin/../lib/gcc/arm-none-eabi/6.3.1/thumb/v7e-m/fpv4-sp/hard/crtbegin.o

.data           0x00000000200057b8       0x70 load address 0x000000000002696c
                0x00000000200057b8                __data_start__ = .
 *(vtable)
 *(.data*)
 .data.SystemCoreClock
                0x00000000200057b8        0x4 _build/nrf52832_xxaa/system_nrf52.c.o
                0x00000000200057b8                SystemCoreClock
 .data.impure_data
                0x00000000200057bc       0x60 /usr/local/gcc-arm-none-eabi-6-2017-q2-update/bin/../lib/gcc/arm-none-eabi/6.3.1/../../../../arm-none-eabi/lib/thumb/v7e-m/fpv4-sp/hard/libc_nano.a(lib_a-impure.o)
                0x000000002000581c                . = ALIGN (0x4)
                0x000000002000581c                PROVIDE (__preinit_array_start, .)
 *(.preinit_array)
                0x000000002000581c                PROVIDE (__preinit_array_end, .)
                0x000000002000581c                . = ALIGN (0x4)
                0x000000002000581c                PROVIDE (__init_array_start, .)
 *(SORT(.init_array.*))
 *(.init_array)
 .init_array    0x000000002000581c        0x4 /usr/local/gcc-arm-none-eabi-6-2017-q2-update/bin/../lib/gcc/arm-none-eabi/6.3.1/thumb/v7e-m/fpv4-sp/hard/crtbegin.o
                0x0000000020005820                PROVIDE (__init_array_end, .)
                0x0000000020005820                . = ALIGN (0x4)
                [!provide]                        PROVIDE (__fini_array_start, .)
 *(SORT(.fini_array.*))
 *(.fini_array)
 .fini_array    0x0000000020005820        0x4 /usr/local/gcc-arm-none-eabi-6-2017-q2-update/bin/../lib/gcc/arm-none-eabi/6.3.1/thumb/v7e-m/fpv4-sp/hard/crtbegin.o
                [!provide]                        PROVIDE (__fini_array_end, .)
 *(.jcr*)
 .jcr           0x0000000020005824        0x0 /usr/local/gcc-arm-none-eabi-6-2017-q2-update/bin/../lib/gcc/arm-none-eabi/6.3.1/thumb/v7e-m/fpv4-sp/hard/crtbegin.o
 .jcr           0x0000000020005824        0x4 /usr/local/gcc-arm-none-eabi-6-2017-q2-update/bin/../lib/gcc/arm-none-eabi/6.3.1/thumb/v7e-m/fpv4-sp/hard/crtend.o
                0x0000000020005828                . = ALIGN (0x4)
                0x0000000020005828                __data_end__ = .
LOAD /usr/local/gcc-arm-none-eabi-6-2017-q2-update/bin/../lib/gcc/arm-none-eabi/6.3.1/thumb/v7e-m/fpv4-sp/hard/crti.o
LOAD /usr/local/gcc-arm-none-eabi-6-2017-q2-update/bin/../lib/gcc/arm-none-eabi/6.3.1/thumb/v7e-m/fpv4-sp/hard/crtbegin.o
LOAD /usr/local/gcc-arm-none-eabi-6-2017-q2-update/bin/../lib/gcc/arm-none-eabi/6.3.1/../../../../arm-none-eabi/lib/thumb/v7e-m/fpv4-sp/hard/crt0.o
LOAD _build/nrf52832_xxaa/gcc_startup_nrf52.S.o
LOAD _build/nrf52832_xxaa/main.c.o
LOAD _build/nrf52832_xxaa/boards.c.o
LOAD _build/nrf52832_xxaa/app_error.c.o
LOAD _build/nrf52832_xxaa/app_error_handler_gcc.c.o
LOAD _build/nrf52832_xxaa/app_error_weak.c.o
LOAD _build/nrf52832_xxaa/app_util_platform.c.o
LOAD _build/nrf52832_xxaa/nrf_assert.c.o
LOAD _build/nrf52832_xxaa/nrf_section_iter.c.o
LOAD _build/nrf52832_xxaa/nrf_strerror.c.o
LOAD _build/nrf52832_xxaa/nrf_sdh.c.o
LOAD _build/nrf52832_xxaa/nrf_sdh_soc.c.o
LOAD _build/nrf52832_xxaa/system_nrf52.c.o
LOAD /usr/local/gcc-arm-none-eabi-6-2017-q2-update/bin/../lib/gcc/arm-none-eabi/6.3.1/../../../../arm-none-eabi/lib/thumb/v7e-m/fpv4-sp/hard/libc_nano.a
LOAD /usr/local/gcc-arm-none-eabi-6-2017-q2-update/bin/../lib/gcc/arm-none-eabi/6.3.1/../../../../arm-none-eabi/lib/thumb/v7e-m/fpv4-sp/hard/libnosys.a
LOAD /usr/local/gcc-arm-none-eabi-6-2017-q2-update/bin/../lib/gcc/arm-none-eabi/6.3.1/../../../../arm-none-eabi/lib/thumb/v7e-m/fpv4-sp/hard/libm.a
START GROUP
LOAD /usr/local/gcc-arm-none-eabi-6-2017-q2-update/bin/../lib/gcc/arm-none-eabi/6.3.1/thumb/v7e-m/fpv4-sp/hard/libgcc.a
LOAD /usr/local/gcc-arm-none-eabi-6-2017-q2-update/bin/../lib/gcc/arm-none-eabi/6.3.1/../../../../arm-none-eabi/lib/thumb/v7e-m/fpv4-sp/hard/libg_nano.a
LOAD /usr/local/gcc-arm-none-eabi-6-2017-q2-update/bin/../lib/gcc/arm-none-eabi/6.3.1/../../../../arm-none-eabi/lib/thumb/v7e-m/fpv4-sp/hard/libc_nano.a
END GROUP
START GROUP
LOAD /usr/local/gcc-arm-none-eabi-6-2017-q2-update/bin/../lib/gcc/arm-none-eabi/6.3.1/thumb/v7e-m/fpv4-sp/hard/libgcc.a
LOAD /usr/local/gcc-arm-none-eabi-6-2017-q2-update/bin/../lib/gcc/arm-none-eabi/6.3.1/../../../../arm-none-eabi/lib/thumb/v7e-m/fpv4-sp/hard/libc_nano.a
END GROUP
LOAD /usr/local/gcc-arm-none-eabi-6-2017-q2-update/bin/../lib/gcc/arm-none-eabi/6.3.1/thumb/v7e-m/fpv4-sp/hard/crtend.o
LOAD /usr/local/gcc-arm-none-eabi-6-2017-q2-update/bin/../lib/gcc/arm-none-eabi/6.3.1/thumb/v7e-m/fpv4-sp/hard/crtn.o
START GROUP
LOAD /usr/local/gcc-arm-none-eabi-6-2017-q2-update/bin/../lib/gcc/arm-none-eabi/6.3.1/thumb/v7e-m/fpv4-sp/hard/libgcc.a
LOAD /usr/local/gcc-arm-none-eabi-6-2017-q2-update/bin/../lib/gcc/arm-none-eabi/6.3.1/../../../../arm-none-eabi/lib/thumb/v7e-m/fpv4-sp/hard/libc.a
LOAD /usr/local/gcc-arm-none-eabi-6-2017-q2-update/bin/../lib/gcc/arm-none-eabi/6.3.1/../../../../arm-none-eabi/lib/thumb/v7e-m/fpv4-sp/hard/libnosys.a
END GROUP

.igot.plt       0x0000000020005828        0x0 load address 0x00000000000269dc
 .igot.plt      0x0000000020005828        0x0 /usr/local/gcc-arm-none-eabi-6-2017-q2-update/bin/../lib/gcc/arm-none-eabi/6.3.1/thumb/v7e-m/fpv4-sp/hard/crtbegin.o
                0x0000000020005828                . = ALIGN (0x4)

.mem_section_dummy_ram

.log_dynamic_data
                0x0000000020005828        0x0
                [!provide]                        PROVIDE (__start_log_dynamic_data, .)
 *(SORT(.log_dynamic_data*))
                [!provide]                        PROVIDE (__stop_log_dynamic_data, .)

.bss            0x0000000020005828       0x1c load address 0x00000000000269dc
                0x0000000020005828                . = ALIGN (0x4)
                0x0000000020005828                __bss_start__ = .
 *(.bss*)
 .bss           0x0000000020005828       0x1c /usr/local/gcc-arm-none-eabi-6-2017-q2-update/bin/../lib/gcc/arm-none-eabi/6.3.1/thumb/v7e-m/fpv4-sp/hard/crtbegin.o
 *(COMMON)
                0x0000000020005844                . = ALIGN (0x4)
                0x0000000020005844                __bss_end__ = .

.heap           0x0000000020005848     0x2000
                0x0000000020005848                __HeapBase = .
                0x0000000020005848                __end__ = .
                [!provide]                        PROVIDE (end, .)
 *(.heap*)
 .heap          0x0000000020005848     0x2000 _build/nrf52832_xxaa/gcc_startup_nrf52.S.o
                0x0000000020007848                __HeapLimit = .

.stack_dummy    0x0000000020005848     0x2000
 *(.stack*)
 .stack         0x0000000020005848     0x2000 _build/nrf52832_xxaa/gcc_startup_nrf52.S.o
                0x0000000020010000                __StackTop = (ORIGIN (RAM) + LENGTH (RAM))
                0x000000002000e000                __StackLimit = (__StackTop - SIZEOF (.stack_dummy))
                0x0000000020010000                PROVIDE (__stack, __StackTop)
                0x0000000000000001                ASSERT ((__StackLimit >= __HeapLimit), region RAM overflowed with stack)
                0x0000000000000070                DataInitFlashUsed = (__bss_start__ - __data_start__)
                0x000000000000096c                CodeFlashUsed = (__etext - ORIGIN (FLASH))
                0x00000000000009dc                TotalFlashUsed = (CodeFlashUsed + DataInitFlashUsed)
                0x0000000000000001                ASSERT ((TotalFlashUsed <= LENGTH (FLASH)), region FLASH overflowed with .data and user data)
OUTPUT(_build/nrf52832_xxaa.out elf32-littlearm)

.ARM.attributes
                0x0000000000000000       0x30
 .ARM.attributes
                0x0000000000000000       0x22 /usr/local/gcc-arm-none-eabi-6-2017-q2-update/bin/../lib/gcc/arm-none-eabi/6.3.1/thumb/v7e-m/fpv4-sp/hard/crti.o
 .ARM.attributes
                0x0000000000000022       0x34 /usr/local/gcc-arm-none-eabi-6-2017-q2-update/bin/../lib/gcc/arm-none-eabi/6.3.1/thumb/v7e-m/fpv4-sp/hard/crtbegin.o
 .ARM.attributes
                0x0000000000000056       0x20 /usr/local/gcc-arm-none-eabi-6-2017-q2-update/bin/../lib/gcc/arm-none-eabi/6.3.1/../../../../arm-none-eabi/lib/thumb/v7e-m/fpv4-sp/hard/crt0.o
 .ARM.attributes
                0x0000000000000076       0x20 _build/nrf52832_xxaa/gcc_startup_nrf52.S.o
 .ARM.attributes
                0x0000000000000096       0x39 _build/nrf52832_xxaa/main.c.o
 .ARM.attributes
                0x00000000000000cf       0x39 _build/nrf52832_xxaa/boards.c.o
 .ARM.attributes
                0x0000000000000108       0x39 _build/nrf52832_xxaa/app_error.c.o
 .ARM.attributes
                0x0000000000000141       0x39 _build/nrf52832_xxaa/app_error_weak.c.o
 .ARM.attributes
                0x000000000000017a       0x39 _build/nrf52832_xxaa/nrf_section_iter.c.o
 .ARM.attributes
                0x00000000000001b3       0x39 _build/nrf52832_xxaa/nrf_sdh.c.o
 .ARM.attributes
                0x00000000000001ec       0x39 _build/nrf52832_xxaa/nrf_sdh_soc.c.o
 .ARM.attributes
                0x0000000000000225       0x39 _build/nrf52832_xxaa/system_nrf52.c.o
 .ARM.attributes
                0x000000000000025e       0x34 /usr/local/gcc-arm-none-eabi-6-2017-q2-update/bin/../lib/gcc/arm-none-eabi/6.3.1/../../../../arm-none-eabi/lib/thumb/v7e-m/fpv4-sp/hard/libc_nano.a(lib_a-exit.o)
 .ARM.attributes
                0x0000000000000292       0x34 /usr/local/gcc-arm-none-eabi-6-2017-q2-update/bin/../lib/gcc/arm-none-eabi/6.3.1/../../../../arm-none-eabi/lib/thumb/v7e-m/fpv4-sp/hard/libc_nano.a(lib_a-impure.o)
 .ARM.attributes
                0x00000000000002c6       0x34 /usr/local/gcc-arm-none-eabi-6-2017-q2-update/bin/../lib/gcc/arm-none-eabi/6.3.1/../../../../arm-none-eabi/lib/thumb/v7e-m/fpv4-sp/hard/libc_nano.a(lib_a-init.o)
 .ARM.attributes
                0x00000000000002fa       0x34 /usr/local/gcc-arm-none-eabi-6-2017-q2-update/bin/../lib/gcc/arm-none-eabi/6.3.1/../../../../arm-none-eabi/lib/thumb/v7e-m/fpv4-sp/hard/libc_nano.a(lib_a-memset.o)
 .ARM.attributes
                0x000000000000032e       0x34 /usr/local/gcc-arm-none-eabi-6-2017-q2-update/bin/../lib/gcc/arm-none-eabi/6.3.1/../../../../arm-none-eabi/lib/thumb/v7e-m/fpv4-sp/hard/libnosys.a(_exit.o)
 .ARM.attributes
                0x0000000000000362       0x34 /usr/local/gcc-arm-none-eabi-6-2017-q2-update/bin/../lib/gcc/arm-none-eabi/6.3.1/thumb/v7e-m/fpv4-sp/hard/crtend.o
 .ARM.attributes
                0x0000000000000396       0x22 /usr/local/gcc-arm-none-eabi-6-2017-q2-update/bin/../lib/gcc/arm-none-eabi/6.3.1/thumb/v7e-m/fpv4-sp/hard/crtn.o

.comment        0x0000000000000000       0x7f
 .comment       0x0000000000000000       0x7f _build/nrf52832_xxaa/main.c.o
                                         0x80 (size before relaxing)
 .comment       0x000000000000007f       0x80 _build/nrf52832_xxaa/boards.c.o
 .comment       0x000000000000007f       0x80 _build/nrf52832_xxaa/app_error.c.o
 .comment       0x000000000000007f       0x80 _build/nrf52832_xxaa/app_error_weak.c.o
 .comment       0x000000000000007f       0x80 _build/nrf52832_xxaa/nrf_section_iter.c.o
 .comment       0x000000000000007f       0x80 _build/nrf52832_xxaa/nrf_sdh.c.o
 .comment       0x000000000000007f       0x80 _build/nrf52832_xxaa/nrf_sdh_soc.c.o
 .comment       0x000000000000007f       0x80 _build/nrf52832_xxaa/system_nrf52.c.o

.debug_line     0x0000000000000000     0x3629
 .debug_line    0x0000000000000000       0x86 _build/nrf52832_xxaa/gcc_startup_nrf52.S.o
 .debug_line    0x0000000000000086      0x770 _build/nrf52832_xxaa/main.c.o
 .debug_line    0x00000000000007f6      0x898 _build/nrf52832_xxaa/boards.c.o
 .debug_line    0x000000000000108e      0x4be _build/nrf52832_xxaa/app_error.c.o
 .debug_line    0x000000000000154c      0x7d5 _build/nrf52832_xxaa/app_error_weak.c.o
 .debug_line    0x0000000000001d21      0x50e _build/nrf52832_xxaa/nrf_section_iter.c.o
 .debug_line    0x000000000000222f      0x8e0 _build/nrf52832_xxaa/nrf_sdh.c.o
 .debug_line    0x0000000000002b0f      0x6c9 _build/nrf52832_xxaa/nrf_sdh_soc.c.o
 .debug_line    0x00000000000031d8      0x451 _build/nrf52832_xxaa/system_nrf52.c.o

.debug_info     0x0000000000000000     0x7edf
 .debug_info    0x0000000000000000       0xd0 _build/nrf52832_xxaa/gcc_startup_nrf52.S.o
 .debug_info    0x00000000000000d0      0xad5 _build/nrf52832_xxaa/main.c.o
 .debug_info    0x0000000000000ba5     0x14d2 _build/nrf52832_xxaa/boards.c.o
 .debug_info    0x0000000000002077      0xaf2 _build/nrf52832_xxaa/app_error.c.o
 .debug_info    0x0000000000002b69      0xc99 _build/nrf52832_xxaa/app_error_weak.c.o
 .debug_info    0x0000000000003802      0xa28 _build/nrf52832_xxaa/nrf_section_iter.c.o
 .debug_info    0x000000000000422a     0x1dfa _build/nrf52832_xxaa/nrf_sdh.c.o
 .debug_info    0x0000000000006024      0xd9a _build/nrf52832_xxaa/nrf_sdh_soc.c.o
 .debug_info    0x0000000000006dbe     0x1121 _build/nrf52832_xxaa/system_nrf52.c.o

.debug_abbrev   0x0000000000000000     0x1613
 .debug_abbrev  0x0000000000000000       0x14 _build/nrf52832_xxaa/gcc_startup_nrf52.S.o
 .debug_abbrev  0x0000000000000014      0x27c _build/nrf52832_xxaa/main.c.o
 .debug_abbrev  0x0000000000000290      0x3b3 _build/nrf52832_xxaa/boards.c.o
 .debug_abbrev  0x0000000000000643      0x235 _build/nrf52832_xxaa/app_error.c.o
 .debug_abbrev  0x0000000000000878      0x252 _build/nrf52832_xxaa/app_error_weak.c.o
 .debug_abbrev  0x0000000000000aca      0x1da _build/nrf52832_xxaa/nrf_section_iter.c.o
 .debug_abbrev  0x0000000000000ca4      0x4dc _build/nrf52832_xxaa/nrf_sdh.c.o
 .debug_abbrev  0x0000000000001180      0x2b1 _build/nrf52832_xxaa/nrf_sdh_soc.c.o
 .debug_abbrev  0x0000000000001431      0x1e2 _build/nrf52832_xxaa/system_nrf52.c.o

.debug_aranges  0x0000000000000000      0x1e8
 .debug_aranges
                0x0000000000000000       0x20 _build/nrf52832_xxaa/gcc_startup_nrf52.S.o
 .debug_aranges
                0x0000000000000020       0x20 _build/nrf52832_xxaa/main.c.o
 .debug_aranges
                0x0000000000000040       0x78 _build/nrf52832_xxaa/boards.c.o
 .debug_aranges
                0x00000000000000b8       0x28 _build/nrf52832_xxaa/app_error.c.o
 .debug_aranges
                0x00000000000000e0       0x20 _build/nrf52832_xxaa/app_error_weak.c.o
 .debug_aranges
                0x0000000000000100       0x28 _build/nrf52832_xxaa/nrf_section_iter.c.o
 .debug_aranges
                0x0000000000000128       0x70 _build/nrf52832_xxaa/nrf_sdh.c.o
 .debug_aranges
                0x0000000000000198       0x28 _build/nrf52832_xxaa/nrf_sdh_soc.c.o
 .debug_aranges
                0x00000000000001c0       0x28 _build/nrf52832_xxaa/system_nrf52.c.o

.debug_loc      0x0000000000000000      0xd09
 .debug_loc     0x0000000000000000       0x7b _build/nrf52832_xxaa/main.c.o
 .debug_loc     0x000000000000007b      0x801 _build/nrf52832_xxaa/boards.c.o
 .debug_loc     0x000000000000087c       0xca _build/nrf52832_xxaa/app_error.c.o
 .debug_loc     0x0000000000000946       0x42 _build/nrf52832_xxaa/app_error_weak.c.o
 .debug_loc     0x0000000000000988      0x30d _build/nrf52832_xxaa/nrf_sdh.c.o
 .debug_loc     0x0000000000000c95       0x74 _build/nrf52832_xxaa/nrf_sdh_soc.c.o

.debug_ranges   0x0000000000000000      0x500
 .debug_ranges  0x0000000000000000       0x10 _build/nrf52832_xxaa/main.c.o
 .debug_ranges  0x0000000000000010      0x170 _build/nrf52832_xxaa/boards.c.o
 .debug_ranges  0x0000000000000180       0x18 _build/nrf52832_xxaa/app_error.c.o
 .debug_ranges  0x0000000000000198       0x10 _build/nrf52832_xxaa/app_error_weak.c.o
 .debug_ranges  0x00000000000001a8       0x18 _build/nrf52832_xxaa/nrf_section_iter.c.o
 .debug_ranges  0x00000000000001c0      0x1b0 _build/nrf52832_xxaa/nrf_sdh.c.o
 .debug_ranges  0x0000000000000370       0x30 _build/nrf52832_xxaa/nrf_sdh_soc.c.o
 .debug_ranges  0x00000000000003a0      0x160 _build/nrf52832_xxaa/system_nrf52.c.o

.debug_macro    0x0000000000000000    0x1443d
 .debug_macro   0x0000000000000000      0x36e _build/nrf52832_xxaa/main.c.o
 .debug_macro   0x000000000000036e      0x8e6 _build/nrf52832_xxaa/main.c.o
 .debug_macro   0x0000000000000c54       0x22 _build/nrf52832_xxaa/main.c.o
 .debug_macro   0x0000000000000c76       0x22 _build/nrf52832_xxaa/main.c.o
 .debug_macro   0x0000000000000c98       0x4f _build/nrf52832_xxaa/main.c.o
 .debug_macro   0x0000000000000ce7       0x51 _build/nrf52832_xxaa/main.c.o
 .debug_macro   0x0000000000000d38       0xef _build/nrf52832_xxaa/main.c.o
 .debug_macro   0x0000000000000e27       0x6a _build/nrf52832_xxaa/main.c.o
 .debug_macro   0x0000000000000e91      0x1df _build/nrf52832_xxaa/main.c.o
 .debug_macro   0x0000000000001070      0x61f _build/nrf52832_xxaa/main.c.o
 .debug_macro   0x000000000000168f      0x16d _build/nrf52832_xxaa/main.c.o
 .debug_macro   0x00000000000017fc       0x22 _build/nrf52832_xxaa/main.c.o
 .debug_macro   0x000000000000181e       0x2d _build/nrf52832_xxaa/main.c.o
 .debug_macro   0x000000000000184b       0x3b _build/nrf52832_xxaa/main.c.o
 .debug_macro   0x0000000000001886       0x50 _build/nrf52832_xxaa/main.c.o
 .debug_macro   0x00000000000018d6      0xe66 _build/nrf52832_xxaa/main.c.o
 .debug_macro   0x000000000000273c      0x392 _build/nrf52832_xxaa/main.c.o
 .debug_macro   0x0000000000002ace     0xccbe _build/nrf52832_xxaa/main.c.o
 .debug_macro   0x000000000000f78c     0x1313 _build/nrf52832_xxaa/main.c.o
 .debug_macro   0x0000000000010a9f       0x82 _build/nrf52832_xxaa/main.c.o
 .debug_macro   0x0000000000010b21       0x22 _build/nrf52832_xxaa/main.c.o
 .debug_macro   0x0000000000010b43      0x3a3 _build/nrf52832_xxaa/main.c.o
 .debug_macro   0x0000000000010ee6       0x36 _build/nrf52832_xxaa/main.c.o
 .debug_macro   0x0000000000010f1c       0x1f _build/nrf52832_xxaa/main.c.o
 .debug_macro   0x0000000000010f3b      0x125 _build/nrf52832_xxaa/main.c.o
 .debug_macro   0x0000000000011060       0x16 _build/nrf52832_xxaa/main.c.o
 .debug_macro   0x0000000000011076      0x16d _build/nrf52832_xxaa/main.c.o
 .debug_macro   0x00000000000111e3      0x4e4 _build/nrf52832_xxaa/main.c.o
 .debug_macro   0x00000000000116c7       0x3f _build/nrf52832_xxaa/main.c.o
 .debug_macro   0x0000000000011706       0x16 _build/nrf52832_xxaa/main.c.o
 .debug_macro   0x000000000001171c       0x9a _build/nrf52832_xxaa/main.c.o
 .debug_macro   0x00000000000117b6       0x46 _build/nrf52832_xxaa/main.c.o
 .debug_macro   0x00000000000117fc       0x70 _build/nrf52832_xxaa/main.c.o
 .debug_macro   0x000000000001186c       0x2e _build/nrf52832_xxaa/main.c.o
 .debug_macro   0x000000000001189a       0x58 _build/nrf52832_xxaa/main.c.o
 .debug_macro   0x00000000000118f2       0x35 _build/nrf52832_xxaa/main.c.o
 .debug_macro   0x0000000000011927       0x9c _build/nrf52832_xxaa/main.c.o
 .debug_macro   0x00000000000119c3       0x16 _build/nrf52832_xxaa/main.c.o
 .debug_macro   0x00000000000119d9       0x35 _build/nrf52832_xxaa/main.c.o
 .debug_macro   0x0000000000011a0e      0x353 _build/nrf52832_xxaa/main.c.o
 .debug_macro   0x0000000000011d61       0x10 _build/nrf52832_xxaa/main.c.o
 .debug_macro   0x0000000000011d71       0x58 _build/nrf52832_xxaa/main.c.o
 .debug_macro   0x0000000000011dc9       0x1f _build/nrf52832_xxaa/main.c.o
 .debug_macro   0x0000000000011de8       0x43 _build/nrf52832_xxaa/main.c.o
 .debug_macro   0x0000000000011e2b       0x20 _build/nrf52832_xxaa/main.c.o
 .debug_macro   0x0000000000011e4b      0x187 _build/nrf52832_xxaa/main.c.o
 .debug_macro   0x0000000000011fd2       0x10 _build/nrf52832_xxaa/main.c.o
 .debug_macro   0x0000000000011fe2       0xb6 _build/nrf52832_xxaa/main.c.o
 .debug_macro   0x0000000000012098       0x16 _build/nrf52832_xxaa/main.c.o
 .debug_macro   0x00000000000120ae      0x145 _build/nrf52832_xxaa/main.c.o
 .debug_macro   0x00000000000121f3       0xa7 _build/nrf52832_xxaa/main.c.o
 .debug_macro   0x000000000001229a       0x49 _build/nrf52832_xxaa/main.c.o
 .debug_macro   0x00000000000122e3       0x8c _build/nrf52832_xxaa/main.c.o
 .debug_macro   0x000000000001236f       0x19 _build/nrf52832_xxaa/main.c.o
 .debug_macro   0x0000000000012388       0x16 _build/nrf52832_xxaa/main.c.o
 .debug_macro   0x000000000001239e       0x7b _build/nrf52832_xxaa/main.c.o
 .debug_macro   0x0000000000012419       0x22 _build/nrf52832_xxaa/main.c.o
 .debug_macro   0x000000000001243b       0x40 _build/nrf52832_xxaa/main.c.o
 .debug_macro   0x000000000001247b       0x20 _build/nrf52832_xxaa/main.c.o
 .debug_macro   0x000000000001249b       0x1c _build/nrf52832_xxaa/main.c.o
 .debug_macro   0x00000000000124b7      0x25a _build/nrf52832_xxaa/main.c.o
 .debug_macro   0x0000000000012711      0x16d _build/nrf52832_xxaa/main.c.o
 .debug_macro   0x000000000001287e      0x364 _build/nrf52832_xxaa/boards.c.o
 .debug_macro   0x0000000000012be2       0x16 _build/nrf52832_xxaa/boards.c.o
 .debug_macro   0x0000000000012bf8      0x220 _build/nrf52832_xxaa/app_error.c.o
 .debug_macro   0x0000000000012e18       0x35 _build/nrf52832_xxaa/app_error.c.o
 .debug_macro   0x0000000000012e4d       0x97 _build/nrf52832_xxaa/app_error.c.o
 .debug_macro   0x0000000000012ee4       0xf6 _build/nrf52832_xxaa/app_error.c.o
 .debug_macro   0x0000000000012fda      0x3a5 _build/nrf52832_xxaa/app_error_weak.c.o
 .debug_macro   0x000000000001337f       0x16 _build/nrf52832_xxaa/app_error_weak.c.o
 .debug_macro   0x0000000000013395       0x31 _build/nrf52832_xxaa/app_error_weak.c.o
 .debug_macro   0x00000000000133c6       0x16 _build/nrf52832_xxaa/app_error_weak.c.o
 .debug_macro   0x00000000000133dc       0x49 _build/nrf52832_xxaa/app_error_weak.c.o
 .debug_macro   0x0000000000013425      0x17d _build/nrf52832_xxaa/app_error_weak.c.o
 .debug_macro   0x00000000000135a2       0x9a _build/nrf52832_xxaa/app_error_weak.c.o
 .debug_macro   0x000000000001363c       0x28 _build/nrf52832_xxaa/app_error_weak.c.o
 .debug_macro   0x0000000000013664       0x16 _build/nrf52832_xxaa/app_error_weak.c.o
 .debug_macro   0x000000000001367a       0x22 _build/nrf52832_xxaa/app_error_weak.c.o
 .debug_macro   0x000000000001369c       0x98 _build/nrf52832_xxaa/app_error_weak.c.o
 .debug_macro   0x0000000000013734       0x10 _build/nrf52832_xxaa/app_error_weak.c.o
 .debug_macro   0x0000000000013744       0x1c _build/nrf52832_xxaa/app_error_weak.c.o
 .debug_macro   0x0000000000013760       0x1c _build/nrf52832_xxaa/app_error_weak.c.o
 .debug_macro   0x000000000001377c      0x10d _build/nrf52832_xxaa/app_error_weak.c.o
 .debug_macro   0x0000000000013889      0x233 _build/nrf52832_xxaa/nrf_section_iter.c.o
 .debug_macro   0x0000000000013abc       0x11 _build/nrf52832_xxaa/nrf_section_iter.c.o
 .debug_macro   0x0000000000013acd      0x376 _build/nrf52832_xxaa/nrf_sdh.c.o
 .debug_macro   0x0000000000013e43       0x2b _build/nrf52832_xxaa/nrf_sdh.c.o
 .debug_macro   0x0000000000013e6e       0x10 _build/nrf52832_xxaa/nrf_sdh.c.o
 .debug_macro   0x0000000000013e7e      0x16b _build/nrf52832_xxaa/nrf_sdh.c.o
 .debug_macro   0x0000000000013fe9      0x34d _build/nrf52832_xxaa/nrf_sdh_soc.c.o
 .debug_macro   0x0000000000014336       0x16 _build/nrf52832_xxaa/nrf_sdh_soc.c.o
 .debug_macro   0x000000000001434c       0xf1 _build/nrf52832_xxaa/system_nrf52.c.o

.debug_str      0x0000000000000000    0x6f940
 .debug_str     0x0000000000000000    0x691ca _build/nrf52832_xxaa/main.c.o
                                      0x69e9a (size before relaxing)
 .debug_str     0x00000000000691ca      0x503 _build/nrf52832_xxaa/boards.c.o
                                      0x6a333 (size before relaxing)
 .debug_str     0x00000000000696cd      0x11f _build/nrf52832_xxaa/app_error.c.o
                                      0x603a3 (size before relaxing)
 .debug_str     0x00000000000697ec     0x4437 _build/nrf52832_xxaa/app_error_weak.c.o
                                      0x6b260 (size before relaxing)
 .debug_str     0x000000000006dc23      0x25b _build/nrf52832_xxaa/nrf_section_iter.c.o
                                      0x6607e (size before relaxing)
 .debug_str     0x000000000006de7e      0xd5c _build/nrf52832_xxaa/nrf_sdh.c.o
                                      0x6b17c (size before relaxing)
 .debug_str     0x000000000006ebda      0x8c1 _build/nrf52832_xxaa/nrf_sdh_soc.c.o
                                      0x6a111 (size before relaxing)
 .debug_str     0x000000000006f49b      0x4a5 _build/nrf52832_xxaa/system_nrf52.c.o
                                      0x5bda3 (size before relaxing)

.debug_frame    0x0000000000000000      0x3f0
 .debug_frame   0x0000000000000000       0x2c _build/nrf52832_xxaa/main.c.o
 .debug_frame   0x000000000000002c       0xf8 _build/nrf52832_xxaa/boards.c.o
 .debug_frame   0x0000000000000124       0x54 _build/nrf52832_xxaa/app_error.c.o
 .debug_frame   0x0000000000000178       0x20 _build/nrf52832_xxaa/app_error_weak.c.o
 .debug_frame   0x0000000000000198       0x30 _build/nrf52832_xxaa/nrf_section_iter.c.o
 .debug_frame   0x00000000000001c8      0x10c _build/nrf52832_xxaa/nrf_sdh.c.o
 .debug_frame   0x00000000000002d4       0x40 _build/nrf52832_xxaa/nrf_sdh_soc.c.o
 .debug_frame   0x0000000000000314       0x48 _build/nrf52832_xxaa/system_nrf52.c.o
 .debug_frame   0x000000000000035c       0x28 /usr/local/gcc-arm-none-eabi-6-2017-q2-update/bin/../lib/gcc/arm-none-eabi/6.3.1/../../../../arm-none-eabi/lib/thumb/v7e-m/fpv4-sp/hard/libc_nano.a(lib_a-exit.o)
 .debug_frame   0x0000000000000384       0x2c /usr/local/gcc-arm-none-eabi-6-2017-q2-update/bin/../lib/gcc/arm-none-eabi/6.3.1/../../../../arm-none-eabi/lib/thumb/v7e-m/fpv4-sp/hard/libc_nano.a(lib_a-init.o)
 .debug_frame   0x00000000000003b0       0x20 /usr/local/gcc-arm-none-eabi-6-2017-q2-update/bin/../lib/gcc/arm-none-eabi/6.3.1/../../../../arm-none-eabi/lib/thumb/v7e-m/fpv4-sp/hard/libc_nano.a(lib_a-memset.o)
 .debug_frame   0x00000000000003d0       0x20 /usr/local/gcc-arm-none-eabi-6-2017-q2-update/bin/../lib/gcc/arm-none-eabi/6.3.1/../../../../arm-none-eabi/lib/thumb/v7e-m/fpv4-sp/hard/libnosys.a(_exit.o)
