Archive member included to satisfy reference by file (symbol)

../../../../../../components/toolchain/cmsis/dsp/GCC/libarm_cortexM4lf_math.a(arm_const_structs.o)
                              _build/nrf52840_xxaa_s140/main.c.o (arm_cfft_sR_f32_len64)
../../../../../../components/toolchain/cmsis/dsp/GCC/libarm_cortexM4lf_math.a(arm_common_tables.o)
                              ../../../../../../components/toolchain/cmsis/dsp/GCC/libarm_cortexM4lf_math.a(arm_const_structs.o) (armBitRevIndexTable_fixed_4096)
../../../../../../components/toolchain/cmsis/dsp/GCC/libarm_cortexM4lf_math.a(arm_max_f32.o)
                              _build/nrf52840_xxaa_s140/main.c.o (arm_max_f32)
../../../../../../components/toolchain/cmsis/dsp/GCC/libarm_cortexM4lf_math.a(arm_cfft_f32.o)
                              _build/nrf52840_xxaa_s140/main.c.o (arm_cfft_f32)
../../../../../../components/toolchain/cmsis/dsp/GCC/libarm_cortexM4lf_math.a(arm_cmplx_mag_f32.o)
                              _build/nrf52840_xxaa_s140/main.c.o (arm_cmplx_mag_f32)
../../../../../../components/toolchain/cmsis/dsp/GCC/libarm_cortexM4lf_math.a(arm_bitreversal2.o)
                              ../../../../../../components/toolchain/cmsis/dsp/GCC/libarm_cortexM4lf_math.a(arm_cfft_f32.o) (arm_bitreversal_32)
../../../../../../components/toolchain/cmsis/dsp/GCC/libarm_cortexM4lf_math.a(arm_cfft_radix8_f32.o)
                              ../../../../../../components/toolchain/cmsis/dsp/GCC/libarm_cortexM4lf_math.a(arm_cfft_f32.o) (arm_radix8_butterfly_f32)
/usr/local/gcc-arm-none-eabi-6-2017-q2-update/bin/../lib/gcc/arm-none-eabi/6.3.1/../../../../arm-none-eabi/lib/thumb/v7e-m/fpv4-sp/hard/libc_nano.a(lib_a-exit.o)
                              /usr/local/gcc-arm-none-eabi-6-2017-q2-update/bin/../lib/gcc/arm-none-eabi/6.3.1/../../../../arm-none-eabi/lib/thumb/v7e-m/fpv4-sp/hard/crt0.o (exit)
/usr/local/gcc-arm-none-eabi-6-2017-q2-update/bin/../lib/gcc/arm-none-eabi/6.3.1/../../../../arm-none-eabi/lib/thumb/v7e-m/fpv4-sp/hard/libc_nano.a(lib_a-impure.o)
                              /usr/local/gcc-arm-none-eabi-6-2017-q2-update/bin/../lib/gcc/arm-none-eabi/6.3.1/../../../../arm-none-eabi/lib/thumb/v7e-m/fpv4-sp/hard/libc_nano.a(lib_a-exit.o) (_global_impure_ptr)
/usr/local/gcc-arm-none-eabi-6-2017-q2-update/bin/../lib/gcc/arm-none-eabi/6.3.1/../../../../arm-none-eabi/lib/thumb/v7e-m/fpv4-sp/hard/libc_nano.a(lib_a-init.o)
                              /usr/local/gcc-arm-none-eabi-6-2017-q2-update/bin/../lib/gcc/arm-none-eabi/6.3.1/../../../../arm-none-eabi/lib/thumb/v7e-m/fpv4-sp/hard/crt0.o (__libc_init_array)
/usr/local/gcc-arm-none-eabi-6-2017-q2-update/bin/../lib/gcc/arm-none-eabi/6.3.1/../../../../arm-none-eabi/lib/thumb/v7e-m/fpv4-sp/hard/libc_nano.a(lib_a-locale.o)
                              _build/nrf52840_xxaa_s140/nrf_log_str_formatter.c.o (__locale_ctype_ptr)
/usr/local/gcc-arm-none-eabi-6-2017-q2-update/bin/../lib/gcc/arm-none-eabi/6.3.1/../../../../arm-none-eabi/lib/thumb/v7e-m/fpv4-sp/hard/libc_nano.a(lib_a-mbtowc_r.o)
                              /usr/local/gcc-arm-none-eabi-6-2017-q2-update/bin/../lib/gcc/arm-none-eabi/6.3.1/../../../../arm-none-eabi/lib/thumb/v7e-m/fpv4-sp/hard/libc_nano.a(lib_a-locale.o) (__ascii_mbtowc)
/usr/local/gcc-arm-none-eabi-6-2017-q2-update/bin/../lib/gcc/arm-none-eabi/6.3.1/../../../../arm-none-eabi/lib/thumb/v7e-m/fpv4-sp/hard/libc_nano.a(lib_a-memcpy-stub.o)
                              _build/nrf52840_xxaa_s140/nrf_log_frontend.c.o (memcpy)
/usr/local/gcc-arm-none-eabi-6-2017-q2-update/bin/../lib/gcc/arm-none-eabi/6.3.1/../../../../arm-none-eabi/lib/thumb/v7e-m/fpv4-sp/hard/libc_nano.a(lib_a-memset.o)
                              /usr/local/gcc-arm-none-eabi-6-2017-q2-update/bin/../lib/gcc/arm-none-eabi/6.3.1/../../../../arm-none-eabi/lib/thumb/v7e-m/fpv4-sp/hard/crt0.o (memset)
/usr/local/gcc-arm-none-eabi-6-2017-q2-update/bin/../lib/gcc/arm-none-eabi/6.3.1/../../../../arm-none-eabi/lib/thumb/v7e-m/fpv4-sp/hard/libc_nano.a(lib_a-rand.o)
                              _build/nrf52840_xxaa_s140/main.c.o (rand)
/usr/local/gcc-arm-none-eabi-6-2017-q2-update/bin/../lib/gcc/arm-none-eabi/6.3.1/../../../../arm-none-eabi/lib/thumb/v7e-m/fpv4-sp/hard/libc_nano.a(lib_a-strcmp.o)
                              /usr/local/gcc-arm-none-eabi-6-2017-q2-update/bin/../lib/gcc/arm-none-eabi/6.3.1/../../../../arm-none-eabi/lib/thumb/v7e-m/fpv4-sp/hard/libc_nano.a(lib_a-locale.o) (strcmp)
/usr/local/gcc-arm-none-eabi-6-2017-q2-update/bin/../lib/gcc/arm-none-eabi/6.3.1/../../../../arm-none-eabi/lib/thumb/v7e-m/fpv4-sp/hard/libc_nano.a(lib_a-strcpy.o)
                              _build/nrf52840_xxaa_s140/SEGGER_RTT.c.o (strcpy)
/usr/local/gcc-arm-none-eabi-6-2017-q2-update/bin/../lib/gcc/arm-none-eabi/6.3.1/../../../../arm-none-eabi/lib/thumb/v7e-m/fpv4-sp/hard/libc_nano.a(lib_a-strlen.o)
                              _build/nrf52840_xxaa_s140/nrf_log_frontend.c.o (strlen)
[...]
Memory Configuration

Name             Origin             Length             Attributes
FLASH            0x0000000000026000 0x00000000000da000 xr
RAM              0x00000000200057b8 0x000000000003a848 xrw
*default*        0x0000000000000000 0xffffffffffffffff

Linker script and memory map


.text           0x0000000000026000     0x6514
 *(.isr_vector)
 .isr_vector    0x0000000000026000      0x200 _build/nrf52840_xxaa_s140/gcc_startup_nrf52840.S.o
                0x0000000000026000                __isr_vector
 *(.text*)
 .text          0x0000000000026200       0x6c /usr/local/gcc-arm-none-eabi-6-2017-q2-update/bin/../lib/gcc/arm-none-eabi/6.3.1/thumb/v7e-m/fpv4-sp/hard/crtbegin.o
 .text          0x000000000002626c       0x74 /usr/local/gcc-arm-none-eabi-6-2017-q2-update/bin/../lib/gcc/arm-none-eabi/6.3.1/../../../../arm-none-eabi/lib/thumb/v7e-m/fpv4-sp/hard/crt0.o
                0x000000000002626c                _mainCRTStartup
                0x000000000002626c                _start
 .text          0x00000000000262e0       0x3c _build/nrf52840_xxaa_s140/gcc_startup_nrf52840.S.o
                0x00000000000262e0                Reset_Handler
                0x0000000000026308                NMI_Handler
                0x000000000002630a                HardFault_Handler
                0x000000000002630c                MemoryManagement_Handler
                0x000000000002630e                BusFault_Handler
                0x0000000000026310                UsageFault_Handler
                0x0000000000026312                SVC_Handler
                0x0000000000026314                DebugMon_Handler
                0x0000000000026316                PendSV_Handler
                0x0000000000026318                SysTick_Handler
                0x000000000002631a                TIMER3_IRQHandler
                0x000000000002631a                PWM3_IRQHandler
                0x000000000002631a                FPU_IRQHandler
                0x000000000002631a                USBD_IRQHandler
                0x000000000002631a                SPIM0_SPIS0_TWIM0_TWIS0_SPI0_TWI0_IRQHandler
                0x000000000002631a                TIMER4_IRQHandler
                0x000000000002631a                CRYPTOCELL_IRQHandler
                0x000000000002631a                I2S_IRQHandler
                0x000000000002631a                SWI4_EGU4_IRQHandler
                0x000000000002631a                TIMER0_IRQHandler
                0x000000000002631a                UARTE1_IRQHandler
                0x000000000002631a                TIMER1_IRQHandler
                0x000000000002631a                SPIM3_IRQHandler
                0x000000000002631a                PWM2_IRQHandler
                0x000000000002631a                ECB_IRQHandler
                0x000000000002631a                SPIM1_SPIS1_TWIM1_TWIS1_SPI1_TWI1_IRQHandler
                0x000000000002631a                Default_Handler
                0x000000000002631a                SAADC_IRQHandler
                0x000000000002631a                CCM_AAR_IRQHandler
                0x000000000002631a                WDT_IRQHandler
                0x000000000002631a                SWI5_EGU5_IRQHandler
                0x000000000002631a                RNG_IRQHandler
                0x000000000002631a                RTC2_IRQHandler
                0x000000000002631a                PWM0_IRQHandler
                0x000000000002631a                SWI3_EGU3_IRQHandler
                0x000000000002631a                RTC1_IRQHandler
                0x000000000002631a                SWI1_EGU1_IRQHandler
                0x000000000002631a                SPIM2_SPIS2_SPI2_IRQHandler
                0x000000000002631a                NFCT_IRQHandler
                0x000000000002631a                MWU_IRQHandler
                0x000000000002631a                QSPI_IRQHandler
                0x000000000002631a                TIMER2_IRQHandler
                0x000000000002631a                COMP_LPCOMP_IRQHandler
                0x000000000002631a                RTC0_IRQHandler
                0x000000000002631a                SWI0_EGU0_IRQHandler
                0x000000000002631a                GPIOTE_IRQHandler
                0x000000000002631a                PWM1_IRQHandler
                0x000000000002631a                POWER_CLOCK_IRQHandler
                0x000000000002631a                RADIO_IRQHandler
                0x000000000002631a                PDM_IRQHandler
                0x000000000002631a                TEMP_IRQHandler
                0x000000000002631a                QDEC_IRQHandler
 .text.nrf_log_backend_serial_put
                0x000000000002631c       0xcc _build/nrf52840_xxaa_s140/nrf_log_backend_serial.c.o
                0x000000000002631c                nrf_log_backend_serial_put
 .text.nrf_log_backend_uart_flush
                0x00000000000263e8        0x4 _build/nrf52840_xxaa_s140/nrf_log_backend_uart.c.o
 .text.nrf_log_backend_uart_put
                0x00000000000263ec       0x20 _build/nrf52840_xxaa_s140/nrf_log_backend_uart.c.o
 .text.serial_tx
                0x000000000002640c       0x4c _build/nrf52840_xxaa_s140/nrf_log_backend_uart.c.o
 .text.nrf_log_backend_uart_panic_set
                0x0000000000026458       0x60 _build/nrf52840_xxaa_s140/nrf_log_backend_uart.c.o
 .text.nrf_log_backend_uart_init
                0x00000000000264b8       0x44 _build/nrf52840_xxaa_s140/nrf_log_backend_uart.c.o
                0x00000000000264b8                nrf_log_backend_uart_init
 .text.nrf_log_default_backends_init
                0x00000000000264fc       0x1c _build/nrf52840_xxaa_s140/nrf_log_default_backends.c.o
                0x00000000000264fc                nrf_log_default_backends_init
 .text.log_skip
                0x0000000000026518       0xd8 _build/nrf52840_xxaa_s140/nrf_log_frontend.c.o
 .text.nrf_log_init
                0x00000000000265f0       0x54 _build/nrf52840_xxaa_s140/nrf_log_frontend.c.o
                0x00000000000265f0                nrf_log_init
 .text.nrf_log_module_name_get
                0x0000000000026644       0x58 _build/nrf52840_xxaa_s140/nrf_log_frontend.c.o
                0x0000000000026644                nrf_log_module_name_get
 .text.nrf_log_color_id_get
                0x000000000002669c       0x2c _build/nrf52840_xxaa_s140/nrf_log_frontend.c.o
                0x000000000002669c                nrf_log_color_id_get
 .text.nrf_log_push
                0x00000000000266c8       0xec _build/nrf52840_xxaa_s140/nrf_log_frontend.c.o
                0x00000000000266c8                nrf_log_push
 .text.nrf_log_frontend_dequeue
                0x00000000000267b4      0x25c _build/nrf52840_xxaa_s140/nrf_log_frontend.c.o
                0x00000000000267b4                nrf_log_frontend_dequeue
 .text.nrf_log_frontend_std_0
                0x0000000000026a10       0xf4 _build/nrf52840_xxaa_s140/nrf_log_frontend.c.o
                0x0000000000026a10                nrf_log_frontend_std_0
 .text.nrf_log_frontend_std_1
                0x0000000000026b04       0xf4 _build/nrf52840_xxaa_s140/nrf_log_frontend.c.o
                0x0000000000026b04                nrf_log_frontend_std_1
 .text.nrf_log_frontend_std_2
                0x0000000000026bf8      0x108 _build/nrf52840_xxaa_s140/nrf_log_frontend.c.o
                0x0000000000026bf8                nrf_log_frontend_std_2
 .text.nrf_log_backend_add
                0x0000000000026d00       0x58 _build/nrf52840_xxaa_s140/nrf_log_frontend.c.o
                0x0000000000026d00                nrf_log_backend_add
 .text.nrf_log_panic
                0x0000000000026d58       0x28 _build/nrf52840_xxaa_s140/nrf_log_frontend.c.o
                0x0000000000026d58                nrf_log_panic
 .text.nrf_log_std_entry_process
                0x0000000000026d80      0x14c _build/nrf52840_xxaa_s140/nrf_log_str_formatter.c.o
                0x0000000000026d80                nrf_log_std_entry_process
 .text.nrf_log_hexdump_entry_process
                0x0000000000026ecc      0x15c _build/nrf52840_xxaa_s140/nrf_log_str_formatter.c.o
                0x0000000000026ecc                nrf_log_hexdump_entry_process
 .text.app_error_handler_bare
                0x0000000000027028       0x20 _build/nrf52840_xxaa_s140/app_error.c.o
                0x0000000000027028                app_error_handler_bare
 .text.app_error_fault_handler
                0x0000000000027048       0x6c _build/nrf52840_xxaa_s140/app_error_weak.c.o
                0x0000000000027048                app_error_fault_handler
 .text.app_util_critical_region_enter
                0x00000000000270b4       0x4c _build/nrf52840_xxaa_s140/app_util_platform.c.o
                0x00000000000270b4                app_util_critical_region_enter
 .text.app_util_critical_region_exit
                0x0000000000027100       0x30 _build/nrf52840_xxaa_s140/app_util_platform.c.o
                0x0000000000027100                app_util_critical_region_exit
 .text.nrf_atomic_u32_fetch_store
                0x0000000000027130       0x18 _build/nrf52840_xxaa_s140/nrf_atomic.c.o
                0x0000000000027130                nrf_atomic_u32_fetch_store
 .text.nrf_atomic_u32_add
                0x0000000000027148       0x1c _build/nrf52840_xxaa_s140/nrf_atomic.c.o
                0x0000000000027148                nrf_atomic_u32_add
 .text.nrf_atomic_u32_sub
                0x0000000000027164       0x1c _build/nrf52840_xxaa_s140/nrf_atomic.c.o
                0x0000000000027164                nrf_atomic_u32_sub
 .text.nrf_atomic_flag_set
                0x0000000000027180       0x1c _build/nrf52840_xxaa_s140/nrf_atomic.c.o
                0x0000000000027180                nrf_atomic_flag_set
 .text.nrf_atomic_flag_clear_fetch
                0x000000000002719c       0x1c _build/nrf52840_xxaa_s140/nrf_atomic.c.o
                0x000000000002719c                nrf_atomic_flag_clear_fetch
 .text.nrf_balloc_init
                0x00000000000271b8       0x38 _build/nrf52840_xxaa_s140/nrf_balloc.c.o
                0x00000000000271b8                nrf_balloc_init
 .text.nrf_balloc_alloc
                0x00000000000271f0       0x50 _build/nrf52840_xxaa_s140/nrf_balloc.c.o
                0x00000000000271f0                nrf_balloc_alloc
 .text.nrf_balloc_free
                0x0000000000027240       0x38 _build/nrf52840_xxaa_s140/nrf_balloc.c.o
                0x0000000000027240                nrf_balloc_free
 .text.nrf_fprintf_buffer_flush
                0x0000000000027278       0x18 _build/nrf52840_xxaa_s140/nrf_fprintf.c.o
                0x0000000000027278                nrf_fprintf_buffer_flush
 .text.nrf_fprintf
                0x0000000000027290       0x20 _build/nrf52840_xxaa_s140/nrf_fprintf.c.o
                0x0000000000027290                nrf_fprintf
 .text.unsigned_print
                0x00000000000272b0      0x120 _build/nrf52840_xxaa_s140/nrf_fprintf_format.c.o
 .text.nrf_fprintf_fmt
                0x00000000000273d0      0x504 _build/nrf52840_xxaa_s140/nrf_fprintf_format.c.o
                0x00000000000273d0                nrf_fprintf_fmt
 .text.nrf_memobj_pool_init
                0x00000000000278d4        0x4 _build/nrf52840_xxaa_s140/nrf_memobj.c.o
                0x00000000000278d4                nrf_memobj_pool_init
 .text.nrf_memobj_alloc
                0x00000000000278d8       0x90 _build/nrf52840_xxaa_s140/nrf_memobj.c.o
                0x00000000000278d8                nrf_memobj_alloc
 .text.nrf_memobj_get
                0x0000000000027968        0x8 _build/nrf52840_xxaa_s140/nrf_memobj.c.o
                0x0000000000027968                nrf_memobj_get
 .text.nrf_memobj_put
                0x0000000000027970       0x44 _build/nrf52840_xxaa_s140/nrf_memobj.c.o
                0x0000000000027970                nrf_memobj_put
 .text.nrf_memobj_write
                0x00000000000279b4       0x5c _build/nrf52840_xxaa_s140/nrf_memobj.c.o
                0x00000000000279b4                nrf_memobj_write
 .text.nrf_memobj_read
                0x0000000000027a10       0x5c _build/nrf52840_xxaa_s140/nrf_memobj.c.o
                0x0000000000027a10                nrf_memobj_read
 .text.nrf_section_iter_init
                0x0000000000027a6c       0x14 _build/nrf52840_xxaa_s140/nrf_section_iter.c.o
                0x0000000000027a6c                nrf_section_iter_init
 .text.nrf_section_iter_next
                0x0000000000027a80       0x18 _build/nrf52840_xxaa_s140/nrf_section_iter.c.o
                0x0000000000027a80                nrf_section_iter_next
 .text.uarte_evt_handler
                0x0000000000027a98       0x34 _build/nrf52840_xxaa_s140/nrf_drv_uart.c.o
 .text.uart_evt_handler
                0x0000000000027acc       0x34 _build/nrf52840_xxaa_s140/nrf_drv_uart.c.o
 .text.nrf_drv_uart_init
                0x0000000000027b00       0x88 _build/nrf52840_xxaa_s140/nrf_drv_uart.c.o
                0x0000000000027b00                nrf_drv_uart_init
 .text.UARTE0_UART0_IRQHandler
                0x0000000000027b88        0xc _build/nrf52840_xxaa_s140/nrfx_prs.c.o
                0x0000000000027b88                UARTE0_UART0_IRQHandler
 .text.nrfx_prs_acquire
                0x0000000000027b94       0x4c _build/nrf52840_xxaa_s140/nrfx_prs.c.o
                0x0000000000027b94                nrfx_prs_acquire
 .text.nrfx_prs_release
                0x0000000000027be0       0x18 _build/nrf52840_xxaa_s140/nrfx_prs.c.o
                0x0000000000027be0                nrfx_prs_release
 .text.nrfx_uart_0_irq_handler
                0x0000000000027bf8      0x1c4 _build/nrf52840_xxaa_s140/nrfx_uart.c.o
                0x0000000000027bf8                nrfx_uart_0_irq_handler
 .text.nrfx_uart_init
                0x0000000000027dbc      0x1e8 _build/nrf52840_xxaa_s140/nrfx_uart.c.o
                0x0000000000027dbc                nrfx_uart_init
 .text.nrfx_uart_uninit
                0x0000000000027fa4       0xfc _build/nrf52840_xxaa_s140/nrfx_uart.c.o
                0x0000000000027fa4                nrfx_uart_uninit
 .text.nrfx_uart_tx
                0x00000000000280a0       0xc8 _build/nrf52840_xxaa_s140/nrfx_uart.c.o
                0x00000000000280a0                nrfx_uart_tx
 .text.nrfx_uarte_0_irq_handler
                0x0000000000028168      0x134 _build/nrf52840_xxaa_s140/nrfx_uarte.c.o
                0x0000000000028168                nrfx_uarte_0_irq_handler
 .text.nrfx_uarte_init
                0x000000000002829c      0x224 _build/nrf52840_xxaa_s140/nrfx_uarte.c.o
                0x000000000002829c                nrfx_uarte_init
 .text.nrfx_uarte_uninit
                0x00000000000284c0      0x100 _build/nrf52840_xxaa_s140/nrfx_uarte.c.o
                0x00000000000284c0                nrfx_uarte_uninit
 .text.nrfx_uarte_tx
                0x00000000000285c0       0x9c _build/nrf52840_xxaa_s140/nrfx_uarte.c.o
                0x00000000000285c0                nrfx_uarte_tx
 .text.startup.main
                0x000000000002865c      0x35c _build/nrf52840_xxaa_s140/main.c.o
                0x000000000002865c                main
 .text.SystemInit
                0x00000000000289b8      0x1c4 _build/nrf52840_xxaa_s140/system_nrf52840.c.o
                0x00000000000289b8                SystemInit
 .text.SWI2_EGU2_IRQHandler
                0x0000000000028b7c       0x2c _build/nrf52840_xxaa_s140/nrf_sdh.c.o
                0x0000000000028b7c                SWI2_EGU2_IRQHandler
 .text.sd_evt_get
                0x0000000000028ba8        0x4 _build/nrf52840_xxaa_s140/nrf_sdh_soc.c.o
 .text.nrf_sdh_soc_evts_poll
                0x0000000000028bac       0x4c _build/nrf52840_xxaa_s140/nrf_sdh_soc.c.o
 .text.arm_max_f32
                0x0000000000028bf8       0xd0 ../../../../../../components/toolchain/cmsis/dsp/GCC/libarm_cortexM4lf_math.a(arm_max_f32.o)
                0x0000000000028bf8                arm_max_f32
 .text.arm_cfft_radix8by2_f32
                0x0000000000028cc8      0x1a4 ../../../../../../components/toolchain/cmsis/dsp/GCC/libarm_cortexM4lf_math.a(arm_cfft_f32.o)
                0x0000000000028cc8                arm_cfft_radix8by2_f32
 .text.arm_cfft_radix8by4_f32
                0x0000000000028e6c      0x4bc ../../../../../../components/toolchain/cmsis/dsp/GCC/libarm_cortexM4lf_math.a(arm_cfft_f32.o)
                0x0000000000028e6c                arm_cfft_radix8by4_f32
 .text.arm_cfft_f32
                0x0000000000029328       0xf4 ../../../../../../components/toolchain/cmsis/dsp/GCC/libarm_cortexM4lf_math.a(arm_cfft_f32.o)
                0x0000000000029328                arm_cfft_f32
 .text.arm_cmplx_mag_f32
                0x000000000002941c      0x1d0 ../../../../../../components/toolchain/cmsis/dsp/GCC/libarm_cortexM4lf_math.a(arm_cmplx_mag_f32.o)
                0x000000000002941c                arm_cmplx_mag_f32
 .text          0x00000000000295ec       0xc0 ../../../../../../components/toolchain/cmsis/dsp/GCC/libarm_cortexM4lf_math.a(arm_bitreversal2.o)
                0x00000000000295ec                arm_bitreversal_32
                0x0000000000029656                arm_bitreversal_16
 .text.arm_radix8_butterfly_f32
                0x00000000000296ac      0x5c4 ../../../../../../components/toolchain/cmsis/dsp/GCC/libarm_cortexM4lf_math.a(arm_cfft_radix8_f32.o)
                0x00000000000296ac                arm_radix8_butterfly_f32
 .text.exit     0x0000000000029c70       0x28 /usr/local/gcc-arm-none-eabi-6-2017-q2-update/bin/../lib/gcc/arm-none-eabi/6.3.1/../../../../arm-none-eabi/lib/thumb/v7e-m/fpv4-sp/hard/libc_nano.a(lib_a-exit.o)
                0x0000000000029c70                exit
 .text.__libc_init_array
                0x0000000000029c98       0x48 /usr/local/gcc-arm-none-eabi-6-2017-q2-update/bin/../lib/gcc/arm-none-eabi/6.3.1/../../../../arm-none-eabi/lib/thumb/v7e-m/fpv4-sp/hard/libc_nano.a(lib_a-init.o)
                0x0000000000029c98                __libc_init_array
 .text.__locale_ctype_ptr
                0x0000000000029ce0       0x1c /usr/local/gcc-arm-none-eabi-6-2017-q2-update/bin/../lib/gcc/arm-none-eabi/6.3.1/../../../../arm-none-eabi/lib/thumb/v7e-m/fpv4-sp/hard/libc_nano.a(lib_a-locale.o)
                0x0000000000029ce0                __locale_ctype_ptr
 .text.__ascii_mbtowc
                0x0000000000029cfc       0x24 /usr/local/gcc-arm-none-eabi-6-2017-q2-update/bin/../lib/gcc/arm-none-eabi/6.3.1/../../../../arm-none-eabi/lib/thumb/v7e-m/fpv4-sp/hard/libc_nano.a(lib_a-mbtowc_r.o)
                0x0000000000029cfc                __ascii_mbtowc
 .text.memcpy   0x0000000000029d20       0x16 /usr/local/gcc-arm-none-eabi-6-2017-q2-update/bin/../lib/gcc/arm-none-eabi/6.3.1/../../../../arm-none-eabi/lib/thumb/v7e-m/fpv4-sp/hard/libc_nano.a(lib_a-memcpy-stub.o)
                0x0000000000029d20                memcpy
 .text.memset   0x0000000000029d36       0x10 /usr/local/gcc-arm-none-eabi-6-2017-q2-update/bin/../lib/gcc/arm-none-eabi/6.3.1/../../../../arm-none-eabi/lib/thumb/v7e-m/fpv4-sp/hard/libc_nano.a(lib_a-memset.o)
                0x0000000000029d36                memset
 *fill*         0x0000000000029d46        0x2 
 .text.rand     0x0000000000029d48       0x74 /usr/local/gcc-arm-none-eabi-6-2017-q2-update/bin/../lib/gcc/arm-none-eabi/6.3.1/../../../../arm-none-eabi/lib/thumb/v7e-m/fpv4-sp/hard/libc_nano.a(lib_a-rand.o)
                0x0000000000029d48                rand
 .text          0x0000000000029dbc       0x10 /usr/local/gcc-arm-none-eabi-6-2017-q2-update/bin/../lib/gcc/arm-none-eabi/6.3.1/../../../../arm-none-eabi/lib/thumb/v7e-m/fpv4-sp/hard/libc_nano.a(lib_a-strlen.o)
                0x0000000000029dbc                strlen
 .text.__ascii_wctomb
                0x0000000000029dcc       0x1a /usr/local/gcc-arm-none-eabi-6-2017-q2-update/bin/../lib/gcc/arm-none-eabi/6.3.1/../../../../arm-none-eabi/lib/thumb/v7e-m/fpv4-sp/hard/libc_nano.a(lib_a-wctomb_r.o)
                0x0000000000029dcc                __ascii_wctomb
 *fill*         0x0000000000029de6        0x2 
 .text.malloc   0x0000000000029de8       0x10 /usr/local/gcc-arm-none-eabi-6-2017-q2-update/bin/../lib/gcc/arm-none-eabi/6.3.1/../../../../arm-none-eabi/lib/thumb/v7e-m/fpv4-sp/hard/libc_nano.a(lib_a-malloc.o)
                0x0000000000029de8                malloc
 .text._malloc_r
                0x0000000000029df8       0xbc /usr/local/gcc-arm-none-eabi-6-2017-q2-update/bin/../lib/gcc/arm-none-eabi/6.3.1/../../../../arm-none-eabi/lib/thumb/v7e-m/fpv4-sp/hard/libc_nano.a(lib_a-nano-mallocr.o)
                0x0000000000029df8                _malloc_r
 .text._sbrk_r  0x0000000000029eb4       0x20 /usr/local/gcc-arm-none-eabi-6-2017-q2-update/bin/../lib/gcc/arm-none-eabi/6.3.1/../../../../arm-none-eabi/lib/thumb/v7e-m/fpv4-sp/hard/libc_nano.a(lib_a-sbrkr.o)
                0x0000000000029eb4                _sbrk_r
 .text.__malloc_lock
                0x0000000000029ed4        0x2 /usr/local/gcc-arm-none-eabi-6-2017-q2-update/bin/../lib/gcc/arm-none-eabi/6.3.1/../../../../arm-none-eabi/lib/thumb/v7e-m/fpv4-sp/hard/libc_nano.a(lib_a-mlock.o)
                0x0000000000029ed4                __malloc_lock
 .text.__malloc_unlock
                0x0000000000029ed6        0x2 /usr/local/gcc-arm-none-eabi-6-2017-q2-update/bin/../lib/gcc/arm-none-eabi/6.3.1/../../../../arm-none-eabi/lib/thumb/v7e-m/fpv4-sp/hard/libc_nano.a(lib_a-mlock.o)
                0x0000000000029ed6                __malloc_unlock
 .text._sbrk    0x0000000000029ed8       0x1c /usr/local/gcc-arm-none-eabi-6-2017-q2-update/bin/../lib/gcc/arm-none-eabi/6.3.1/../../../../arm-none-eabi/lib/thumb/v7e-m/fpv4-sp/hard/libnosys.a(sbrk.o)
                0x0000000000029ed8                _sbrk
 .text._exit    0x0000000000029ef4        0x4 /usr/local/gcc-arm-none-eabi-6-2017-q2-update/bin/../lib/gcc/arm-none-eabi/6.3.1/../../../../arm-none-eabi/lib/thumb/v7e-m/fpv4-sp/hard/libnosys.a(_exit.o)
                0x0000000000029ef4                _exit
 .text.sin      0x0000000000029ef8       0xc0 /usr/local/gcc-arm-none-eabi-6-2017-q2-update/bin/../lib/gcc/arm-none-eabi/6.3.1/../../../../arm-none-eabi/lib/thumb/v7e-m/fpv4-sp/hard/libm.a(lib_a-s_sin.o)
                0x0000000000029ef8                sin
 .text.sqrtf    0x0000000000029fb8       0xac /usr/local/gcc-arm-none-eabi-6-2017-q2-update/bin/../lib/gcc/arm-none-eabi/6.3.1/../../../../arm-none-eabi/lib/thumb/v7e-m/fpv4-sp/hard/libm.a(lib_a-wf_sqrt.o)
                0x0000000000029fb8                sqrtf
 *fill*         0x000000000002a064        0x4 
 .text.__ieee754_rem_pio2
                0x000000000002a068      0x44c /usr/local/gcc-arm-none-eabi-6-2017-q2-update/bin/../lib/gcc/arm-none-eabi/6.3.1/../../../../arm-none-eabi/lib/thumb/v7e-m/fpv4-sp/hard/libm.a(lib_a-e_rem_pio2.o)
                0x000000000002a068                __ieee754_rem_pio2
 .text.__ieee754_sqrtf
                0x000000000002a4b4        0x8 /usr/local/gcc-arm-none-eabi-6-2017-q2-update/bin/../lib/gcc/arm-none-eabi/6.3.1/../../../../arm-none-eabi/lib/thumb/v7e-m/fpv4-sp/hard/libm.a(lib_a-ef_sqrt.o)
                0x000000000002a4b4                __ieee754_sqrtf
 *fill*         0x000000000002a4bc        0x4 
 .text.__kernel_cos
                0x000000000002a4c0      0x284 /usr/local/gcc-arm-none-eabi-6-2017-q2-update/bin/../lib/gcc/arm-none-eabi/6.3.1/../../../../arm-none-eabi/lib/thumb/v7e-m/fpv4-sp/hard/libm.a(lib_a-k_cos.o)
                0x000000000002a4c0                __kernel_cos
 *fill*         0x000000000002a744        0x4 
 .text.__kernel_rem_pio2
                0x000000000002a748      0x870 /usr/local/gcc-arm-none-eabi-6-2017-q2-update/bin/../lib/gcc/arm-none-eabi/6.3.1/../../../../arm-none-eabi/lib/thumb/v7e-m/fpv4-sp/hard/libm.a(lib_a-k_rem_pio2.o)
                0x000000000002a748                __kernel_rem_pio2
 .text.__kernel_sin
                0x000000000002afb8      0x194 /usr/local/gcc-arm-none-eabi-6-2017-q2-update/bin/../lib/gcc/arm-none-eabi/6.3.1/../../../../arm-none-eabi/lib/thumb/v7e-m/fpv4-sp/hard/libm.a(lib_a-k_sin.o)
                0x000000000002afb8                __kernel_sin
 .text.fabs     0x000000000002b14c       0x10 /usr/local/gcc-arm-none-eabi-6-2017-q2-update/bin/../lib/gcc/arm-none-eabi/6.3.1/../../../../arm-none-eabi/lib/thumb/v7e-m/fpv4-sp/hard/libm.a(lib_a-s_fabs.o)
                0x000000000002b14c                fabs
 *fill*         0x000000000002b15c        0x4 
 .text.floor    0x000000000002b160      0x120 /usr/local/gcc-arm-none-eabi-6-2017-q2-update/bin/../lib/gcc/arm-none-eabi/6.3.1/../../../../arm-none-eabi/lib/thumb/v7e-m/fpv4-sp/hard/libm.a(lib_a-s_floor.o)
                0x000000000002b160                floor
 .text.matherr  0x000000000002b280        0x4 /usr/local/gcc-arm-none-eabi-6-2017-q2-update/bin/../lib/gcc/arm-none-eabi/6.3.1/../../../../arm-none-eabi/lib/thumb/v7e-m/fpv4-sp/hard/libm.a(lib_a-s_matherr.o)
                0x000000000002b280                matherr
 *fill*         0x000000000002b284        0x4 
 .text.scalbn   0x000000000002b288      0x10c /usr/local/gcc-arm-none-eabi-6-2017-q2-update/bin/../lib/gcc/arm-none-eabi/6.3.1/../../../../arm-none-eabi/lib/thumb/v7e-m/fpv4-sp/hard/libm.a(lib_a-s_scalbn.o)
                0x000000000002b288                scalbn
 .text.copysign
                0x000000000002b394       0x1c /usr/local/gcc-arm-none-eabi-6-2017-q2-update/bin/../lib/gcc/arm-none-eabi/6.3.1/../../../../arm-none-eabi/lib/thumb/v7e-m/fpv4-sp/hard/libm.a(lib_a-s_copysign.o)
                0x000000000002b394                copysign
 .text          0x000000000002b3b0      0x370 /usr/local/gcc-arm-none-eabi-6-2017-q2-update/bin/../lib/gcc/arm-none-eabi/6.3.1/thumb/v7e-m/fpv4-sp/hard/libgcc.a(_arm_addsubdf3.o)
                0x000000000002b3b0                __aeabi_drsub
                0x000000000002b3b8                __subdf3
                0x000000000002b3b8                __aeabi_dsub
                0x000000000002b3bc                __aeabi_dadd
                0x000000000002b3bc                __adddf3
                0x000000000002b634                __aeabi_ui2d
                0x000000000002b634                __floatunsidf
                0x000000000002b654                __floatsidf
                0x000000000002b654                __aeabi_i2d
                0x000000000002b678                __extendsfdf2
                0x000000000002b678                __aeabi_f2d
                0x000000000002b6b4                __aeabi_ul2d
                0x000000000002b6b4                __floatundidf
                0x000000000002b6c4                __aeabi_l2d
                0x000000000002b6c4                __floatdidf
 .text          0x000000000002b720      0x424 /usr/local/gcc-arm-none-eabi-6-2017-q2-update/bin/../lib/gcc/arm-none-eabi/6.3.1/thumb/v7e-m/fpv4-sp/hard/libgcc.a(_arm_muldivdf3.o)
                0x000000000002b720                __aeabi_dmul
                0x000000000002b720                __muldf3
                0x000000000002b974                __aeabi_ddiv
                0x000000000002b974                __divdf3
 .text          0x000000000002bb44      0x110 /usr/local/gcc-arm-none-eabi-6-2017-q2-update/bin/../lib/gcc/arm-none-eabi/6.3.1/thumb/v7e-m/fpv4-sp/hard/libgcc.a(_arm_cmpdf2.o)
                0x000000000002bb44                __gtdf2
                0x000000000002bb44                __gedf2
                0x000000000002bb4c                __ltdf2
                0x000000000002bb4c                __ledf2
                0x000000000002bb54                __eqdf2
                0x000000000002bb54                __nedf2
                0x000000000002bb54                __cmpdf2
                0x000000000002bbd0                __aeabi_cdrcmple
                0x000000000002bbe0                __aeabi_cdcmple
                0x000000000002bbe0                __aeabi_cdcmpeq
                0x000000000002bbf0                __aeabi_dcmpeq
                0x000000000002bc04                __aeabi_dcmplt
                0x000000000002bc18                __aeabi_dcmple
                0x000000000002bc2c                __aeabi_dcmpge
                0x000000000002bc40                __aeabi_dcmpgt
 .text          0x000000000002bc54       0x50 /usr/local/gcc-arm-none-eabi-6-2017-q2-update/bin/../lib/gcc/arm-none-eabi/6.3.1/thumb/v7e-m/fpv4-sp/hard/libgcc.a(_arm_fixdfsi.o)
                0x000000000002bc54                __fixdfsi
                0x000000000002bc54                __aeabi_d2iz
 .text          0x000000000002bca4       0xa0 /usr/local/gcc-arm-none-eabi-6-2017-q2-update/bin/../lib/gcc/arm-none-eabi/6.3.1/thumb/v7e-m/fpv4-sp/hard/libgcc.a(_arm_truncdfsf2.o)
                0x000000000002bca4                __aeabi_d2f
                0x000000000002bca4                __truncdfsf2
 .text.__errno  0x000000000002bd44        0xc /usr/local/gcc-arm-none-eabi-6-2017-q2-update/bin/../lib/gcc/arm-none-eabi/6.3.1/../../../../arm-none-eabi/lib/thumb/v7e-m/fpv4-sp/hard/libg_nano.a(lib_a-errno.o)
                0x000000000002bd44                __errno
 *(.init)
 .init          0x000000000002bd50        0x4 /usr/local/gcc-arm-none-eabi-6-2017-q2-update/bin/../lib/gcc/arm-none-eabi/6.3.1/thumb/v7e-m/fpv4-sp/hard/crti.o
                0x000000000002bd50                _init
 .init          0x000000000002bd54        0x8 /usr/local/gcc-arm-none-eabi-6-2017-q2-update/bin/../lib/gcc/arm-none-eabi/6.3.1/thumb/v7e-m/fpv4-sp/hard/crtn.o
 *(.fini)
 .fini          0x000000000002bd5c        0x4 /usr/local/gcc-arm-none-eabi-6-2017-q2-update/bin/../lib/gcc/arm-none-eabi/6.3.1/thumb/v7e-m/fpv4-sp/hard/crti.o
                0x000000000002bd5c                _fini
 .fini          0x000000000002bd60        0x8 /usr/local/gcc-arm-none-eabi-6-2017-q2-update/bin/../lib/gcc/arm-none-eabi/6.3.1/thumb/v7e-m/fpv4-sp/hard/crtn.o
 *crtbegin.o(.ctors)
 *crtbegin?.o(.ctors)
 *(EXCLUDE_FILE(*crtend.o *crtend?.o) .ctors)
 *(SORT(.ctors.*))
 *(.ctors)
 *crtbegin.o(.dtors)
 *crtbegin?.o(.dtors)
 *(EXCLUDE_FILE(*crtend.o *crtend?.o) .dtors)
 *(SORT(.dtors.*))
 *(.dtors)
 *(.rodata*)
 .rodata        0x000000000002bd68       0x20 _build/nrf52840_xxaa_s140/nrf_log_backend_uart.c.o
 .rodata.nrf_log_backend_uart_api
                0x000000000002bd88        0xc _build/nrf52840_xxaa_s140/nrf_log_backend_uart.c.o
                0x000000000002bd88                nrf_log_backend_uart_api
 .rodata.nrf_log_frontend_dequeue.str1.4
                0x000000000002bd94       0x11 _build/nrf52840_xxaa_s140/nrf_log_frontend.c.o
 *fill*         0x000000000002bda5        0x3 
 .rodata.str1.4
                0x000000000002bda8       0x17 _build/nrf52840_xxaa_s140/nrf_log_frontend.c.o
 *fill*         0x000000000002bdbf        0x1 
 .rodata.m_colors
                0x000000000002bdc0       0x24 _build/nrf52840_xxaa_s140/nrf_log_str_formatter.c.o
 .rodata.nrf_log_hexdump_entry_process.str1.4
                0x000000000002bde4       0x13 _build/nrf52840_xxaa_s140/nrf_log_str_formatter.c.o
                                         0x16 (size before relaxing)
 *fill*         0x000000000002bdf7        0x1 
 .rodata.nrf_log_std_entry_process.str1.4
                0x000000000002bdf8       0x36 _build/nrf52840_xxaa_s140/nrf_log_str_formatter.c.o
                                         0x3b (size before relaxing)
 *fill*         0x000000000002be2e        0x2 
 .rodata.severity_names
                0x000000000002be30       0x14 _build/nrf52840_xxaa_s140/nrf_log_str_formatter.c.o
 .rodata.str1.4
                0x000000000002be44       0x56 _build/nrf52840_xxaa_s140/nrf_log_str_formatter.c.o
 *fill*         0x000000000002be9a        0x2 
 .rodata.app_error_fault_handler.str1.4
                0x000000000002be9c       0x19 _build/nrf52840_xxaa_s140/app_error_weak.c.o
 *fill*         0x000000000002beb5        0x3 
 .rodata._aV2C.7517
                0x000000000002beb8       0x10 _build/nrf52840_xxaa_s140/nrf_fprintf_format.c.o
 .rodata.str1.4
                0x000000000002bec8        0x4 _build/nrf52840_xxaa_s140/nrfx_prs.c.o
 .rodata.str1.4
                0x000000000002becc        0x5 _build/nrf52840_xxaa_s140/nrfx_uart.c.o
 *fill*         0x000000000002bed1        0x3 
 .rodata.str1.4
                0x000000000002bed4        0x6 _build/nrf52840_xxaa_s140/nrfx_uarte.c.o
 *fill*         0x000000000002beda        0x6 
 .rodata.delay_bytecode.8718
                0x000000000002bee0        0x6 _build/nrf52840_xxaa_s140/main.c.o
 *fill*         0x000000000002bee6        0x2 
 .rodata.main.str1.4
                0x000000000002bee8       0x8b _build/nrf52840_xxaa_s140/main.c.o
 *fill*         0x000000000002bf73        0x1 
 .rodata.sdh_stack_observers
                0x000000000002bf74        0xc _build/nrf52840_xxaa_s140/nrf_sdh.c.o
 .rodata.str1.4
                0x000000000002bf80        0x8 _build/nrf52840_xxaa_s140/nrf_sdh.c.o
 .rodata.sdh_soc_observers
                0x000000000002bf88        0xc _build/nrf52840_xxaa_s140/nrf_sdh_soc.c.o
 .rodata.str1.4
                0x000000000002bf94        0xc _build/nrf52840_xxaa_s140/nrf_sdh_soc.c.o
 .rodata.arm_cfft_sR_f32_len64
                0x000000000002bfa0       0x10 ../../../../../../components/toolchain/cmsis/dsp/GCC/libarm_cortexM4lf_math.a(arm_const_structs.o)
                0x000000000002bfa0                arm_cfft_sR_f32_len64
 .rodata.armBitRevIndexTable64
                0x000000000002bfb0       0x70 ../../../../../../components/toolchain/cmsis/dsp/GCC/libarm_cortexM4lf_math.a(arm_common_tables.o)
                0x000000000002bfb0                armBitRevIndexTable64
 .rodata.twiddleCoef_64
                0x000000000002c020      0x200 ../../../../../../components/toolchain/cmsis/dsp/GCC/libarm_cortexM4lf_math.a(arm_common_tables.o)
                0x000000000002c020                twiddleCoef_64
 .rodata._global_impure_ptr
                0x000000000002c220        0x4 /usr/local/gcc-arm-none-eabi-6-2017-q2-update/bin/../lib/gcc/arm-none-eabi/6.3.1/../../../../arm-none-eabi/lib/thumb/v7e-m/fpv4-sp/hard/libc_nano.a(lib_a-impure.o)
                0x000000000002c220                _global_impure_ptr
 .rodata._setlocale_r.str1.1
                0x000000000002c224        0x8 /usr/local/gcc-arm-none-eabi-6-2017-q2-update/bin/../lib/gcc/arm-none-eabi/6.3.1/../../../../arm-none-eabi/lib/thumb/v7e-m/fpv4-sp/hard/libc_nano.a(lib_a-locale.o)
                                          0x9 (size before relaxing)
 .rodata.str1.1
                0x000000000002c22c        0x2 /usr/local/gcc-arm-none-eabi-6-2017-q2-update/bin/../lib/gcc/arm-none-eabi/6.3.1/../../../../arm-none-eabi/lib/thumb/v7e-m/fpv4-sp/hard/libc_nano.a(lib_a-locale.o)
 .rodata._ctype_
                0x000000000002c22e      0x101 /usr/local/gcc-arm-none-eabi-6-2017-q2-update/bin/../lib/gcc/arm-none-eabi/6.3.1/../../../../arm-none-eabi/lib/thumb/v7e-m/fpv4-sp/hard/libc_nano.a(lib_a-ctype_.o)
                0x000000000002c22e                _ctype_
 *fill*         0x000000000002c32f        0x1 
 .rodata.sqrtf.str1.4
                0x000000000002c330        0x8 /usr/local/gcc-arm-none-eabi-6-2017-q2-update/bin/../lib/gcc/arm-none-eabi/6.3.1/../../../../arm-none-eabi/lib/thumb/v7e-m/fpv4-sp/hard/libm.a(lib_a-wf_sqrt.o)
                                          0x6 (size before relaxing)
 .rodata.npio2_hw
                0x000000000002c338       0x80 /usr/local/gcc-arm-none-eabi-6-2017-q2-update/bin/../lib/gcc/arm-none-eabi/6.3.1/../../../../arm-none-eabi/lib/thumb/v7e-m/fpv4-sp/hard/libm.a(lib_a-e_rem_pio2.o)
 .rodata.two_over_pi
                0x000000000002c3b8      0x108 /usr/local/gcc-arm-none-eabi-6-2017-q2-update/bin/../lib/gcc/arm-none-eabi/6.3.1/../../../../arm-none-eabi/lib/thumb/v7e-m/fpv4-sp/hard/libm.a(lib_a-e_rem_pio2.o)
 .rodata.PIo2   0x000000000002c4c0       0x40 /usr/local/gcc-arm-none-eabi-6-2017-q2-update/bin/../lib/gcc/arm-none-eabi/6.3.1/../../../../arm-none-eabi/lib/thumb/v7e-m/fpv4-sp/hard/libm.a(lib_a-k_rem_pio2.o)
 .rodata.init_jk
                0x000000000002c500       0x10 /usr/local/gcc-arm-none-eabi-6-2017-q2-update/bin/../lib/gcc/arm-none-eabi/6.3.1/../../../../arm-none-eabi/lib/thumb/v7e-m/fpv4-sp/hard/libm.a(lib_a-k_rem_pio2.o)
 *(.eh_frame*)
 .eh_frame      0x000000000002c510        0x0 /usr/local/gcc-arm-none-eabi-6-2017-q2-update/bin/../lib/gcc/arm-none-eabi/6.3.1/thumb/v7e-m/fpv4-sp/hard/crtbegin.o
 .eh_frame      0x000000000002c510        0x4 /usr/local/gcc-arm-none-eabi-6-2017-q2-update/bin/../lib/gcc/arm-none-eabi/6.3.1/thumb/v7e-m/fpv4-sp/hard/crtend.o

.glue_7         0x000000000002c514        0x0
 .glue_7        0x000000000002c514        0x0 linker stubs

.glue_7t        0x000000000002c514        0x0
 .glue_7t       0x000000000002c514        0x0 linker stubs

.vfp11_veneer   0x000000000002c514        0x0
 .vfp11_veneer  0x000000000002c514        0x0 linker stubs

.v4_bx          0x000000000002c514        0x0
 .v4_bx         0x000000000002c514        0x0 linker stubs

.iplt           0x000000000002c514        0x0
 .iplt          0x000000000002c514        0x0 /usr/local/gcc-arm-none-eabi-6-2017-q2-update/bin/../lib/gcc/arm-none-eabi/6.3.1/thumb/v7e-m/fpv4-sp/hard/crtbegin.o

.mem_section_dummy_rom

.sdh_soc_observers
                0x000000000002c514        0x0
                0x000000000002c514                PROVIDE (__start_sdh_soc_observers, .)
 *(SORT(.sdh_soc_observers*))
                0x000000000002c514                PROVIDE (__stop_sdh_soc_observers, .)

.log_const_data
                0x000000000002c514       0x38
                0x000000000002c514                PROVIDE (__start_log_const_data, .)
 *(SORT(.log_const_data*))
 .log_const_data_PRS
                0x000000000002c514        0x8 _build/nrf52840_xxaa_s140/nrfx_prs.c.o
                0x000000000002c514                m_nrf_log_PRS_logs_data_const
 .log_const_data_UART
                0x000000000002c51c        0x8 _build/nrf52840_xxaa_s140/nrfx_uart.c.o
                0x000000000002c51c                m_nrf_log_UART_logs_data_const
 .log_const_data_UARTE
                0x000000000002c524        0x8 _build/nrf52840_xxaa_s140/nrfx_uarte.c.o
                0x000000000002c524                m_nrf_log_UARTE_logs_data_const
 .log_const_data_app
                0x000000000002c52c        0x8 _build/nrf52840_xxaa_s140/nrf_log_frontend.c.o
                0x000000000002c52c                m_nrf_log_app_logs_data_const
 .log_const_data_balloc_log_mempool
                0x000000000002c534        0x8 _build/nrf52840_xxaa_s140/nrf_log_frontend.c.o
                0x000000000002c534                m_nrf_log_balloc_log_mempool_logs_data_const
 .log_const_data_nrf_sdh
                0x000000000002c53c        0x8 _build/nrf52840_xxaa_s140/nrf_sdh.c.o
                0x000000000002c53c                m_nrf_log_nrf_sdh_logs_data_const
 .log_const_data_nrf_sdh_soc
                0x000000000002c544        0x8 _build/nrf52840_xxaa_s140/nrf_sdh_soc.c.o
                0x000000000002c544                m_nrf_log_nrf_sdh_soc_logs_data_const
                0x000000000002c54c                PROVIDE (__stop_log_const_data, .)

.nrf_balloc     0x000000000002c54c       0x18
                [!provide]                        PROVIDE (__start_nrf_balloc, .)
 *(.nrf_balloc)
 .nrf_balloc    0x000000000002c54c       0x18 _build/nrf52840_xxaa_s140/nrf_log_frontend.c.o
                0x000000000002c54c                log_mempool
                [!provide]                        PROVIDE (__stop_nrf_balloc, .)

.sdh_state_observers
                0x000000000002c564        0x0
                0x000000000002c564                PROVIDE (__start_sdh_state_observers, .)
 *(SORT(.sdh_state_observers*))
                0x000000000002c564                PROVIDE (__stop_sdh_state_observers, .)

.sdh_stack_observers
                0x000000000002c564        0x8
                0x000000000002c564                PROVIDE (__start_sdh_stack_observers, .)
 *(SORT(.sdh_stack_observers*))
 .sdh_stack_observers0
                0x000000000002c564        0x8 _build/nrf52840_xxaa_s140/nrf_sdh_soc.c.o
                0x000000000002c56c                PROVIDE (__stop_sdh_stack_observers, .)

.sdh_req_observers
                0x000000000002c56c        0x0
                0x000000000002c56c                PROVIDE (__start_sdh_req_observers, .)
 *(SORT(.sdh_req_observers*))
                0x000000000002c56c                PROVIDE (__stop_sdh_req_observers, .)

.ARM.extab
 *(.ARM.extab* .gnu.linkonce.armextab.*)
                0x000000000002c56c                __exidx_start = .

.ARM.exidx      0x000000000002c56c        0x8
 *(.ARM.exidx* .gnu.linkonce.armexidx.*)
 .ARM.exidx     0x000000000002c56c        0x8 /usr/local/gcc-arm-none-eabi-6-2017-q2-update/bin/../lib/gcc/arm-none-eabi/6.3.1/../../../../arm-none-eabi/lib/thumb/v7e-m/fpv4-sp/hard/crt0.o
                0x000000000002c574                __exidx_end = .
                0x000000000002c574                __etext = .

.rel.dyn        0x000000000002c574        0x0
 .rel.iplt      0x000000000002c574        0x0 /usr/local/gcc-arm-none-eabi-6-2017-q2-update/bin/../lib/gcc/arm-none-eabi/6.3.1/thumb/v7e-m/fpv4-sp/hard/crtbegin.o

.data           0x00000000200057b8      0x204 load address 0x000000000002c574
                0x00000000200057b8                __data_start__ = .
 *(vtable)
 *(.data*)
 .data.m_uart   0x00000000200057b8       0x14 _build/nrf52840_xxaa_s140/nrf_log_backend_uart.c.o
                0x00000000200057b8                m_uart
 .data.uart_log_backend
                0x00000000200057cc        0xc _build/nrf52840_xxaa_s140/nrf_log_default_backends.c.o
 .data.SystemCoreClock
                0x00000000200057d8        0x4 _build/nrf52840_xxaa_s140/system_nrf52840.c.o
                0x00000000200057d8                SystemCoreClock
 .data._impure_ptr
                0x00000000200057dc        0x4 /usr/local/gcc-arm-none-eabi-6-2017-q2-update/bin/../lib/gcc/arm-none-eabi/6.3.1/../../../../arm-none-eabi/lib/thumb/v7e-m/fpv4-sp/hard/libc_nano.a(lib_a-impure.o)
                0x00000000200057dc                _impure_ptr
 .data.impure_data
                0x00000000200057e0       0x60 /usr/local/gcc-arm-none-eabi-6-2017-q2-update/bin/../lib/gcc/arm-none-eabi/6.3.1/../../../../arm-none-eabi/lib/thumb/v7e-m/fpv4-sp/hard/libc_nano.a(lib_a-impure.o)
 .data.__global_locale
                0x0000000020005840      0x16c /usr/local/gcc-arm-none-eabi-6-2017-q2-update/bin/../lib/gcc/arm-none-eabi/6.3.1/../../../../arm-none-eabi/lib/thumb/v7e-m/fpv4-sp/hard/libc_nano.a(lib_a-locale.o)
                0x0000000020005840                __global_locale
 .data.__fdlib_version
                0x00000000200059ac        0x1 /usr/local/gcc-arm-none-eabi-6-2017-q2-update/bin/../lib/gcc/arm-none-eabi/6.3.1/../../../../arm-none-eabi/lib/thumb/v7e-m/fpv4-sp/hard/libm.a(lib_a-s_lib_ver.o)
                0x00000000200059ac                __fdlib_version
                0x00000000200059b0                . = ALIGN (0x4)
 *fill*         0x00000000200059ad        0x3 
                0x00000000200059b0                PROVIDE (__preinit_array_start, .)
 *(.preinit_array)
                0x00000000200059b0                PROVIDE (__preinit_array_end, .)
                0x00000000200059b0                . = ALIGN (0x4)
                0x00000000200059b0                PROVIDE (__init_array_start, .)
 *(SORT(.init_array.*))
 *(.init_array)
 .init_array    0x00000000200059b0        0x4 /usr/local/gcc-arm-none-eabi-6-2017-q2-update/bin/../lib/gcc/arm-none-eabi/6.3.1/thumb/v7e-m/fpv4-sp/hard/crtbegin.o
                0x00000000200059b4                PROVIDE (__init_array_end, .)
                0x00000000200059b4                . = ALIGN (0x4)
                [!provide]                        PROVIDE (__fini_array_start, .)
 *(SORT(.fini_array.*))
 *(.fini_array)
 .fini_array    0x00000000200059b4        0x4 /usr/local/gcc-arm-none-eabi-6-2017-q2-update/bin/../lib/gcc/arm-none-eabi/6.3.1/thumb/v7e-m/fpv4-sp/hard/crtbegin.o
                [!provide]                        PROVIDE (__fini_array_end, .)
 *(.jcr*)
 .jcr           0x00000000200059b8        0x0 /usr/local/gcc-arm-none-eabi-6-2017-q2-update/bin/../lib/gcc/arm-none-eabi/6.3.1/thumb/v7e-m/fpv4-sp/hard/crtbegin.o
 .jcr           0x00000000200059b8        0x4 /usr/local/gcc-arm-none-eabi-6-2017-q2-update/bin/../lib/gcc/arm-none-eabi/6.3.1/thumb/v7e-m/fpv4-sp/hard/crtend.o
                0x00000000200059bc                . = ALIGN (0x4)
                0x00000000200059bc                __data_end__ = .
LOAD /usr/local/gcc-arm-none-eabi-6-2017-q2-update/bin/../lib/gcc/arm-none-eabi/6.3.1/thumb/v7e-m/fpv4-sp/hard/crti.o
LOAD /usr/local/gcc-arm-none-eabi-6-2017-q2-update/bin/../lib/gcc/arm-none-eabi/6.3.1/thumb/v7e-m/fpv4-sp/hard/crtbegin.o
LOAD /usr/local/gcc-arm-none-eabi-6-2017-q2-update/bin/../lib/gcc/arm-none-eabi/6.3.1/../../../../arm-none-eabi/lib/thumb/v7e-m/fpv4-sp/hard/crt0.o
LOAD _build/nrf52840_xxaa_s140/gcc_startup_nrf52840.S.o
LOAD _build/nrf52840_xxaa_s140/nrf_log_backend_rtt.c.o
LOAD _build/nrf52840_xxaa_s140/nrf_log_backend_serial.c.o
LOAD _build/nrf52840_xxaa_s140/nrf_log_backend_uart.c.o
LOAD _build/nrf52840_xxaa_s140/nrf_log_default_backends.c.o
LOAD _build/nrf52840_xxaa_s140/nrf_log_frontend.c.o
LOAD _build/nrf52840_xxaa_s140/nrf_log_str_formatter.c.o
LOAD _build/nrf52840_xxaa_s140/boards.c.o
LOAD _build/nrf52840_xxaa_s140/app_error.c.o
LOAD _build/nrf52840_xxaa_s140/app_error_handler_gcc.c.o
LOAD _build/nrf52840_xxaa_s140/app_error_weak.c.o
LOAD _build/nrf52840_xxaa_s140/app_util_platform.c.o
LOAD _build/nrf52840_xxaa_s140/nrf_assert.c.o
LOAD _build/nrf52840_xxaa_s140/nrf_atomic.c.o
LOAD _build/nrf52840_xxaa_s140/nrf_balloc.c.o
LOAD _build/nrf52840_xxaa_s140/nrf_fprintf.c.o
LOAD _build/nrf52840_xxaa_s140/nrf_fprintf_format.c.o
LOAD _build/nrf52840_xxaa_s140/nrf_memobj.c.o
LOAD _build/nrf52840_xxaa_s140/nrf_section_iter.c.o
LOAD _build/nrf52840_xxaa_s140/nrf_strerror.c.o
LOAD _build/nrf52840_xxaa_s140/nrf_drv_uart.c.o
LOAD _build/nrf52840_xxaa_s140/nrfx_prs.c.o
LOAD _build/nrf52840_xxaa_s140/nrfx_uart.c.o
LOAD _build/nrf52840_xxaa_s140/nrfx_uarte.c.o
LOAD _build/nrf52840_xxaa_s140/main.c.o
LOAD _build/nrf52840_xxaa_s140/SEGGER_RTT.c.o
LOAD _build/nrf52840_xxaa_s140/SEGGER_RTT_Syscalls_GCC.c.o
LOAD _build/nrf52840_xxaa_s140/SEGGER_RTT_printf.c.o
LOAD _build/nrf52840_xxaa_s140/system_nrf52840.c.o
LOAD _build/nrf52840_xxaa_s140/nrf_sdh.c.o
LOAD _build/nrf52840_xxaa_s140/nrf_sdh_soc.c.o
LOAD ../../../../../../components/toolchain/cmsis/dsp/GCC/libarm_cortexM4lf_math.a
LOAD /usr/local/gcc-arm-none-eabi-6-2017-q2-update/bin/../lib/gcc/arm-none-eabi/6.3.1/../../../../arm-none-eabi/lib/thumb/v7e-m/fpv4-sp/hard/libc_nano.a
LOAD /usr/local/gcc-arm-none-eabi-6-2017-q2-update/bin/../lib/gcc/arm-none-eabi/6.3.1/../../../../arm-none-eabi/lib/thumb/v7e-m/fpv4-sp/hard/libnosys.a
LOAD /usr/local/gcc-arm-none-eabi-6-2017-q2-update/bin/../lib/gcc/arm-none-eabi/6.3.1/../../../../arm-none-eabi/lib/thumb/v7e-m/fpv4-sp/hard/libm.a
START GROUP
LOAD /usr/local/gcc-arm-none-eabi-6-2017-q2-update/bin/../lib/gcc/arm-none-eabi/6.3.1/thumb/v7e-m/fpv4-sp/hard/libgcc.a
LOAD /usr/local/gcc-arm-none-eabi-6-2017-q2-update/bin/../lib/gcc/arm-none-eabi/6.3.1/../../../../arm-none-eabi/lib/thumb/v7e-m/fpv4-sp/hard/libg_nano.a
LOAD /usr/local/gcc-arm-none-eabi-6-2017-q2-update/bin/../lib/gcc/arm-none-eabi/6.3.1/../../../../arm-none-eabi/lib/thumb/v7e-m/fpv4-sp/hard/libc_nano.a
END GROUP
START GROUP
LOAD /usr/local/gcc-arm-none-eabi-6-2017-q2-update/bin/../lib/gcc/arm-none-eabi/6.3.1/thumb/v7e-m/fpv4-sp/hard/libgcc.a
LOAD /usr/local/gcc-arm-none-eabi-6-2017-q2-update/bin/../lib/gcc/arm-none-eabi/6.3.1/../../../../arm-none-eabi/lib/thumb/v7e-m/fpv4-sp/hard/libc_nano.a
END GROUP
LOAD /usr/local/gcc-arm-none-eabi-6-2017-q2-update/bin/../lib/gcc/arm-none-eabi/6.3.1/thumb/v7e-m/fpv4-sp/hard/crtend.o
LOAD /usr/local/gcc-arm-none-eabi-6-2017-q2-update/bin/../lib/gcc/arm-none-eabi/6.3.1/thumb/v7e-m/fpv4-sp/hard/crtn.o
START GROUP
LOAD /usr/local/gcc-arm-none-eabi-6-2017-q2-update/bin/../lib/gcc/arm-none-eabi/6.3.1/thumb/v7e-m/fpv4-sp/hard/libgcc.a
LOAD /usr/local/gcc-arm-none-eabi-6-2017-q2-update/bin/../lib/gcc/arm-none-eabi/6.3.1/../../../../arm-none-eabi/lib/thumb/v7e-m/fpv4-sp/hard/libc.a
LOAD /usr/local/gcc-arm-none-eabi-6-2017-q2-update/bin/../lib/gcc/arm-none-eabi/6.3.1/../../../../arm-none-eabi/lib/thumb/v7e-m/fpv4-sp/hard/libnosys.a
END GROUP

.igot.plt       0x00000000200059bc        0x0 load address 0x000000000002c778
 .igot.plt      0x00000000200059bc        0x0 /usr/local/gcc-arm-none-eabi-6-2017-q2-update/bin/../lib/gcc/arm-none-eabi/6.3.1/thumb/v7e-m/fpv4-sp/hard/crtbegin.o
                0x00000000200059bc                . = ALIGN (0x4)

.mem_section_dummy_ram

.log_dynamic_data
                0x00000000200059bc       0x1c load address 0x000000000002c778
                0x00000000200059bc                PROVIDE (__start_log_dynamic_data, .)
 *(SORT(.log_dynamic_data*))
 .log_dynamic_data_PRS
                0x00000000200059bc        0x4 _build/nrf52840_xxaa_s140/nrfx_prs.c.o
                0x00000000200059bc                m_nrf_log_PRS_logs_data_dynamic
 .log_dynamic_data_UART
                0x00000000200059c0        0x4 _build/nrf52840_xxaa_s140/nrfx_uart.c.o
                0x00000000200059c0                m_nrf_log_UART_logs_data_dynamic
 .log_dynamic_data_UARTE
                0x00000000200059c4        0x4 _build/nrf52840_xxaa_s140/nrfx_uarte.c.o
                0x00000000200059c4                m_nrf_log_UARTE_logs_data_dynamic
 .log_dynamic_data_app
                0x00000000200059c8        0x4 _build/nrf52840_xxaa_s140/nrf_log_frontend.c.o
                0x00000000200059c8                m_nrf_log_app_logs_data_dynamic
 .log_dynamic_data_balloc_log_mempool
                0x00000000200059cc        0x4 _build/nrf52840_xxaa_s140/nrf_log_frontend.c.o
                0x00000000200059cc                m_nrf_log_balloc_log_mempool_logs_data_dynamic
 .log_dynamic_data_nrf_sdh
                0x00000000200059d0        0x4 _build/nrf52840_xxaa_s140/nrf_sdh.c.o
                0x00000000200059d0                m_nrf_log_nrf_sdh_logs_data_dynamic
 .log_dynamic_data_nrf_sdh_soc
                0x00000000200059d4        0x4 _build/nrf52840_xxaa_s140/nrf_sdh_soc.c.o
                0x00000000200059d4                m_nrf_log_nrf_sdh_soc_logs_data_dynamic
                [!provide]                        PROVIDE (__stop_log_dynamic_data, .)

.bss            0x00000000200059d8      0x8e0 load address 0x000000000002c794
                0x00000000200059d8                . = ALIGN (0x4)
                0x00000000200059d8                __bss_start__ = .
 *(.bss*)
 .bss           0x00000000200059d8       0x1c /usr/local/gcc-arm-none-eabi-6-2017-q2-update/bin/../lib/gcc/arm-none-eabi/6.3.1/thumb/v7e-m/fpv4-sp/hard/crtbegin.o
 .bss.m_async_mode
                0x00000000200059f4        0x1 _build/nrf52840_xxaa_s140/nrf_log_backend_uart.c.o
 *fill*         0x00000000200059f5        0x3 
 .bss.m_string_buff
                0x00000000200059f8       0x40 _build/nrf52840_xxaa_s140/nrf_log_backend_uart.c.o
 .bss.m_xfer_done
                0x0000000020005a38        0x1 _build/nrf52840_xxaa_s140/nrf_log_backend_uart.c.o
 *fill*         0x0000000020005a39        0x3 
 .bss.log_mempool_nrf_balloc_cb
                0x0000000020005a3c        0x8 _build/nrf52840_xxaa_s140/nrf_log_frontend.c.o
 .bss.log_mempool_nrf_balloc_pool_mem
                0x0000000020005a44       0xc0 _build/nrf52840_xxaa_s140/nrf_log_frontend.c.o
 .bss.log_mempool_nrf_balloc_pool_stack
                0x0000000020005b04        0x8 _build/nrf52840_xxaa_s140/nrf_log_frontend.c.o
 .bss.m_log_data
                0x0000000020005b0c      0x424 _build/nrf52840_xxaa_s140/nrf_log_frontend.c.o
 .bss.m_contexts
                0x0000000020005f30        0x8 _build/nrf52840_xxaa_s140/nrf_drv_uart.c.o
 .bss.m_handlers
                0x0000000020005f38        0x8 _build/nrf52840_xxaa_s140/nrf_drv_uart.c.o
 .bss.m_prs_box_4
                0x0000000020005f40        0x8 _build/nrf52840_xxaa_s140/nrfx_prs.c.o
 .bss.m_cb      0x0000000020005f48       0x2c _build/nrf52840_xxaa_s140/nrfx_uart.c.o
 .bss.m_cb      0x0000000020005f74       0x24 _build/nrf52840_xxaa_s140/nrfx_uarte.c.o
 .bss.m_fft_input_f32
                0x0000000020005f98      0x200 _build/nrf52840_xxaa_s140/main.c.o
 .bss.m_fft_output_f32
                0x0000000020006198      0x100 _build/nrf52840_xxaa_s140/main.c.o
 .bss.__malloc_free_list
                0x0000000020006298        0x4 /usr/local/gcc-arm-none-eabi-6-2017-q2-update/bin/../lib/gcc/arm-none-eabi/6.3.1/../../../../arm-none-eabi/lib/thumb/v7e-m/fpv4-sp/hard/libc_nano.a(lib_a-nano-mallocr.o)
                0x0000000020006298                __malloc_free_list
 .bss.__malloc_sbrk_start
                0x000000002000629c        0x4 /usr/local/gcc-arm-none-eabi-6-2017-q2-update/bin/../lib/gcc/arm-none-eabi/6.3.1/../../../../arm-none-eabi/lib/thumb/v7e-m/fpv4-sp/hard/libc_nano.a(lib_a-nano-mallocr.o)
                0x000000002000629c                __malloc_sbrk_start
 .bss.heap_end.5239
                0x00000000200062a0        0x4 /usr/local/gcc-arm-none-eabi-6-2017-q2-update/bin/../lib/gcc/arm-none-eabi/6.3.1/../../../../arm-none-eabi/lib/thumb/v7e-m/fpv4-sp/hard/libnosys.a(sbrk.o)
 *(COMMON)
 COMMON         0x00000000200062a4        0xc _build/nrf52840_xxaa_s140/app_util_platform.c.o
                0x00000000200062a4                nrf_nvic_state
 COMMON         0x00000000200062b0        0x2 _build/nrf52840_xxaa_s140/nrf_drv_uart.c.o
                0x00000000200062b0                nrf_drv_uart_use_easy_dma
 *fill*         0x00000000200062b2        0x2 
 COMMON         0x00000000200062b4        0x4 /usr/local/gcc-arm-none-eabi-6-2017-q2-update/bin/../lib/gcc/arm-none-eabi/6.3.1/../../../../arm-none-eabi/lib/thumb/v7e-m/fpv4-sp/hard/libc_nano.a(lib_a-reent.o)
                0x00000000200062b4                errno
                0x00000000200062b8                . = ALIGN (0x4)
                0x00000000200062b8                __bss_end__ = .

.heap           0x00000000200062b8     0x2000
                0x00000000200062b8                __HeapBase = .
                0x00000000200062b8                __end__ = .
                0x00000000200062b8                PROVIDE (end, .)
 *(.heap*)
 .heap          0x00000000200062b8     0x2000 _build/nrf52840_xxaa_s140/gcc_startup_nrf52840.S.o
                0x00000000200082b8                __HeapLimit = .

.stack_dummy    0x00000000200062b8     0x2000
 *(.stack*)
 .stack         0x00000000200062b8     0x2000 _build/nrf52840_xxaa_s140/gcc_startup_nrf52840.S.o
                0x0000000020040000                __StackTop = (ORIGIN (RAM) + LENGTH (RAM))
                0x000000002003e000                __StackLimit = (__StackTop - SIZEOF (.stack_dummy))
                0x0000000020040000                PROVIDE (__stack, __StackTop)
                0x0000000000000001                ASSERT ((__StackLimit >= __HeapLimit), region RAM overflowed with stack)
                0x0000000000000220                DataInitFlashUsed = (__bss_start__ - __data_start__)
                0x0000000000006574                CodeFlashUsed = (__etext - ORIGIN (FLASH))
                0x0000000000006794                TotalFlashUsed = (CodeFlashUsed + DataInitFlashUsed)
                0x0000000000000001                ASSERT ((TotalFlashUsed <= LENGTH (FLASH)), region FLASH overflowed with .data and user data)
OUTPUT(_build/nrf52840_xxaa_s140.out elf32-littlearm)

.ARM.attributes
                0x0000000000000000       0x30
 .ARM.attributes
                0x0000000000000000       0x22 /usr/local/gcc-arm-none-eabi-6-2017-q2-update/bin/../lib/gcc/arm-none-eabi/6.3.1/thumb/v7e-m/fpv4-sp/hard/crti.o
 .ARM.attributes
                0x0000000000000022       0x34 /usr/local/gcc-arm-none-eabi-6-2017-q2-update/bin/../lib/gcc/arm-none-eabi/6.3.1/thumb/v7e-m/fpv4-sp/hard/crtbegin.o
 .ARM.attributes
                0x0000000000000056       0x20 /usr/local/gcc-arm-none-eabi-6-2017-q2-update/bin/../lib/gcc/arm-none-eabi/6.3.1/../../../../arm-none-eabi/lib/thumb/v7e-m/fpv4-sp/hard/crt0.o
 .ARM.attributes
                0x0000000000000076       0x20 _build/nrf52840_xxaa_s140/gcc_startup_nrf52840.S.o
 .ARM.attributes
                0x0000000000000096       0x39 _build/nrf52840_xxaa_s140/nrf_log_backend_serial.c.o
 .ARM.attributes
                0x00000000000000cf       0x39 _build/nrf52840_xxaa_s140/nrf_log_backend_uart.c.o
 .ARM.attributes
                0x0000000000000108       0x39 _build/nrf52840_xxaa_s140/nrf_log_default_backends.c.o
 .ARM.attributes
                0x0000000000000141       0x39 _build/nrf52840_xxaa_s140/nrf_log_frontend.c.o
 .ARM.attributes
                0x000000000000017a       0x39 _build/nrf52840_xxaa_s140/nrf_log_str_formatter.c.o
 .ARM.attributes
                0x00000000000001b3       0x39 _build/nrf52840_xxaa_s140/app_error.c.o
 .ARM.attributes
                0x00000000000001ec       0x39 _build/nrf52840_xxaa_s140/app_error_weak.c.o
 .ARM.attributes
                0x0000000000000225       0x39 _build/nrf52840_xxaa_s140/app_util_platform.c.o
 .ARM.attributes
                0x000000000000025e       0x39 _build/nrf52840_xxaa_s140/nrf_atomic.c.o
 .ARM.attributes
                0x0000000000000297       0x39 _build/nrf52840_xxaa_s140/nrf_balloc.c.o
 .ARM.attributes
                0x00000000000002d0       0x39 _build/nrf52840_xxaa_s140/nrf_fprintf.c.o
 .ARM.attributes
                0x0000000000000309       0x39 _build/nrf52840_xxaa_s140/nrf_fprintf_format.c.o
 .ARM.attributes
                0x0000000000000342       0x39 _build/nrf52840_xxaa_s140/nrf_memobj.c.o
 .ARM.attributes
                0x000000000000037b       0x39 _build/nrf52840_xxaa_s140/nrf_section_iter.c.o
 .ARM.attributes
                0x00000000000003b4       0x39 _build/nrf52840_xxaa_s140/nrf_drv_uart.c.o
 .ARM.attributes
                0x00000000000003ed       0x39 _build/nrf52840_xxaa_s140/nrfx_prs.c.o
 .ARM.attributes
                0x0000000000000426       0x39 _build/nrf52840_xxaa_s140/nrfx_uart.c.o
 .ARM.attributes
                0x000000000000045f       0x39 _build/nrf52840_xxaa_s140/nrfx_uarte.c.o
 .ARM.attributes
                0x0000000000000498       0x39 _build/nrf52840_xxaa_s140/main.c.o
 .ARM.attributes
                0x00000000000004d1       0x39 _build/nrf52840_xxaa_s140/system_nrf52840.c.o
 .ARM.attributes
                0x000000000000050a       0x39 _build/nrf52840_xxaa_s140/nrf_sdh.c.o
 .ARM.attributes
                0x0000000000000543       0x39 _build/nrf52840_xxaa_s140/nrf_sdh_soc.c.o
 .ARM.attributes
                0x000000000000057c       0x39 ../../../../../../components/toolchain/cmsis/dsp/GCC/libarm_cortexM4lf_math.a(arm_const_structs.o)
 .ARM.attributes
                0x00000000000005b5       0x39 ../../../../../../components/toolchain/cmsis/dsp/GCC/libarm_cortexM4lf_math.a(arm_common_tables.o)
 .ARM.attributes
                0x00000000000005ee       0x39 ../../../../../../components/toolchain/cmsis/dsp/GCC/libarm_cortexM4lf_math.a(arm_max_f32.o)
 .ARM.attributes
                0x0000000000000627       0x39 ../../../../../../components/toolchain/cmsis/dsp/GCC/libarm_cortexM4lf_math.a(arm_cfft_f32.o)
 .ARM.attributes
                0x0000000000000660       0x39 ../../../../../../components/toolchain/cmsis/dsp/GCC/libarm_cortexM4lf_math.a(arm_cmplx_mag_f32.o)
 .ARM.attributes
                0x0000000000000699       0x25 ../../../../../../components/toolchain/cmsis/dsp/GCC/libarm_cortexM4lf_math.a(arm_bitreversal2.o)
 .ARM.attributes
                0x00000000000006be       0x39 ../../../../../../components/toolchain/cmsis/dsp/GCC/libarm_cortexM4lf_math.a(arm_cfft_radix8_f32.o)
 .ARM.attributes
                0x00000000000006f7       0x34 /usr/local/gcc-arm-none-eabi-6-2017-q2-update/bin/../lib/gcc/arm-none-eabi/6.3.1/../../../../arm-none-eabi/lib/thumb/v7e-m/fpv4-sp/hard/libc_nano.a(lib_a-exit.o)
 .ARM.attributes
                0x000000000000072b       0x34 /usr/local/gcc-arm-none-eabi-6-2017-q2-update/bin/../lib/gcc/arm-none-eabi/6.3.1/../../../../arm-none-eabi/lib/thumb/v7e-m/fpv4-sp/hard/libc_nano.a(lib_a-impure.o)
 .ARM.attributes
                0x000000000000075f       0x34 /usr/local/gcc-arm-none-eabi-6-2017-q2-update/bin/../lib/gcc/arm-none-eabi/6.3.1/../../../../arm-none-eabi/lib/thumb/v7e-m/fpv4-sp/hard/libc_nano.a(lib_a-init.o)
 .ARM.attributes
                0x0000000000000793       0x34 /usr/local/gcc-arm-none-eabi-6-2017-q2-update/bin/../lib/gcc/arm-none-eabi/6.3.1/../../../../arm-none-eabi/lib/thumb/v7e-m/fpv4-sp/hard/libc_nano.a(lib_a-locale.o)
 .ARM.attributes
                0x00000000000007c7       0x34 /usr/local/gcc-arm-none-eabi-6-2017-q2-update/bin/../lib/gcc/arm-none-eabi/6.3.1/../../../../arm-none-eabi/lib/thumb/v7e-m/fpv4-sp/hard/libc_nano.a(lib_a-mbtowc_r.o)
 .ARM.attributes
                0x00000000000007fb       0x34 /usr/local/gcc-arm-none-eabi-6-2017-q2-update/bin/../lib/gcc/arm-none-eabi/6.3.1/../../../../arm-none-eabi/lib/thumb/v7e-m/fpv4-sp/hard/libc_nano.a(lib_a-memcpy-stub.o)
 .ARM.attributes
                0x000000000000082f       0x34 /usr/local/gcc-arm-none-eabi-6-2017-q2-update/bin/../lib/gcc/arm-none-eabi/6.3.1/../../../../arm-none-eabi/lib/thumb/v7e-m/fpv4-sp/hard/libc_nano.a(lib_a-memset.o)
 .ARM.attributes
                0x0000000000000863       0x34 /usr/local/gcc-arm-none-eabi-6-2017-q2-update/bin/../lib/gcc/arm-none-eabi/6.3.1/../../../../arm-none-eabi/lib/thumb/v7e-m/fpv4-sp/hard/libc_nano.a(lib_a-rand.o)
 .ARM.attributes
                0x0000000000000897       0x1b /usr/local/gcc-arm-none-eabi-6-2017-q2-update/bin/../lib/gcc/arm-none-eabi/6.3.1/../../../../arm-none-eabi/lib/thumb/v7e-m/fpv4-sp/hard/libc_nano.a(lib_a-strlen.o)
 .ARM.attributes
                0x00000000000008b2       0x34 /usr/local/gcc-arm-none-eabi-6-2017-q2-update/bin/../lib/gcc/arm-none-eabi/6.3.1/../../../../arm-none-eabi/lib/thumb/v7e-m/fpv4-sp/hard/libc_nano.a(lib_a-wctomb_r.o)
 .ARM.attributes
                0x00000000000008e6       0x34 /usr/local/gcc-arm-none-eabi-6-2017-q2-update/bin/../lib/gcc/arm-none-eabi/6.3.1/../../../../arm-none-eabi/lib/thumb/v7e-m/fpv4-sp/hard/libc_nano.a(lib_a-ctype_.o)
 .ARM.attributes
                0x000000000000091a       0x34 /usr/local/gcc-arm-none-eabi-6-2017-q2-update/bin/../lib/gcc/arm-none-eabi/6.3.1/../../../../arm-none-eabi/lib/thumb/v7e-m/fpv4-sp/hard/libc_nano.a(lib_a-malloc.o)
 .ARM.attributes
                0x000000000000094e       0x34 /usr/local/gcc-arm-none-eabi-6-2017-q2-update/bin/../lib/gcc/arm-none-eabi/6.3.1/../../../../arm-none-eabi/lib/thumb/v7e-m/fpv4-sp/hard/libc_nano.a(lib_a-nano-mallocr.o)
 .ARM.attributes
                0x0000000000000982       0x34 /usr/local/gcc-arm-none-eabi-6-2017-q2-update/bin/../lib/gcc/arm-none-eabi/6.3.1/../../../../arm-none-eabi/lib/thumb/v7e-m/fpv4-sp/hard/libc_nano.a(lib_a-sbrkr.o)
 .ARM.attributes
                0x00000000000009b6       0x34 /usr/local/gcc-arm-none-eabi-6-2017-q2-update/bin/../lib/gcc/arm-none-eabi/6.3.1/../../../../arm-none-eabi/lib/thumb/v7e-m/fpv4-sp/hard/libc_nano.a(lib_a-mlock.o)
 .ARM.attributes
                0x00000000000009ea       0x34 /usr/local/gcc-arm-none-eabi-6-2017-q2-update/bin/../lib/gcc/arm-none-eabi/6.3.1/../../../../arm-none-eabi/lib/thumb/v7e-m/fpv4-sp/hard/libc_nano.a(lib_a-reent.o)
 .ARM.attributes
                0x0000000000000a1e       0x34 /usr/local/gcc-arm-none-eabi-6-2017-q2-update/bin/../lib/gcc/arm-none-eabi/6.3.1/../../../../arm-none-eabi/lib/thumb/v7e-m/fpv4-sp/hard/libnosys.a(sbrk.o)
 .ARM.attributes
                0x0000000000000a52       0x34 /usr/local/gcc-arm-none-eabi-6-2017-q2-update/bin/../lib/gcc/arm-none-eabi/6.3.1/../../../../arm-none-eabi/lib/thumb/v7e-m/fpv4-sp/hard/libnosys.a(_exit.o)
 .ARM.attributes
                0x0000000000000a86       0x34 /usr/local/gcc-arm-none-eabi-6-2017-q2-update/bin/../lib/gcc/arm-none-eabi/6.3.1/../../../../arm-none-eabi/lib/thumb/v7e-m/fpv4-sp/hard/libm.a(lib_a-s_sin.o)
 .ARM.attributes
                0x0000000000000aba       0x34 /usr/local/gcc-arm-none-eabi-6-2017-q2-update/bin/../lib/gcc/arm-none-eabi/6.3.1/../../../../arm-none-eabi/lib/thumb/v7e-m/fpv4-sp/hard/libm.a(lib_a-wf_sqrt.o)
 .ARM.attributes
                0x0000000000000aee       0x34 /usr/local/gcc-arm-none-eabi-6-2017-q2-update/bin/../lib/gcc/arm-none-eabi/6.3.1/../../../../arm-none-eabi/lib/thumb/v7e-m/fpv4-sp/hard/libm.a(lib_a-e_rem_pio2.o)
 .ARM.attributes
                0x0000000000000b22       0x34 /usr/local/gcc-arm-none-eabi-6-2017-q2-update/bin/../lib/gcc/arm-none-eabi/6.3.1/../../../../arm-none-eabi/lib/thumb/v7e-m/fpv4-sp/hard/libm.a(lib_a-ef_sqrt.o)
 .ARM.attributes
                0x0000000000000b56       0x34 /usr/local/gcc-arm-none-eabi-6-2017-q2-update/bin/../lib/gcc/arm-none-eabi/6.3.1/../../../../arm-none-eabi/lib/thumb/v7e-m/fpv4-sp/hard/libm.a(lib_a-k_cos.o)
 .ARM.attributes
                0x0000000000000b8a       0x34 /usr/local/gcc-arm-none-eabi-6-2017-q2-update/bin/../lib/gcc/arm-none-eabi/6.3.1/../../../../arm-none-eabi/lib/thumb/v7e-m/fpv4-sp/hard/libm.a(lib_a-k_rem_pio2.o)
 .ARM.attributes
                0x0000000000000bbe       0x34 /usr/local/gcc-arm-none-eabi-6-2017-q2-update/bin/../lib/gcc/arm-none-eabi/6.3.1/../../../../arm-none-eabi/lib/thumb/v7e-m/fpv4-sp/hard/libm.a(lib_a-k_sin.o)
 .ARM.attributes
                0x0000000000000bf2       0x34 /usr/local/gcc-arm-none-eabi-6-2017-q2-update/bin/../lib/gcc/arm-none-eabi/6.3.1/../../../../arm-none-eabi/lib/thumb/v7e-m/fpv4-sp/hard/libm.a(lib_a-s_fabs.o)
 .ARM.attributes
                0x0000000000000c26       0x34 /usr/local/gcc-arm-none-eabi-6-2017-q2-update/bin/../lib/gcc/arm-none-eabi/6.3.1/../../../../arm-none-eabi/lib/thumb/v7e-m/fpv4-sp/hard/libm.a(lib_a-s_floor.o)
 .ARM.attributes
                0x0000000000000c5a       0x34 /usr/local/gcc-arm-none-eabi-6-2017-q2-update/bin/../lib/gcc/arm-none-eabi/6.3.1/../../../../arm-none-eabi/lib/thumb/v7e-m/fpv4-sp/hard/libm.a(lib_a-s_lib_ver.o)
 .ARM.attributes
                0x0000000000000c8e       0x34 /usr/local/gcc-arm-none-eabi-6-2017-q2-update/bin/../lib/gcc/arm-none-eabi/6.3.1/../../../../arm-none-eabi/lib/thumb/v7e-m/fpv4-sp/hard/libm.a(lib_a-s_matherr.o)
 .ARM.attributes
                0x0000000000000cc2       0x34 /usr/local/gcc-arm-none-eabi-6-2017-q2-update/bin/../lib/gcc/arm-none-eabi/6.3.1/../../../../arm-none-eabi/lib/thumb/v7e-m/fpv4-sp/hard/libm.a(lib_a-s_scalbn.o)
 .ARM.attributes
                0x0000000000000cf6       0x34 /usr/local/gcc-arm-none-eabi-6-2017-q2-update/bin/../lib/gcc/arm-none-eabi/6.3.1/../../../../arm-none-eabi/lib/thumb/v7e-m/fpv4-sp/hard/libm.a(lib_a-s_copysign.o)
 .ARM.attributes
                0x0000000000000d2a       0x22 /usr/local/gcc-arm-none-eabi-6-2017-q2-update/bin/../lib/gcc/arm-none-eabi/6.3.1/thumb/v7e-m/fpv4-sp/hard/libgcc.a(_arm_addsubdf3.o)
 .ARM.attributes
                0x0000000000000d4c       0x22 /usr/local/gcc-arm-none-eabi-6-2017-q2-update/bin/../lib/gcc/arm-none-eabi/6.3.1/thumb/v7e-m/fpv4-sp/hard/libgcc.a(_arm_muldivdf3.o)
 .ARM.attributes
                0x0000000000000d6e       0x22 /usr/local/gcc-arm-none-eabi-6-2017-q2-update/bin/../lib/gcc/arm-none-eabi/6.3.1/thumb/v7e-m/fpv4-sp/hard/libgcc.a(_arm_cmpdf2.o)
 .ARM.attributes
                0x0000000000000d90       0x22 /usr/local/gcc-arm-none-eabi-6-2017-q2-update/bin/../lib/gcc/arm-none-eabi/6.3.1/thumb/v7e-m/fpv4-sp/hard/libgcc.a(_arm_fixdfsi.o)
 .ARM.attributes
                0x0000000000000db2       0x22 /usr/local/gcc-arm-none-eabi-6-2017-q2-update/bin/../lib/gcc/arm-none-eabi/6.3.1/thumb/v7e-m/fpv4-sp/hard/libgcc.a(_arm_truncdfsf2.o)
 .ARM.attributes
                0x0000000000000dd4       0x34 /usr/local/gcc-arm-none-eabi-6-2017-q2-update/bin/../lib/gcc/arm-none-eabi/6.3.1/../../../../arm-none-eabi/lib/thumb/v7e-m/fpv4-sp/hard/libg_nano.a(lib_a-errno.o)
 .ARM.attributes
                0x0000000000000e08       0x34 /usr/local/gcc-arm-none-eabi-6-2017-q2-update/bin/../lib/gcc/arm-none-eabi/6.3.1/thumb/v7e-m/fpv4-sp/hard/crtend.o
 .ARM.attributes
                0x0000000000000e3c       0x22 /usr/local/gcc-arm-none-eabi-6-2017-q2-update/bin/../lib/gcc/arm-none-eabi/6.3.1/thumb/v7e-m/fpv4-sp/hard/crtn.o

.comment        0x0000000000000000       0xef
 .comment       0x0000000000000000       0x7f _build/nrf52840_xxaa_s140/nrf_log_backend_serial.c.o
                                         0x80 (size before relaxing)
 .comment       0x000000000000007f       0x80 _build/nrf52840_xxaa_s140/nrf_log_backend_uart.c.o
 .comment       0x000000000000007f       0x80 _build/nrf52840_xxaa_s140/nrf_log_default_backends.c.o
 .comment       0x000000000000007f       0x80 _build/nrf52840_xxaa_s140/nrf_log_frontend.c.o
 .comment       0x000000000000007f       0x80 _build/nrf52840_xxaa_s140/nrf_log_str_formatter.c.o
 .comment       0x000000000000007f       0x80 _build/nrf52840_xxaa_s140/app_error.c.o
 .comment       0x000000000000007f       0x80 _build/nrf52840_xxaa_s140/app_error_weak.c.o
 .comment       0x000000000000007f       0x80 _build/nrf52840_xxaa_s140/app_util_platform.c.o
 .comment       0x000000000000007f       0x80 _build/nrf52840_xxaa_s140/nrf_atomic.c.o
 .comment       0x000000000000007f       0x80 _build/nrf52840_xxaa_s140/nrf_balloc.c.o
 .comment       0x000000000000007f       0x80 _build/nrf52840_xxaa_s140/nrf_fprintf.c.o
 .comment       0x000000000000007f       0x80 _build/nrf52840_xxaa_s140/nrf_fprintf_format.c.o
 .comment       0x000000000000007f       0x80 _build/nrf52840_xxaa_s140/nrf_memobj.c.o
 .comment       0x000000000000007f       0x80 _build/nrf52840_xxaa_s140/nrf_section_iter.c.o
 .comment       0x000000000000007f       0x80 _build/nrf52840_xxaa_s140/nrf_drv_uart.c.o
 .comment       0x000000000000007f       0x80 _build/nrf52840_xxaa_s140/nrfx_prs.c.o
 .comment       0x000000000000007f       0x80 _build/nrf52840_xxaa_s140/nrfx_uart.c.o
 .comment       0x000000000000007f       0x80 _build/nrf52840_xxaa_s140/nrfx_uarte.c.o
 .comment       0x000000000000007f       0x80 _build/nrf52840_xxaa_s140/main.c.o
 .comment       0x000000000000007f       0x80 _build/nrf52840_xxaa_s140/system_nrf52840.c.o
 .comment       0x000000000000007f       0x80 _build/nrf52840_xxaa_s140/nrf_sdh.c.o
 .comment       0x000000000000007f       0x80 _build/nrf52840_xxaa_s140/nrf_sdh_soc.c.o
 .comment       0x000000000000007f       0x70 ../../../../../../components/toolchain/cmsis/dsp/GCC/libarm_cortexM4lf_math.a(arm_const_structs.o)
                                         0x71 (size before relaxing)
 .comment       0x00000000000000ef       0x71 ../../../../../../components/toolchain/cmsis/dsp/GCC/libarm_cortexM4lf_math.a(arm_common_tables.o)
 .comment       0x00000000000000ef       0x71 ../../../../../../components/toolchain/cmsis/dsp/GCC/libarm_cortexM4lf_math.a(arm_max_f32.o)
 .comment       0x00000000000000ef       0x71 ../../../../../../components/toolchain/cmsis/dsp/GCC/libarm_cortexM4lf_math.a(arm_cfft_f32.o)
 .comment       0x00000000000000ef       0x71 ../../../../../../components/toolchain/cmsis/dsp/GCC/libarm_cortexM4lf_math.a(arm_cmplx_mag_f32.o)
 .comment       0x00000000000000ef       0x71 ../../../../../../components/toolchain/cmsis/dsp/GCC/libarm_cortexM4lf_math.a(arm_cfft_radix8_f32.o)

.debug_line     0x0000000000000000     0xd003
 .debug_line    0x0000000000000000       0x89 _build/nrf52840_xxaa_s140/gcc_startup_nrf52840.S.o
 .debug_line    0x0000000000000089      0x81f _build/nrf52840_xxaa_s140/nrf_log_backend_serial.c.o
 .debug_line    0x00000000000008a8      0xa96 _build/nrf52840_xxaa_s140/nrf_log_backend_uart.c.o
 .debug_line    0x000000000000133e      0x796 _build/nrf52840_xxaa_s140/nrf_log_default_backends.c.o
 .debug_line    0x0000000000001ad4      0xf2e _build/nrf52840_xxaa_s140/nrf_log_frontend.c.o
 .debug_line    0x0000000000002a02      0x873 _build/nrf52840_xxaa_s140/nrf_log_str_formatter.c.o
 .debug_line    0x0000000000003275      0x4ca _build/nrf52840_xxaa_s140/app_error.c.o
 .debug_line    0x000000000000373f      0x811 _build/nrf52840_xxaa_s140/app_error_weak.c.o
 .debug_line    0x0000000000003f50      0x5d7 _build/nrf52840_xxaa_s140/app_util_platform.c.o
 .debug_line    0x0000000000004527      0x67b _build/nrf52840_xxaa_s140/nrf_atomic.c.o
 .debug_line    0x0000000000004ba2      0x75d _build/nrf52840_xxaa_s140/nrf_balloc.c.o
 .debug_line    0x00000000000052ff      0x513 _build/nrf52840_xxaa_s140/nrf_fprintf.c.o
 .debug_line    0x0000000000005812      0x728 _build/nrf52840_xxaa_s140/nrf_fprintf_format.c.o
 .debug_line    0x0000000000005f3a      0x825 _build/nrf52840_xxaa_s140/nrf_memobj.c.o
 .debug_line    0x000000000000675f      0x51a _build/nrf52840_xxaa_s140/nrf_section_iter.c.o
 .debug_line    0x0000000000006c79      0x7bd _build/nrf52840_xxaa_s140/nrf_drv_uart.c.o
 .debug_line    0x0000000000007436      0x8d9 _build/nrf52840_xxaa_s140/nrfx_prs.c.o
 .debug_line    0x0000000000007d0f      0xffe _build/nrf52840_xxaa_s140/nrfx_uart.c.o
 .debug_line    0x0000000000008d0d      0xf20 _build/nrf52840_xxaa_s140/nrfx_uarte.c.o
 .debug_line    0x0000000000009c2d      0xb50 _build/nrf52840_xxaa_s140/main.c.o
 .debug_line    0x000000000000a77d      0x3d0 _build/nrf52840_xxaa_s140/system_nrf52840.c.o
 .debug_line    0x000000000000ab4d      0x920 _build/nrf52840_xxaa_s140/nrf_sdh.c.o
 .debug_line    0x000000000000b46d      0x717 _build/nrf52840_xxaa_s140/nrf_sdh_soc.c.o
 .debug_line    0x000000000000bb84      0x145 ../../../../../../components/toolchain/cmsis/dsp/GCC/libarm_cortexM4lf_math.a(arm_const_structs.o)
 .debug_line    0x000000000000bcc9      0x12e ../../../../../../components/toolchain/cmsis/dsp/GCC/libarm_cortexM4lf_math.a(arm_common_tables.o)
 .debug_line    0x000000000000bdf7      0x16d ../../../../../../components/toolchain/cmsis/dsp/GCC/libarm_cortexM4lf_math.a(arm_max_f32.o)
 .debug_line    0x000000000000bf64      0x77e ../../../../../../components/toolchain/cmsis/dsp/GCC/libarm_cortexM4lf_math.a(arm_cfft_f32.o)
 .debug_line    0x000000000000c6e2      0x20f ../../../../../../components/toolchain/cmsis/dsp/GCC/libarm_cortexM4lf_math.a(arm_cmplx_mag_f32.o)
 .debug_line    0x000000000000c8f1       0x98 ../../../../../../components/toolchain/cmsis/dsp/GCC/libarm_cortexM4lf_math.a(arm_bitreversal2.o)
 .debug_line    0x000000000000c989      0x67a ../../../../../../components/toolchain/cmsis/dsp/GCC/libarm_cortexM4lf_math.a(arm_cfft_radix8_f32.o)

.debug_info     0x0000000000000000    0x2164e
 .debug_info    0x0000000000000000       0xd4 _build/nrf52840_xxaa_s140/gcc_startup_nrf52840.S.o
 .debug_info    0x00000000000000d4     0x1060 _build/nrf52840_xxaa_s140/nrf_log_backend_serial.c.o
 .debug_info    0x0000000000001134     0x1959 _build/nrf52840_xxaa_s140/nrf_log_backend_uart.c.o
 .debug_info    0x0000000000002a8d      0xba5 _build/nrf52840_xxaa_s140/nrf_log_default_backends.c.o
 .debug_info    0x0000000000003632     0x35b1 _build/nrf52840_xxaa_s140/nrf_log_frontend.c.o
 .debug_info    0x0000000000006be3     0x114c _build/nrf52840_xxaa_s140/nrf_log_str_formatter.c.o
 .debug_info    0x0000000000007d2f      0xaf2 _build/nrf52840_xxaa_s140/app_error.c.o
 .debug_info    0x0000000000008821      0xcfd _build/nrf52840_xxaa_s140/app_error_weak.c.o
 .debug_info    0x000000000000951e     0x11bd _build/nrf52840_xxaa_s140/app_util_platform.c.o
 .debug_info    0x000000000000a6db     0x1221 _build/nrf52840_xxaa_s140/nrf_atomic.c.o
 .debug_info    0x000000000000b8fc      0xcc5 _build/nrf52840_xxaa_s140/nrf_balloc.c.o
 .debug_info    0x000000000000c5c1      0xaaf _build/nrf52840_xxaa_s140/nrf_fprintf.c.o
 .debug_info    0x000000000000d070     0x1165 _build/nrf52840_xxaa_s140/nrf_fprintf_format.c.o
 .debug_info    0x000000000000e1d5     0x11eb _build/nrf52840_xxaa_s140/nrf_memobj.c.o
 .debug_info    0x000000000000f3c0      0xa28 _build/nrf52840_xxaa_s140/nrf_section_iter.c.o
 .debug_info    0x000000000000fde8     0x1935 _build/nrf52840_xxaa_s140/nrf_drv_uart.c.o
 .debug_info    0x000000000001171d     0x1050 _build/nrf52840_xxaa_s140/nrfx_prs.c.o
 .debug_info    0x000000000001276d     0x395b _build/nrf52840_xxaa_s140/nrfx_uart.c.o
 .debug_info    0x00000000000160c8     0x364a _build/nrf52840_xxaa_s140/nrfx_uarte.c.o
 .debug_info    0x0000000000019712     0x1dae _build/nrf52840_xxaa_s140/main.c.o
 .debug_info    0x000000000001b4c0     0x1388 _build/nrf52840_xxaa_s140/system_nrf52840.c.o
 .debug_info    0x000000000001c848     0x1cea _build/nrf52840_xxaa_s140/nrf_sdh.c.o
 .debug_info    0x000000000001e532      0xe36 _build/nrf52840_xxaa_s140/nrf_sdh_soc.c.o
 .debug_info    0x000000000001f368      0x9f5 ../../../../../../components/toolchain/cmsis/dsp/GCC/libarm_cortexM4lf_math.a(arm_const_structs.o)
 .debug_info    0x000000000001fd5d      0x99d ../../../../../../components/toolchain/cmsis/dsp/GCC/libarm_cortexM4lf_math.a(arm_common_tables.o)
 .debug_info    0x00000000000206fa      0x164 ../../../../../../components/toolchain/cmsis/dsp/GCC/libarm_cortexM4lf_math.a(arm_max_f32.o)
 .debug_info    0x000000000002085e      0x6b9 ../../../../../../components/toolchain/cmsis/dsp/GCC/libarm_cortexM4lf_math.a(arm_cfft_f32.o)
 .debug_info    0x0000000000020f17      0x299 ../../../../../../components/toolchain/cmsis/dsp/GCC/libarm_cortexM4lf_math.a(arm_cmplx_mag_f32.o)
 .debug_info    0x00000000000211b0       0x85 ../../../../../../components/toolchain/cmsis/dsp/GCC/libarm_cortexM4lf_math.a(arm_bitreversal2.o)
 .debug_info    0x0000000000021235      0x419 ../../../../../../components/toolchain/cmsis/dsp/GCC/libarm_cortexM4lf_math.a(arm_cfft_radix8_f32.o)

.debug_abbrev   0x0000000000000000     0x4c09
 .debug_abbrev  0x0000000000000000       0x14 _build/nrf52840_xxaa_s140/gcc_startup_nrf52840.S.o
 .debug_abbrev  0x0000000000000014      0x27d _build/nrf52840_xxaa_s140/nrf_log_backend_serial.c.o
 .debug_abbrev  0x0000000000000291      0x3c6 _build/nrf52840_xxaa_s140/nrf_log_backend_uart.c.o
 .debug_abbrev  0x0000000000000657      0x254 _build/nrf52840_xxaa_s140/nrf_log_default_backends.c.o
 .debug_abbrev  0x00000000000008ab      0x544 _build/nrf52840_xxaa_s140/nrf_log_frontend.c.o
 .debug_abbrev  0x0000000000000def      0x2ab _build/nrf52840_xxaa_s140/nrf_log_str_formatter.c.o
 .debug_abbrev  0x000000000000109a      0x235 _build/nrf52840_xxaa_s140/app_error.c.o
 .debug_abbrev  0x00000000000012cf      0x296 _build/nrf52840_xxaa_s140/app_error_weak.c.o
 .debug_abbrev  0x0000000000001565      0x374 _build/nrf52840_xxaa_s140/app_util_platform.c.o
 .debug_abbrev  0x00000000000018d9      0x314 _build/nrf52840_xxaa_s140/nrf_atomic.c.o
 .debug_abbrev  0x0000000000001bed      0x300 _build/nrf52840_xxaa_s140/nrf_balloc.c.o
 .debug_abbrev  0x0000000000001eed      0x239 _build/nrf52840_xxaa_s140/nrf_fprintf.c.o
 .debug_abbrev  0x0000000000002126      0x382 _build/nrf52840_xxaa_s140/nrf_fprintf_format.c.o
 .debug_abbrev  0x00000000000024a8      0x344 _build/nrf52840_xxaa_s140/nrf_memobj.c.o
 .debug_abbrev  0x00000000000027ec      0x1da _build/nrf52840_xxaa_s140/nrf_section_iter.c.o
 .debug_abbrev  0x00000000000029c6      0x296 _build/nrf52840_xxaa_s140/nrf_drv_uart.c.o
 .debug_abbrev  0x0000000000002c5c      0x31b _build/nrf52840_xxaa_s140/nrfx_prs.c.o
 .debug_abbrev  0x0000000000002f77      0x506 _build/nrf52840_xxaa_s140/nrfx_uart.c.o
 .debug_abbrev  0x000000000000347d      0x4eb _build/nrf52840_xxaa_s140/nrfx_uarte.c.o
 .debug_abbrev  0x0000000000003968      0x3b5 _build/nrf52840_xxaa_s140/main.c.o
 .debug_abbrev  0x0000000000003d1d      0x1eb _build/nrf52840_xxaa_s140/system_nrf52840.c.o
 .debug_abbrev  0x0000000000003f08      0x4f1 _build/nrf52840_xxaa_s140/nrf_sdh.c.o
 .debug_abbrev  0x00000000000043f9      0x2cf _build/nrf52840_xxaa_s140/nrf_sdh_soc.c.o
 .debug_abbrev  0x00000000000046c8       0xa9 ../../../../../../components/toolchain/cmsis/dsp/GCC/libarm_cortexM4lf_math.a(arm_const_structs.o)
 .debug_abbrev  0x0000000000004771       0x84 ../../../../../../components/toolchain/cmsis/dsp/GCC/libarm_cortexM4lf_math.a(arm_common_tables.o)
 .debug_abbrev  0x00000000000047f5       0xb2 ../../../../../../components/toolchain/cmsis/dsp/GCC/libarm_cortexM4lf_math.a(arm_max_f32.o)
 .debug_abbrev  0x00000000000048a7      0x18b ../../../../../../components/toolchain/cmsis/dsp/GCC/libarm_cortexM4lf_math.a(arm_cfft_f32.o)
 .debug_abbrev  0x0000000000004a32      0x11b ../../../../../../components/toolchain/cmsis/dsp/GCC/libarm_cortexM4lf_math.a(arm_cmplx_mag_f32.o)
 .debug_abbrev  0x0000000000004b4d       0x14 ../../../../../../components/toolchain/cmsis/dsp/GCC/libarm_cortexM4lf_math.a(arm_bitreversal2.o)
 .debug_abbrev  0x0000000000004b61       0xa8 ../../../../../../components/toolchain/cmsis/dsp/GCC/libarm_cortexM4lf_math.a(arm_cfft_radix8_f32.o)

.debug_aranges  0x0000000000000000      0x6d0
 .debug_aranges
                0x0000000000000000       0x20 _build/nrf52840_xxaa_s140/gcc_startup_nrf52840.S.o
 .debug_aranges
                0x0000000000000020       0x20 _build/nrf52840_xxaa_s140/nrf_log_backend_serial.c.o
 .debug_aranges
                0x0000000000000040       0x48 _build/nrf52840_xxaa_s140/nrf_log_backend_uart.c.o
 .debug_aranges
                0x0000000000000088       0x20 _build/nrf52840_xxaa_s140/nrf_log_default_backends.c.o
 .debug_aranges
                0x00000000000000a8       0xc0 _build/nrf52840_xxaa_s140/nrf_log_frontend.c.o
 .debug_aranges
                0x0000000000000168       0x30 _build/nrf52840_xxaa_s140/nrf_log_str_formatter.c.o
 .debug_aranges
                0x0000000000000198       0x28 _build/nrf52840_xxaa_s140/app_error.c.o
 .debug_aranges
                0x00000000000001c0       0x20 _build/nrf52840_xxaa_s140/app_error_weak.c.o
 .debug_aranges
                0x00000000000001e0       0x48 _build/nrf52840_xxaa_s140/app_util_platform.c.o
 .debug_aranges
                0x0000000000000228       0xb0 _build/nrf52840_xxaa_s140/nrf_atomic.c.o
 .debug_aranges
                0x00000000000002d8       0x30 _build/nrf52840_xxaa_s140/nrf_balloc.c.o
 .debug_aranges
                0x0000000000000308       0x28 _build/nrf52840_xxaa_s140/nrf_fprintf.c.o
 .debug_aranges
                0x0000000000000330       0x28 _build/nrf52840_xxaa_s140/nrf_fprintf_format.c.o
 .debug_aranges
                0x0000000000000358       0x50 _build/nrf52840_xxaa_s140/nrf_memobj.c.o
 .debug_aranges
                0x00000000000003a8       0x28 _build/nrf52840_xxaa_s140/nrf_section_iter.c.o
 .debug_aranges
                0x00000000000003d0       0x30 _build/nrf52840_xxaa_s140/nrf_drv_uart.c.o
 .debug_aranges
                0x0000000000000400       0x30 _build/nrf52840_xxaa_s140/nrfx_prs.c.o
 .debug_aranges
                0x0000000000000430       0x78 _build/nrf52840_xxaa_s140/nrfx_uart.c.o
 .debug_aranges
                0x00000000000004a8       0x68 _build/nrf52840_xxaa_s140/nrfx_uarte.c.o
 .debug_aranges
                0x0000000000000510       0x20 _build/nrf52840_xxaa_s140/main.c.o
 .debug_aranges
                0x0000000000000530       0x28 _build/nrf52840_xxaa_s140/system_nrf52840.c.o
 .debug_aranges
                0x0000000000000558       0x70 _build/nrf52840_xxaa_s140/nrf_sdh.c.o
 .debug_aranges
                0x00000000000005c8       0x28 _build/nrf52840_xxaa_s140/nrf_sdh_soc.c.o
 .debug_aranges
                0x00000000000005f0       0x18 ../../../../../../components/toolchain/cmsis/dsp/GCC/libarm_cortexM4lf_math.a(arm_const_structs.o)
 .debug_aranges
                0x0000000000000608       0x18 ../../../../../../components/toolchain/cmsis/dsp/GCC/libarm_cortexM4lf_math.a(arm_common_tables.o)
 .debug_aranges
                0x0000000000000620       0x20 ../../../../../../components/toolchain/cmsis/dsp/GCC/libarm_cortexM4lf_math.a(arm_max_f32.o)
 .debug_aranges
                0x0000000000000640       0x30 ../../../../../../components/toolchain/cmsis/dsp/GCC/libarm_cortexM4lf_math.a(arm_cfft_f32.o)
 .debug_aranges
                0x0000000000000670       0x20 ../../../../../../components/toolchain/cmsis/dsp/GCC/libarm_cortexM4lf_math.a(arm_cmplx_mag_f32.o)
 .debug_aranges
                0x0000000000000690       0x20 ../../../../../../components/toolchain/cmsis/dsp/GCC/libarm_cortexM4lf_math.a(arm_bitreversal2.o)
 .debug_aranges
                0x00000000000006b0       0x20 ../../../../../../components/toolchain/cmsis/dsp/GCC/libarm_cortexM4lf_math.a(arm_cfft_radix8_f32.o)

.debug_loc      0x0000000000000000     0xaebc
 .debug_loc     0x0000000000000000      0x185 _build/nrf52840_xxaa_s140/nrf_log_backend_serial.c.o
 .debug_loc     0x0000000000000185      0x227 _build/nrf52840_xxaa_s140/nrf_log_backend_uart.c.o
 .debug_loc     0x00000000000003ac       0x15 _build/nrf52840_xxaa_s140/nrf_log_default_backends.c.o
 .debug_loc     0x00000000000003c1     0x2b9c _build/nrf52840_xxaa_s140/nrf_log_frontend.c.o
 .debug_loc     0x0000000000002f5d      0x41a _build/nrf52840_xxaa_s140/nrf_log_str_formatter.c.o
 .debug_loc     0x0000000000003377       0xca _build/nrf52840_xxaa_s140/app_error.c.o
 .debug_loc     0x0000000000003441       0x63 _build/nrf52840_xxaa_s140/app_error_weak.c.o
 .debug_loc     0x00000000000034a4       0xf2 _build/nrf52840_xxaa_s140/app_util_platform.c.o
 .debug_loc     0x0000000000003596      0x35c _build/nrf52840_xxaa_s140/nrf_atomic.c.o
 .debug_loc     0x00000000000038f2      0x169 _build/nrf52840_xxaa_s140/nrf_balloc.c.o
 .debug_loc     0x0000000000003a5b       0x3f _build/nrf52840_xxaa_s140/nrf_fprintf.c.o
 .debug_loc     0x0000000000003a9a      0xcc6 _build/nrf52840_xxaa_s140/nrf_fprintf_format.c.o
 .debug_loc     0x0000000000004760      0xa22 _build/nrf52840_xxaa_s140/nrf_memobj.c.o
 .debug_loc     0x0000000000005182      0x1ae _build/nrf52840_xxaa_s140/nrf_drv_uart.c.o
 .debug_loc     0x0000000000005330       0xc6 _build/nrf52840_xxaa_s140/nrfx_prs.c.o
 .debug_loc     0x00000000000053f6     0x19d9 _build/nrf52840_xxaa_s140/nrfx_uart.c.o
 .debug_loc     0x0000000000006dcf     0x1593 _build/nrf52840_xxaa_s140/nrfx_uarte.c.o
 .debug_loc     0x0000000000008362      0x5c1 _build/nrf52840_xxaa_s140/main.c.o
 .debug_loc     0x0000000000008923      0x26d _build/nrf52840_xxaa_s140/nrf_sdh.c.o
 .debug_loc     0x0000000000008b90       0x74 _build/nrf52840_xxaa_s140/nrf_sdh_soc.c.o
 .debug_loc     0x0000000000008c04      0x178 ../../../../../../components/toolchain/cmsis/dsp/GCC/libarm_cortexM4lf_math.a(arm_max_f32.o)
 .debug_loc     0x0000000000008d7c     0x1053 ../../../../../../components/toolchain/cmsis/dsp/GCC/libarm_cortexM4lf_math.a(arm_cfft_f32.o)
 .debug_loc     0x0000000000009dcf      0x787 ../../../../../../components/toolchain/cmsis/dsp/GCC/libarm_cortexM4lf_math.a(arm_cmplx_mag_f32.o)
 .debug_loc     0x000000000000a556      0x966 ../../../../../../components/toolchain/cmsis/dsp/GCC/libarm_cortexM4lf_math.a(arm_cfft_radix8_f32.o)

.debug_ranges   0x0000000000000000     0x1ba8
 .debug_ranges  0x0000000000000000       0x28 _build/nrf52840_xxaa_s140/nrf_log_backend_serial.c.o
 .debug_ranges  0x0000000000000028       0xb0 _build/nrf52840_xxaa_s140/nrf_log_backend_uart.c.o
 .debug_ranges  0x00000000000000d8       0x10 _build/nrf52840_xxaa_s140/nrf_log_default_backends.c.o
 .debug_ranges  0x00000000000000e8      0x868 _build/nrf52840_xxaa_s140/nrf_log_frontend.c.o
 .debug_ranges  0x0000000000000950       0xb0 _build/nrf52840_xxaa_s140/nrf_log_str_formatter.c.o
 .debug_ranges  0x0000000000000a00       0x18 _build/nrf52840_xxaa_s140/app_error.c.o
 .debug_ranges  0x0000000000000a18       0x10 _build/nrf52840_xxaa_s140/app_error_weak.c.o
 .debug_ranges  0x0000000000000a28       0x80 _build/nrf52840_xxaa_s140/app_util_platform.c.o
 .debug_ranges  0x0000000000000aa8       0xb8 _build/nrf52840_xxaa_s140/nrf_atomic.c.o
 .debug_ranges  0x0000000000000b60       0x78 _build/nrf52840_xxaa_s140/nrf_balloc.c.o
 .debug_ranges  0x0000000000000bd8       0x18 _build/nrf52840_xxaa_s140/nrf_fprintf.c.o
 .debug_ranges  0x0000000000000bf0      0x1f0 _build/nrf52840_xxaa_s140/nrf_fprintf_format.c.o
 .debug_ranges  0x0000000000000de0       0x98 _build/nrf52840_xxaa_s140/nrf_memobj.c.o
 .debug_ranges  0x0000000000000e78       0x18 _build/nrf52840_xxaa_s140/nrf_section_iter.c.o
 .debug_ranges  0x0000000000000e90       0x20 _build/nrf52840_xxaa_s140/nrf_drv_uart.c.o
 .debug_ranges  0x0000000000000eb0       0x50 _build/nrf52840_xxaa_s140/nrfx_prs.c.o
 .debug_ranges  0x0000000000000f00      0x4a0 _build/nrf52840_xxaa_s140/nrfx_uart.c.o
 .debug_ranges  0x00000000000013a0      0x428 _build/nrf52840_xxaa_s140/nrfx_uarte.c.o
 .debug_ranges  0x00000000000017c8       0xc8 _build/nrf52840_xxaa_s140/main.c.o
 .debug_ranges  0x0000000000001890       0x40 _build/nrf52840_xxaa_s140/system_nrf52840.c.o
 .debug_ranges  0x00000000000018d0      0x198 _build/nrf52840_xxaa_s140/nrf_sdh.c.o
 .debug_ranges  0x0000000000001a68       0x30 _build/nrf52840_xxaa_s140/nrf_sdh_soc.c.o
 .debug_ranges  0x0000000000001a98       0x10 ../../../../../../components/toolchain/cmsis/dsp/GCC/libarm_cortexM4lf_math.a(arm_max_f32.o)
 .debug_ranges  0x0000000000001aa8       0x20 ../../../../../../components/toolchain/cmsis/dsp/GCC/libarm_cortexM4lf_math.a(arm_cfft_f32.o)
 .debug_ranges  0x0000000000001ac8       0xd0 ../../../../../../components/toolchain/cmsis/dsp/GCC/libarm_cortexM4lf_math.a(arm_cmplx_mag_f32.o)
 .debug_ranges  0x0000000000001b98       0x10 ../../../../../../components/toolchain/cmsis/dsp/GCC/libarm_cortexM4lf_math.a(arm_cfft_radix8_f32.o)

.debug_macro    0x0000000000000000     0x6529
 .debug_macro   0x0000000000000000      0x397 _build/nrf52840_xxaa_s140/nrf_log_backend_serial.c.o
 .debug_macro   0x0000000000000397       0x16 _build/nrf52840_xxaa_s140/nrf_log_backend_serial.c.o
 .debug_macro   0x00000000000003ad       0x22 _build/nrf52840_xxaa_s140/nrf_log_backend_serial.c.o
 .debug_macro   0x00000000000003cf       0x16 _build/nrf52840_xxaa_s140/nrf_log_backend_serial.c.o
 .debug_macro   0x00000000000003e5       0x46 _build/nrf52840_xxaa_s140/nrf_log_backend_serial.c.o
 .debug_macro   0x000000000000042b       0x70 _build/nrf52840_xxaa_s140/nrf_log_backend_serial.c.o
 .debug_macro   0x000000000000049b       0x2e _build/nrf52840_xxaa_s140/nrf_log_backend_serial.c.o
 .debug_macro   0x00000000000004c9       0x1c _build/nrf52840_xxaa_s140/nrf_log_backend_serial.c.o
 .debug_macro   0x00000000000004e5       0x10 _build/nrf52840_xxaa_s140/nrf_log_backend_serial.c.o
 .debug_macro   0x00000000000004f5       0x10 _build/nrf52840_xxaa_s140/nrf_log_backend_serial.c.o
 .debug_macro   0x0000000000000505       0xb6 _build/nrf52840_xxaa_s140/nrf_log_backend_serial.c.o
 .debug_macro   0x00000000000005bb       0x16 _build/nrf52840_xxaa_s140/nrf_log_backend_serial.c.o
 .debug_macro   0x00000000000005d1      0x145 _build/nrf52840_xxaa_s140/nrf_log_backend_serial.c.o
 .debug_macro   0x0000000000000716       0x49 _build/nrf52840_xxaa_s140/nrf_log_backend_serial.c.o
 .debug_macro   0x000000000000075f       0x8c _build/nrf52840_xxaa_s140/nrf_log_backend_serial.c.o
 .debug_macro   0x00000000000007eb       0x31 _build/nrf52840_xxaa_s140/nrf_log_backend_serial.c.o
 .debug_macro   0x000000000000081c       0x46 _build/nrf52840_xxaa_s140/nrf_log_backend_serial.c.o
 .debug_macro   0x0000000000000862       0x98 _build/nrf52840_xxaa_s140/nrf_log_backend_serial.c.o
 .debug_macro   0x00000000000008fa       0x10 _build/nrf52840_xxaa_s140/nrf_log_backend_serial.c.o
 .debug_macro   0x000000000000090a       0x22 _build/nrf52840_xxaa_s140/nrf_log_backend_serial.c.o
 .debug_macro   0x000000000000092c       0x1c _build/nrf52840_xxaa_s140/nrf_log_backend_serial.c.o
 .debug_macro   0x0000000000000948      0x181 _build/nrf52840_xxaa_s140/nrf_log_backend_serial.c.o
 .debug_macro   0x0000000000000ac9      0x473 _build/nrf52840_xxaa_s140/nrf_log_backend_uart.c.o
 .debug_macro   0x0000000000000f3c      0x419 _build/nrf52840_xxaa_s140/nrf_log_backend_uart.c.o
 .debug_macro   0x0000000000001355       0x36 _build/nrf52840_xxaa_s140/nrf_log_backend_uart.c.o
 .debug_macro   0x000000000000138b      0x145 _build/nrf52840_xxaa_s140/nrf_log_backend_uart.c.o
 .debug_macro   0x00000000000014d0      0x13b _build/nrf52840_xxaa_s140/nrf_log_backend_uart.c.o
 .debug_macro   0x000000000000160b       0x5a _build/nrf52840_xxaa_s140/nrf_log_backend_uart.c.o
 .debug_macro   0x0000000000001665       0x16 _build/nrf52840_xxaa_s140/nrf_log_backend_uart.c.o
 .debug_macro   0x000000000000167b       0x82 _build/nrf52840_xxaa_s140/nrf_log_backend_uart.c.o
 .debug_macro   0x00000000000016fd       0x22 _build/nrf52840_xxaa_s140/nrf_log_backend_uart.c.o
 .debug_macro   0x000000000000171f       0x40 _build/nrf52840_xxaa_s140/nrf_log_backend_uart.c.o
 .debug_macro   0x000000000000175f       0x20 _build/nrf52840_xxaa_s140/nrf_log_backend_uart.c.o
 .debug_macro   0x000000000000177f       0x10 _build/nrf52840_xxaa_s140/nrf_log_backend_uart.c.o
 .debug_macro   0x000000000000178f       0x10 _build/nrf52840_xxaa_s140/nrf_log_backend_uart.c.o
 .debug_macro   0x000000000000179f       0x10 _build/nrf52840_xxaa_s140/nrf_log_backend_uart.c.o
 .debug_macro   0x00000000000017af       0x10 _build/nrf52840_xxaa_s140/nrf_log_backend_uart.c.o
 .debug_macro   0x00000000000017bf       0x10 _build/nrf52840_xxaa_s140/nrf_log_backend_uart.c.o
 .debug_macro   0x00000000000017cf       0x2d _build/nrf52840_xxaa_s140/nrf_log_backend_uart.c.o
 .debug_macro   0x00000000000017fc      0x388 _build/nrf52840_xxaa_s140/nrf_log_default_backends.c.o
 .debug_macro   0x0000000000001b84       0x10 _build/nrf52840_xxaa_s140/nrf_log_default_backends.c.o
 .debug_macro   0x0000000000001b94      0x3e9 _build/nrf52840_xxaa_s140/nrf_log_frontend.c.o
 .debug_macro   0x0000000000001f7d       0x16 _build/nrf52840_xxaa_s140/nrf_log_frontend.c.o
 .debug_macro   0x0000000000001f93       0x9a _build/nrf52840_xxaa_s140/nrf_log_frontend.c.o
 .debug_macro   0x000000000000202d       0x9e _build/nrf52840_xxaa_s140/nrf_log_frontend.c.o
 .debug_macro   0x00000000000020cb      0x3d3 _build/nrf52840_xxaa_s140/nrf_log_str_formatter.c.o
 .debug_macro   0x000000000000249e       0x9c _build/nrf52840_xxaa_s140/nrf_log_str_formatter.c.o
 .debug_macro   0x000000000000253a      0x220 _build/nrf52840_xxaa_s140/app_error.c.o
 .debug_macro   0x000000000000275a       0x35 _build/nrf52840_xxaa_s140/app_error.c.o
 .debug_macro   0x000000000000278f       0x97 _build/nrf52840_xxaa_s140/app_error.c.o
 .debug_macro   0x0000000000002826       0xf6 _build/nrf52840_xxaa_s140/app_error.c.o
 .debug_macro   0x000000000000291c      0x3a5 _build/nrf52840_xxaa_s140/app_error_weak.c.o
 .debug_macro   0x0000000000002cc1       0x16 _build/nrf52840_xxaa_s140/app_error_weak.c.o
 .debug_macro   0x0000000000002cd7       0x1c _build/nrf52840_xxaa_s140/app_error_weak.c.o
 .debug_macro   0x0000000000002cf3      0x10d _build/nrf52840_xxaa_s140/app_error_weak.c.o
 .debug_macro   0x0000000000002e00      0x264 _build/nrf52840_xxaa_s140/app_util_platform.c.o
 .debug_macro   0x0000000000003064      0x224 _build/nrf52840_xxaa_s140/nrf_atomic.c.o