Archive member included to satisfy reference by file (symbol)

/usr/local/gcc-arm-none-eabi-6-2017-q2-update/bin/../lib/gcc/arm-none-eabi/6.3.1/../../../../arm-none-eabi/lib/thumb/v7e-m/fpv4-sp/hard/libc_nano.a(lib_a-exit.o)
                              /usr/local/gcc-arm-none-eabi-6-2017-q2-update/bin/../lib/gcc/arm-none-eabi/6.3.1/../../../../arm-none-eabi/lib/thumb/v7e-m/fpv4-sp/hard/crt0.o (exit)
/usr/local/gcc-arm-none-eabi-6-2017-q2-update/bin/../lib/gcc/arm-none-eabi/6.3.1/../../../../arm-none-eabi/lib/thumb/v7e-m/fpv4-sp/hard/libc_nano.a(lib_a-impure.o)
                              /usr/local/gcc-arm-none-eabi-6-2017-q2-update/bin/../lib/gcc/arm-none-eabi/6.3.1/../../../../arm-none-eabi/lib/thumb/v7e-m/fpv4-sp/hard/libc_nano.a(lib_a-exit.o) (_global_impure_ptr)
/usr/local/gcc-arm-none-eabi-6-2017-q2-update/bin/../lib/gcc/arm-none-eabi/6.3.1/../../../../arm-none-eabi/lib/thumb/v7e-m/fpv4-sp/hard/libc_nano.a(lib_a-init.o)
                              /usr/local/gcc-arm-none-eabi-6-2017-q2-update/bin/../lib/gcc/arm-none-eabi/6.3.1/../../../../arm-none-eabi/lib/thumb/v7e-m/fpv4-sp/hard/crt0.o (__libc_init_array)
/usr/local/gcc-arm-none-eabi-6-2017-q2-update/bin/../lib/gcc/arm-none-eabi/6.3.1/../../../../arm-none-eabi/lib/thumb/v7e-m/fpv4-sp/hard/libc_nano.a(lib_a-memcmp.o)
                              _build/nrf52832_xxaa/ble_dtm.c.o (memcmp)
/usr/local/gcc-arm-none-eabi-6-2017-q2-update/bin/../lib/gcc/arm-none-eabi/6.3.1/../../../../arm-none-eabi/lib/thumb/v7e-m/fpv4-sp/hard/libc_nano.a(lib_a-memcpy-stub.o)
                              _build/nrf52832_xxaa/app_scheduler.c.o (memcpy)
/usr/local/gcc-arm-none-eabi-6-2017-q2-update/bin/../lib/gcc/arm-none-eabi/6.3.1/../../../../arm-none-eabi/lib/thumb/v7e-m/fpv4-sp/hard/libc_nano.a(lib_a-memset.o)
                              /usr/local/gcc-arm-none-eabi-6-2017-q2-update/bin/../lib/gcc/arm-none-eabi/6.3.1/../../../../arm-none-eabi/lib/thumb/v7e-m/fpv4-sp/hard/crt0.o (memset)
/usr/local/gcc-arm-none-eabi-6-2017-q2-update/bin/../lib/gcc/arm-none-eabi/6.3.1/../../../../arm-none-eabi/lib/thumb/v7e-m/fpv4-sp/hard/libc_nano.a(lib_a-strcpy.o)
                              _build/nrf52832_xxaa/SEGGER_RTT.c.o (strcpy)
/usr/local/gcc-arm-none-eabi-6-2017-q2-update/bin/../lib/gcc/arm-none-eabi/6.3.1/../../../../arm-none-eabi/lib/thumb/v7e-m/fpv4-sp/hard/libc_nano.a(lib_a-strlen.o)
                              _build/nrf52832_xxaa/nrf_fprintf_format.c.o (strlen)
/usr/local/gcc-arm-none-eabi-6-2017-q2-update/bin/../lib/gcc/arm-none-eabi/6.3.1/../../../../arm-none-eabi/lib/thumb/v7e-m/fpv4-sp/hard/libnosys.a(_exit.o)
                              /usr/local/gcc-arm-none-eabi-6-2017-q2-update/bin/../lib/gcc/arm-none-eabi/6.3.1/../../../../arm-none-eabi/lib/thumb/v7e-m/fpv4-sp/hard/libc_nano.a(lib_a-exit.o) (_exit)

Allocating common symbols
Common symbol       size              file

nrf_nvic_state      0xc               _build/nrf52832_xxaa/app_util_platform.c.o
nrf_drv_uart_use_easy_dma
                    0x1               _build/nrf52832_xxaa/nrf_drv_uart.c.o
m_conn_keys_table   0x960             _build/nrf52832_xxaa/conn_ble_gap_sec_keys.c.o
m_ble_data_pool     0x820             _build/nrf52832_xxaa/conn_ble_gap_sec_keys.c.o
m_conn_user_mem_table
                    0x260             _build/nrf52832_xxaa/conn_ble_user_mem.c.o
_SEGGER_RTT         0x78              _build/nrf52832_xxaa/SEGGER_RTT.c.o

Discarded input sections

 .text          0x0000000000000000        0x0 /usr/local/gcc-arm-none-eabi-6-2017-q2-update/bin/../lib/gcc/arm-none-eabi/6.3.1/thumb/v7e-m/fpv4-sp/hard/crti.o
 .data          0x0000000000000000        0x0 /usr/local/gcc-arm-none-eabi-6-2017-q2-update/bin/../lib/gcc/arm-none-eabi/6.3.1/thumb/v7e-m/fpv4-sp/hard/crti.o
 .bss           0x0000000000000000        0x0 /usr/local/gcc-arm-none-eabi-6-2017-q2-update/bin/../lib/gcc/arm-none-eabi/6.3.1/thumb/v7e-m/fpv4-sp/hard/crti.o
 .data          0x0000000000000000        0x4 /usr/local/gcc-arm-none-eabi-6-2017-q2-update/bin/../lib/gcc/arm-none-eabi/6.3.1/thumb/v7e-m/fpv4-sp/hard/crtbegin.o
 .data          0x0000000000000000        0x0 /usr/local/gcc-arm-none-eabi-6-2017-q2-update/bin/../lib/gcc/arm-none-eabi/6.3.1/../../../../arm-none-eabi/lib/thumb/v7e-m/fpv4-sp/hard/crt0.o
 .bss           0x0000000000000000        0x0 /usr/local/gcc-arm-none-eabi-6-2017-q2-update/bin/../lib/gcc/arm-none-eabi/6.3.1/../../../../arm-none-eabi/lib/thumb/v7e-m/fpv4-sp/hard/crt0.o
 .ARM.extab     0x0000000000000000        0x0 /usr/local/gcc-arm-none-eabi-6-2017-q2-update/bin/../lib/gcc/arm-none-eabi/6.3.1/../../../../arm-none-eabi/lib/thumb/v7e-m/fpv4-sp/hard/crt0.o
 .data          0x0000000000000000        0x0 _build/nrf52832_xxaa/gcc_startup_nrf52.S.o
 .bss           0x0000000000000000        0x0 _build/nrf52832_xxaa/gcc_startup_nrf52.S.o
 .group         0x0000000000000000        0x8 _build/nrf52832_xxaa/nrf_log_backend_rtt.c.o
[...]
Memory Configuration

Name             Origin             Length             Attributes
FLASH            0x0000000000026000 0x000000000005a000 xr
RAM              0x00000000200098a8 0x0000000000006758 xrw
*default*        0x0000000000000000 0xffffffffffffffff

Linker script and memory map


.text           0x0000000000026000     0xcd9c
 *(.isr_vector)
 .isr_vector    0x0000000000026000      0x200 _build/nrf52832_xxaa/gcc_startup_nrf52.S.o
                0x0000000000026000                __isr_vector
 *(.text*)
 .text          0x0000000000026200       0x6c /usr/local/gcc-arm-none-eabi-6-2017-q2-update/bin/../lib/gcc/arm-none-eabi/6.3.1/thumb/v7e-m/fpv4-sp/hard/crtbegin.o
 .text          0x000000000002626c       0x74 /usr/local/gcc-arm-none-eabi-6-2017-q2-update/bin/../lib/gcc/arm-none-eabi/6.3.1/../../../../arm-none-eabi/lib/thumb/v7e-m/fpv4-sp/hard/crt0.o
                0x000000000002626c                _mainCRTStartup
                0x000000000002626c                _start
 .text          0x00000000000262e0       0x3c _build/nrf52832_xxaa/gcc_startup_nrf52.S.o
                0x00000000000262e0                Reset_Handler
                0x0000000000026308                NMI_Handler
                0x000000000002630a                HardFault_Handler
                0x000000000002630c                MemoryManagement_Handler
                0x000000000002630e                BusFault_Handler
                0x0000000000026310                UsageFault_Handler
                0x0000000000026312                SVC_Handler
                0x0000000000026314                DebugMon_Handler
                0x0000000000026316                PendSV_Handler
                0x0000000000026318                SysTick_Handler
                0x000000000002631a                SPIM0_SPIS0_TWIM0_TWIS0_SPI0_TWI0_IRQHandler
                0x000000000002631a                TIMER4_IRQHandler
                0x000000000002631a                I2S_IRQHandler
                0x000000000002631a                SWI4_EGU4_IRQHandler
                0x000000000002631a                TIMER0_IRQHandler
                0x000000000002631a                TIMER1_IRQHandler
                0x000000000002631a                PWM2_IRQHandler
                0x000000000002631a                ECB_IRQHandler
                0x000000000002631a                SPIM1_SPIS1_TWIM1_TWIS1_SPI1_TWI1_IRQHandler
                0x000000000002631a                Default_Handler
                0x000000000002631a                SAADC_IRQHandler
                0x000000000002631a                CCM_AAR_IRQHandler
                0x000000000002631a                WDT_IRQHandler
                0x000000000002631a                SWI5_EGU5_IRQHandler
                0x000000000002631a                RNG_IRQHandler
                0x000000000002631a                RTC2_IRQHandler
                0x000000000002631a                PWM0_IRQHandler
                0x000000000002631a                SWI3_EGU3_IRQHandler
                0x000000000002631a                SWI1_EGU1_IRQHandler
                0x000000000002631a                SPIM2_SPIS2_SPI2_IRQHandler
                0x000000000002631a                NFCT_IRQHandler
                0x000000000002631a                MWU_IRQHandler
                0x000000000002631a                COMP_LPCOMP_IRQHandler
                0x000000000002631a                RTC0_IRQHandler
                0x000000000002631a                GPIOTE_IRQHandler
                0x000000000002631a                PWM1_IRQHandler
                0x000000000002631a                RADIO_IRQHandler
                0x000000000002631a                PDM_IRQHandler
                0x000000000002631a                TEMP_IRQHandler
                0x000000000002631a                QDEC_IRQHandler
                0x000000000002631a                TIMER3_IRQHandler
                0x000000000002631a                FPU_IRQHandler
 .text.app_error_handler_bare
                0x000000000002631c       0x1a _build/nrf52832_xxaa/app_error.c.o
                0x000000000002631c                app_error_handler_bare
 *fill*         0x0000000000026336        0x2 
 .text.app_sched_init
                0x0000000000026338       0x50 _build/nrf52832_xxaa/app_scheduler.c.o
                0x0000000000026338                app_sched_init
 .text.app_sched_queue_space_get
                0x0000000000026388       0x2c _build/nrf52832_xxaa/app_scheduler.c.o
                0x0000000000026388                app_sched_queue_space_get
 .text.app_sched_event_put
                0x00000000000263b4       0xf4 _build/nrf52832_xxaa/app_scheduler.c.o
                0x00000000000263b4                app_sched_event_put
 .text.app_sched_pause
                0x00000000000264a8       0x2c _build/nrf52832_xxaa/app_scheduler.c.o
                0x00000000000264a8                app_sched_pause
 .text.app_sched_resume
                0x00000000000264d4       0x2c _build/nrf52832_xxaa/app_scheduler.c.o
                0x00000000000264d4                app_sched_resume
 .text.app_sched_execute
                0x0000000000026500       0x6c _build/nrf52832_xxaa/app_scheduler.c.o
                0x0000000000026500                app_sched_execute
 .text.nrfx_coredep_delay_us.part.0.constprop.4
                0x000000000002656c       0x10 _build/nrf52832_xxaa/app_timer.c.o
 .text.rtc1_stop
                0x000000000002657c       0x44 _build/nrf52832_xxaa/app_timer.c.o
 .text.RTC1_IRQHandler
                0x00000000000265c0       0x9c _build/nrf52832_xxaa/app_timer.c.o
                0x00000000000265c0                RTC1_IRQHandler
 .text.SWI0_EGU0_IRQHandler
                0x000000000002665c      0x2a4 _build/nrf52832_xxaa/app_timer.c.o
                0x000000000002665c                SWI0_EGU0_IRQHandler
 .text.app_util_critical_region_enter
                0x0000000000026900       0x48 _build/nrf52832_xxaa/app_util_platform.c.o
                0x0000000000026900                app_util_critical_region_enter
 .text.app_util_critical_region_exit
                0x0000000000026948       0x2c _build/nrf52832_xxaa/app_util_platform.c.o
                0x0000000000026948                app_util_critical_region_exit
 .text.crc16_compute
                0x0000000000026974       0x36 _build/nrf52832_xxaa/crc16.c.o
                0x0000000000026974                crc16_compute
 .text.nrf_balloc_alloc
                0x00000000000269aa       0x4a _build/nrf52832_xxaa/nrf_balloc.c.o
                0x00000000000269aa                nrf_balloc_alloc
 .text.nrf_balloc_free
                0x00000000000269f4       0x32 _build/nrf52832_xxaa/nrf_balloc.c.o
                0x00000000000269f4                nrf_balloc_free
 .text.queue_utilization_get
                0x0000000000026a26       0x18 _build/nrf52832_xxaa/nrf_queue.c.o
 .text.nrf_queue_is_full
                0x0000000000026a3e       0x18 _build/nrf52832_xxaa/nrf_queue.c.o
                0x0000000000026a3e                nrf_queue_is_full
 .text.nrf_queue_push
                0x0000000000026a56       0xac _build/nrf52832_xxaa/nrf_queue.c.o
                0x0000000000026a56                nrf_queue_push
 .text.nrf_queue_reset
                0x0000000000026b02       0x26 _build/nrf52832_xxaa/nrf_queue.c.o
                0x0000000000026b02                nrf_queue_reset
 .text.nrf_queue_utilization_get
                0x0000000000026b28       0x26 _build/nrf52832_xxaa/nrf_queue.c.o
                0x0000000000026b28                nrf_queue_utilization_get
 .text.nrf_queue_is_empty
                0x0000000000026b4e        0xe _build/nrf52832_xxaa/nrf_queue.c.o
                0x0000000000026b4e                nrf_queue_is_empty
 .text.nrf_queue_generic_pop
                0x0000000000026b5c       0x88 _build/nrf52832_xxaa/nrf_queue.c.o
                0x0000000000026b5c                nrf_queue_generic_pop
 .text.nrf_section_iter_init
                0x0000000000026be4       0x12 _build/nrf52832_xxaa/nrf_section_iter.c.o
                0x0000000000026be4                nrf_section_iter_init
 .text.nrf_section_iter_next
                0x0000000000026bf6       0x18 _build/nrf52832_xxaa/nrf_section_iter.c.o
                0x0000000000026bf6                nrf_section_iter_next
 *fill*         0x0000000000026c0e        0x2 
 .text.errata_57
                0x0000000000026c10       0x34 _build/nrf52832_xxaa/system_nrf52.c.o
 .text.errata_136
                0x0000000000026c44       0x40 _build/nrf52832_xxaa/system_nrf52.c.o
 .text.SystemInit
                0x0000000000026c84      0x264 _build/nrf52832_xxaa/system_nrf52.c.o
                0x0000000000026c84                SystemInit
 .text.ble_enable_req_dec
                0x0000000000026ee8       0x1c _build/nrf52832_xxaa/ble_conn.c.o
                0x0000000000026ee8                ble_enable_req_dec
 .text.ble_enable_rsp_enc
                0x0000000000026f04        0xc _build/nrf52832_xxaa/ble_conn.c.o
                0x0000000000026f04                ble_enable_rsp_enc
 .text.ble_opt_get_req_dec
                0x0000000000026f10       0x56 _build/nrf52832_xxaa/ble_conn.c.o
                0x0000000000026f10                ble_opt_get_req_dec
 *fill*         0x0000000000026f66        0x2 
 .text.ble_opt_get_rsp_enc
                0x0000000000026f68       0xcc _build/nrf52832_xxaa/ble_conn.c.o
                0x0000000000026f68                ble_opt_get_rsp_enc
 .text.ble_opt_set_req_dec
                0x0000000000027034       0xd8 _build/nrf52832_xxaa/ble_conn.c.o
                0x0000000000027034                ble_opt_set_req_dec
 .text.ble_opt_set_rsp_enc
                0x000000000002710c        0xc _build/nrf52832_xxaa/ble_conn.c.o
                0x000000000002710c                ble_opt_set_rsp_enc
 .text.ble_user_mem_reply_req_dec
                0x0000000000027118       0x5c _build/nrf52832_xxaa/ble_conn.c.o
                0x0000000000027118                ble_user_mem_reply_req_dec
 .text.ble_user_mem_reply_rsp_enc
                0x0000000000027174        0xc _build/nrf52832_xxaa/ble_conn.c.o
                0x0000000000027174                ble_user_mem_reply_rsp_enc
 .text.ble_uuid_decode_req_dec
                0x0000000000027180       0x4c _build/nrf52832_xxaa/ble_conn.c.o
                0x0000000000027180                ble_uuid_decode_req_dec
 .text.ble_uuid_decode_rsp_enc
                0x00000000000271cc       0x64 _build/nrf52832_xxaa/ble_conn.c.o
                0x00000000000271cc                ble_uuid_decode_rsp_enc
 .text.ble_uuid_encode_req_dec
                0x0000000000027230       0x88 _build/nrf52832_xxaa/ble_conn.c.o
                0x0000000000027230                ble_uuid_encode_req_dec
 .text.ble_uuid_encode_rsp_enc
                0x00000000000272b8       0x90 _build/nrf52832_xxaa/ble_conn.c.o
                0x00000000000272b8                ble_uuid_encode_rsp_enc
 .text.ble_uuid_vs_add_req_dec
                0x0000000000027348       0x64 _build/nrf52832_xxaa/ble_conn.c.o
                0x0000000000027348                ble_uuid_vs_add_req_dec
 .text.ble_uuid_vs_add_rsp_enc
                0x00000000000273ac       0x64 _build/nrf52832_xxaa/ble_conn.c.o
                0x00000000000273ac                ble_uuid_vs_add_rsp_enc
 .text.ble_version_get_req_dec
                0x0000000000027410       0x40 _build/nrf52832_xxaa/ble_conn.c.o
                0x0000000000027410                ble_version_get_req_dec
 .text.ble_version_get_rsp_enc
                0x0000000000027450       0x64 _build/nrf52832_xxaa/ble_conn.c.o
                0x0000000000027450                ble_version_get_rsp_enc
 .text.ble_opt_id_pre_dec
                0x00000000000274b4       0x28 _build/nrf52832_xxaa/ble_conn.c.o
                0x00000000000274b4                ble_opt_id_pre_dec
 .text.ble_cfg_set_req_dec
                0x00000000000274dc      0x128 _build/nrf52832_xxaa/ble_conn.c.o
                0x00000000000274dc                ble_cfg_set_req_dec
 .text.ble_cfg_set_rsp_enc
                0x0000000000027604        0xc _build/nrf52832_xxaa/ble_conn.c.o
                0x0000000000027604                ble_cfg_set_rsp_enc
 .text.ble_dtm_init_req_dec
                0x0000000000027610       0x4a _build/nrf52832_xxaa/ble_dtm_init.c.o
                0x0000000000027610                ble_dtm_init_req_dec
 .text.ble_dtm_init_rsp_enc
                0x000000000002765a       0x28 _build/nrf52832_xxaa/ble_dtm_init.c.o
                0x000000000002765a                ble_dtm_init_rsp_enc
 .text.ble_event_enc
                0x0000000000027682      0x2bc _build/nrf52832_xxaa/ble_event_enc.c.o
                0x0000000000027682                ble_event_enc
 .text.ble_evt_user_mem_release_enc
                0x000000000002793e       0x8c _build/nrf52832_xxaa/ble_evt_conn.c.o
                0x000000000002793e                ble_evt_user_mem_release_enc
 .text.ble_evt_user_mem_request_enc
                0x00000000000279ca       0x5c _build/nrf52832_xxaa/ble_evt_conn.c.o
                0x00000000000279ca                ble_evt_user_mem_request_enc
 .text.ble_gap_adv_start_req_dec
                0x0000000000027a26       0x4a _build/nrf52832_xxaa/ble_gap_conn.c.o
                0x0000000000027a26                ble_gap_adv_start_req_dec
 .text.ble_gap_adv_start_rsp_enc
                0x0000000000027a70        0xc _build/nrf52832_xxaa/ble_gap_conn.c.o
                0x0000000000027a70                ble_gap_adv_start_rsp_enc
 .text.ble_gap_adv_stop_req_dec
                0x0000000000027a7c       0x34 _build/nrf52832_xxaa/ble_gap_conn.c.o
                0x0000000000027a7c                ble_gap_adv_stop_req_dec
 .text.ble_gap_adv_stop_rsp_enc
                0x0000000000027ab0        0xc _build/nrf52832_xxaa/ble_gap_conn.c.o
                0x0000000000027ab0                ble_gap_adv_stop_rsp_enc
 .text.ble_gap_appearance_get_req_dec
                0x0000000000027abc       0x40 _build/nrf52832_xxaa/ble_gap_conn.c.o
                0x0000000000027abc                ble_gap_appearance_get_req_dec
 .text.ble_gap_appearance_get_rsp_enc
                0x0000000000027afc       0x64 _build/nrf52832_xxaa/ble_gap_conn.c.o
                0x0000000000027afc                ble_gap_appearance_get_rsp_enc
 .text.ble_gap_appearance_set_req_dec
                0x0000000000027b60       0x36 _build/nrf52832_xxaa/ble_gap_conn.c.o
                0x0000000000027b60                ble_gap_appearance_set_req_dec
 .text.ble_gap_appearance_set_rsp_enc
                0x0000000000027b96        0xc _build/nrf52832_xxaa/ble_gap_conn.c.o
                0x0000000000027b96                ble_gap_appearance_set_rsp_enc
 .text.ble_gap_auth_key_reply_req_dec
                0x0000000000027ba2       0x76 _build/nrf52832_xxaa/ble_gap_conn.c.o
                0x0000000000027ba2                ble_gap_auth_key_reply_req_dec
 .text.ble_gap_auth_key_reply_rsp_enc
                0x0000000000027c18        0xc _build/nrf52832_xxaa/ble_gap_conn.c.o
                0x0000000000027c18                ble_gap_auth_key_reply_rsp_enc
 .text.ble_gap_authenticate_req_dec
                0x0000000000027c24       0x5c _build/nrf52832_xxaa/ble_gap_conn.c.o
                0x0000000000027c24                ble_gap_authenticate_req_dec
 .text.ble_gap_authenticate_rsp_enc
                0x0000000000027c80        0xc _build/nrf52832_xxaa/ble_gap_conn.c.o
                0x0000000000027c80                ble_gap_authenticate_rsp_enc
 .text.ble_gap_conn_param_update_req_dec
                0x0000000000027c8c       0x5c _build/nrf52832_xxaa/ble_gap_conn.c.o
                0x0000000000027c8c                ble_gap_conn_param_update_req_dec
 .text.ble_gap_conn_param_update_rsp_enc
                0x0000000000027ce8        0xc _build/nrf52832_xxaa/ble_gap_conn.c.o
                0x0000000000027ce8                ble_gap_conn_param_update_rsp_enc
 .text.ble_gap_conn_sec_get_req_dec
                0x0000000000027cf4       0x4c _build/nrf52832_xxaa/ble_gap_conn.c.o
                0x0000000000027cf4                ble_gap_conn_sec_get_req_dec
 .text.ble_gap_conn_sec_get_rsp_enc
                0x0000000000027d40       0x64 _build/nrf52832_xxaa/ble_gap_conn.c.o
                0x0000000000027d40                ble_gap_conn_sec_get_rsp_enc
 .text.ble_gap_device_name_get_req_dec
                0x0000000000027da4       0x54 _build/nrf52832_xxaa/ble_gap_conn.c.o
                0x0000000000027da4                ble_gap_device_name_get_req_dec
 .text.ble_gap_device_name_get_rsp_enc
                0x0000000000027df8       0x9c _build/nrf52832_xxaa/ble_gap_conn.c.o
                0x0000000000027df8                ble_gap_device_name_get_rsp_enc
 .text.ble_gap_device_name_set_req_dec
                0x0000000000027e94       0x60 _build/nrf52832_xxaa/ble_gap_conn.c.o
                0x0000000000027e94                ble_gap_device_name_set_req_dec
 .text.ble_gap_device_name_set_rsp_enc
                0x0000000000027ef4        0xc _build/nrf52832_xxaa/ble_gap_conn.c.o
                0x0000000000027ef4                ble_gap_device_name_set_rsp_enc
 .text.ble_gap_disconnect_req_dec
                0x0000000000027f00       0x4e _build/nrf52832_xxaa/ble_gap_conn.c.o
                0x0000000000027f00                ble_gap_disconnect_req_dec
 .text.ble_gap_disconnect_rsp_enc
                0x0000000000027f4e        0xc _build/nrf52832_xxaa/ble_gap_conn.c.o
                0x0000000000027f4e                ble_gap_disconnect_rsp_enc
 *fill*         0x0000000000027f5a        0x2 
 .text.ble_gap_encrypt_req_dec
                0x0000000000027f5c       0x84 _build/nrf52832_xxaa/ble_gap_conn.c.o
                0x0000000000027f5c                ble_gap_encrypt_req_dec
 .text.ble_gap_encrypt_rsp_enc
                0x0000000000027fe0        0xc _build/nrf52832_xxaa/ble_gap_conn.c.o
                0x0000000000027fe0                ble_gap_encrypt_rsp_enc
 .text.ble_gap_keypress_notify_req_dec
                0x0000000000027fec       0x4e _build/nrf52832_xxaa/ble_gap_conn.c.o
                0x0000000000027fec                ble_gap_keypress_notify_req_dec
 .text.ble_gap_keypress_notify_rsp_enc
                0x000000000002803a        0xc _build/nrf52832_xxaa/ble_gap_conn.c.o
                0x000000000002803a                ble_gap_keypress_notify_rsp_enc
 *fill*         0x0000000000028046        0x2 
 .text.ble_gap_lesc_dhkey_reply_req_dec
                0x0000000000028048       0x58 _build/nrf52832_xxaa/ble_gap_conn.c.o
                0x0000000000028048                ble_gap_lesc_dhkey_reply_req_dec
 .text.ble_gap_lesc_dhkey_reply_rsp_enc
                0x00000000000280a0        0xc _build/nrf52832_xxaa/ble_gap_conn.c.o
                0x00000000000280a0                ble_gap_lesc_dhkey_reply_rsp_enc
 .text.ble_gap_lesc_oob_data_get_req_dec
                0x00000000000280ac       0x70 _build/nrf52832_xxaa/ble_gap_conn.c.o
                0x00000000000280ac                ble_gap_lesc_oob_data_get_req_dec
 .text.ble_gap_lesc_oob_data_get_rsp_enc
                0x000000000002811c       0x64 _build/nrf52832_xxaa/ble_gap_conn.c.o
                0x000000000002811c                ble_gap_lesc_oob_data_get_rsp_enc
 .text.ble_gap_lesc_oob_data_set_req_dec
                0x0000000000028180       0x74 _build/nrf52832_xxaa/ble_gap_conn.c.o
                0x0000000000028180                ble_gap_lesc_oob_data_set_req_dec
 .text.ble_gap_lesc_oob_data_set_rsp_enc
                0x00000000000281f4        0xc _build/nrf52832_xxaa/ble_gap_conn.c.o
                0x00000000000281f4                ble_gap_lesc_oob_data_set_rsp_enc
 .text.ble_gap_ppcp_get_req_dec
                0x0000000000028200       0x46 _build/nrf52832_xxaa/ble_gap_conn.c.o
                0x0000000000028200                ble_gap_ppcp_get_req_dec
 *fill*         0x0000000000028246        0x2 
 .text.ble_gap_ppcp_get_rsp_enc
                0x0000000000028248       0x64 _build/nrf52832_xxaa/ble_gap_conn.c.o
                0x0000000000028248                ble_gap_ppcp_get_rsp_enc
 .text.ble_gap_ppcp_set_req_dec
                0x00000000000282ac       0x40 _build/nrf52832_xxaa/ble_gap_conn.c.o
                0x00000000000282ac                ble_gap_ppcp_set_req_dec
 .text.ble_gap_ppcp_set_rsp_enc
                0x00000000000282ec        0xc _build/nrf52832_xxaa/ble_gap_conn.c.o
                0x00000000000282ec                ble_gap_ppcp_set_rsp_enc
 .text.ble_gap_rssi_get_req_dec
                0x00000000000282f8       0x78 _build/nrf52832_xxaa/ble_gap_conn.c.o
                0x00000000000282f8                ble_gap_rssi_get_req_dec
 .text.ble_gap_rssi_get_rsp_enc
                0x0000000000028370       0x78 _build/nrf52832_xxaa/ble_gap_conn.c.o
                0x0000000000028370                ble_gap_rssi_get_rsp_enc
 .text.ble_gap_rssi_start_req_dec
                0x00000000000283e8       0x64 _build/nrf52832_xxaa/ble_gap_conn.c.o
                0x00000000000283e8                ble_gap_rssi_start_req_dec
 .text.ble_gap_rssi_start_rsp_enc
                0x000000000002844c        0xc _build/nrf52832_xxaa/ble_gap_conn.c.o
                0x000000000002844c                ble_gap_rssi_start_rsp_enc
 .text.ble_gap_rssi_stop_req_dec
                0x0000000000028458       0x36 _build/nrf52832_xxaa/ble_gap_conn.c.o
                0x0000000000028458                ble_gap_rssi_stop_req_dec
 .text.ble_gap_rssi_stop_rsp_enc
                0x000000000002848e        0xc _build/nrf52832_xxaa/ble_gap_conn.c.o
                0x000000000002848e                ble_gap_rssi_stop_rsp_enc
 *fill*         0x000000000002849a        0x2 
 .text.ble_gap_scan_start_req_dec
                0x000000000002849c       0x60 _build/nrf52832_xxaa/ble_gap_conn.c.o
                0x000000000002849c                ble_gap_scan_start_req_dec
 .text.ble_gap_scan_start_rsp_enc
                0x00000000000284fc        0xc _build/nrf52832_xxaa/ble_gap_conn.c.o
                0x00000000000284fc                ble_gap_scan_start_rsp_enc
 .text.ble_gap_scan_stop_rsp_enc
                0x0000000000028508        0xc _build/nrf52832_xxaa/ble_gap_conn.c.o
                0x0000000000028508                ble_gap_scan_stop_rsp_enc
 .text.ble_gap_connect_req_dec
                0x0000000000028514       0xa0 _build/nrf52832_xxaa/ble_gap_conn.c.o
                0x0000000000028514                ble_gap_connect_req_dec
 .text.ble_gap_connect_rsp_enc
                0x00000000000285b4        0xc _build/nrf52832_xxaa/ble_gap_conn.c.o
                0x00000000000285b4                ble_gap_connect_rsp_enc
 .text.ble_gap_connect_cancel_rsp_enc
                0x00000000000285c0        0xc _build/nrf52832_xxaa/ble_gap_conn.c.o
                0x00000000000285c0                ble_gap_connect_cancel_rsp_enc
 .text.ble_gap_sec_info_reply_req_dec
                0x00000000000285cc       0xac _build/nrf52832_xxaa/ble_gap_conn.c.o
                0x00000000000285cc                ble_gap_sec_info_reply_req_dec
 .text.ble_gap_sec_info_reply_rsp_enc
                0x0000000000028678        0xc _build/nrf52832_xxaa/ble_gap_conn.c.o
                0x0000000000028678                ble_gap_sec_info_reply_rsp_enc
 .text.ble_gap_sec_params_reply_req_dec
                0x0000000000028684       0x9c _build/nrf52832_xxaa/ble_gap_conn.c.o
                0x0000000000028684                ble_gap_sec_params_reply_req_dec
 .text.ble_gap_sec_params_reply_rsp_enc
                0x0000000000028720       0x64 _build/nrf52832_xxaa/ble_gap_conn.c.o
                0x0000000000028720                ble_gap_sec_params_reply_rsp_enc
 .text.ble_gap_tx_power_set_req_dec
                0x0000000000028784       0x5c _build/nrf52832_xxaa/ble_gap_conn.c.o
                0x0000000000028784                ble_gap_tx_power_set_req_dec
 .text.ble_gap_tx_power_set_rsp_enc
                0x00000000000287e0        0xc _build/nrf52832_xxaa/ble_gap_conn.c.o
                0x00000000000287e0                ble_gap_tx_power_set_rsp_enc
 .text.ble_gap_addr_get_req_dec
                0x00000000000287ec       0x3a _build/nrf52832_xxaa/ble_gap_conn.c.o
                0x00000000000287ec                ble_gap_addr_get_req_dec
 .text.ble_gap_addr_get_rsp_enc
                0x0000000000028826       0x64 _build/nrf52832_xxaa/ble_gap_conn.c.o
                0x0000000000028826                ble_gap_addr_get_rsp_enc
 *fill*         0x000000000002888a        0x2 
 .text.ble_gap_addr_set_req_dec
                0x000000000002888c       0x40 _build/nrf52832_xxaa/ble_gap_conn.c.o
                0x000000000002888c                ble_gap_addr_set_req_dec
 .text.ble_gap_addr_set_rsp_enc
                0x00000000000288cc        0xc _build/nrf52832_xxaa/ble_gap_conn.c.o
                0x00000000000288cc                ble_gap_addr_set_rsp_enc
 .text.ble_gap_privacy_set_req_dec
                0x00000000000288d8       0x40 _build/nrf52832_xxaa/ble_gap_conn.c.o
                0x00000000000288d8                ble_gap_privacy_set_req_dec
 .text.ble_gap_privacy_set_rsp_enc
                0x0000000000028918        0xc _build/nrf52832_xxaa/ble_gap_conn.c.o
                0x0000000000028918                ble_gap_privacy_set_rsp_enc
 .text.ble_gap_privacy_get_req_dec
                0x0000000000028924       0x40 _build/nrf52832_xxaa/ble_gap_conn.c.o
                0x0000000000028924                ble_gap_privacy_get_req_dec
 .text.ble_gap_privacy_get_rsp_enc
                0x0000000000028964       0x64 _build/nrf52832_xxaa/ble_gap_conn.c.o
                0x0000000000028964                ble_gap_privacy_get_rsp_enc
 .text.ble_gap_whitelist_set_req_dec
                0x00000000000289c8       0xa0 _build/nrf52832_xxaa/ble_gap_conn.c.o
                0x00000000000289c8                ble_gap_whitelist_set_req_dec
 .text.ble_gap_whitelist_set_rsp_enc
                0x0000000000028a68        0xc _build/nrf52832_xxaa/ble_gap_conn.c.o
                0x0000000000028a68                ble_gap_whitelist_set_rsp_enc
 .text.ble_gap_device_identities_set_req_dec
                0x0000000000028a74      0x110 _build/nrf52832_xxaa/ble_gap_conn.c.o
                0x0000000000028a74                ble_gap_device_identities_set_req_dec
 .text.ble_gap_device_identities_set_rsp_enc
                0x0000000000028b84        0xc _build/nrf52832_xxaa/ble_gap_conn.c.o
                0x0000000000028b84                ble_gap_device_identities_set_rsp_enc
 .text.ble_gap_data_length_update_req_dec
                0x0000000000028b90       0x68 _build/nrf52832_xxaa/ble_gap_conn.c.o
                0x0000000000028b90                ble_gap_data_length_update_req_dec
 .text.ble_gap_data_length_update_rsp_enc
                0x0000000000028bf8       0x64 _build/nrf52832_xxaa/ble_gap_conn.c.o
                0x0000000000028bf8                ble_gap_data_length_update_rsp_enc
 .text.ble_gap_phy_update_req_dec
                0x0000000000028c5c       0x5c _build/nrf52832_xxaa/ble_gap_conn.c.o
                0x0000000000028c5c                ble_gap_phy_update_req_dec
 .text.ble_gap_phy_update_rsp_enc
                0x0000000000028cb8        0xc _build/nrf52832_xxaa/ble_gap_conn.c.o
                0x0000000000028cb8                ble_gap_phy_update_rsp_enc
 .text.ble_gap_adv_set_configure_req_dec
                0x0000000000028cc4       0x90 _build/nrf52832_xxaa/ble_gap_conn.c.o
                0x0000000000028cc4                ble_gap_adv_set_configure_req_dec
 .text.ble_gap_adv_set_configure_rsp_enc
                0x0000000000028d54       0x64 _build/nrf52832_xxaa/ble_gap_conn.c.o
                0x0000000000028d54                ble_gap_adv_set_configure_rsp_enc
 .text.ble_gap_qos_channel_survey_start_req_dec
                0x0000000000028db8       0x36 _build/nrf52832_xxaa/ble_gap_conn.c.o
                0x0000000000028db8                ble_gap_qos_channel_survey_start_req_dec
 .text.ble_gap_qos_channel_survey_start_rsp_enc
                0x0000000000028dee        0xc _build/nrf52832_xxaa/ble_gap_conn.c.o
                0x0000000000028dee                ble_gap_qos_channel_survey_start_rsp_enc
 .text.ble_gap_qos_channel_survey_stop_req_dec
                0x0000000000028dfa       0x1c _build/nrf52832_xxaa/ble_gap_conn.c.o
                0x0000000000028dfa                ble_gap_qos_channel_survey_stop_req_dec
 .text.ble_gap_qos_channel_survey_stop_rsp_enc
                0x0000000000028e16        0xc _build/nrf52832_xxaa/ble_gap_conn.c.o
                0x0000000000028e16                ble_gap_qos_channel_survey_stop_rsp_enc
 .text.field_enc
                0x0000000000028e22       0x14 _build/nrf52832_xxaa/ble_gap_evt_conn.c.o
 *fill*         0x0000000000028e36        0x2 
 .text.ble_gap_evt_adv_report_enc
                0x0000000000028e38       0x68 _build/nrf52832_xxaa/ble_gap_evt_conn.c.o
                0x0000000000028e38                ble_gap_evt_adv_report_enc
 .text.ble_gap_evt_auth_key_request_enc
                0x0000000000028ea0       0x5c _build/nrf52832_xxaa/ble_gap_evt_conn.c.o
                0x0000000000028ea0                ble_gap_evt_auth_key_request_enc
 .text.ble_gap_evt_auth_status_enc
                0x0000000000028efc       0xb8 _build/nrf52832_xxaa/ble_gap_evt_conn.c.o
                0x0000000000028efc                ble_gap_evt_auth_status_enc
 .text.ble_gap_evt_conn_param_update_enc
                0x0000000000028fb4       0x68 _build/nrf52832_xxaa/ble_gap_evt_conn.c.o
                0x0000000000028fb4                ble_gap_evt_conn_param_update_enc
 .text.ble_gap_evt_conn_param_update_request_enc
                0x000000000002901c       0x68 _build/nrf52832_xxaa/ble_gap_evt_conn.c.o
                0x000000000002901c                ble_gap_evt_conn_param_update_request_enc
 .text.ble_gap_evt_conn_sec_update_enc
                0x0000000000029084       0x68 _build/nrf52832_xxaa/ble_gap_evt_conn.c.o
                0x0000000000029084                ble_gap_evt_conn_sec_update_enc
 .text.ble_gap_evt_connected_enc
                0x00000000000290ec       0x68 _build/nrf52832_xxaa/ble_gap_evt_conn.c.o
                0x00000000000290ec                ble_gap_evt_connected_enc
 .text.ble_gap_evt_disconnected_enc
                0x0000000000029154       0x94 _build/nrf52832_xxaa/ble_gap_evt_conn.c.o
                0x0000000000029154                ble_gap_evt_disconnected_enc
 .text.ble_gap_evt_key_pressed_enc
                0x00000000000291e8       0x5c _build/nrf52832_xxaa/ble_gap_evt_conn.c.o
                0x00000000000291e8                ble_gap_evt_key_pressed_enc
 .text.ble_gap_evt_lesc_dhkey_request_enc
                0x0000000000029244       0x84 _build/nrf52832_xxaa/ble_gap_evt_conn.c.o
                0x0000000000029244                ble_gap_evt_lesc_dhkey_request_enc
 .text.ble_gap_evt_passkey_display_enc
                0x00000000000292c8       0x82 _build/nrf52832_xxaa/ble_gap_evt_conn.c.o
                0x00000000000292c8                ble_gap_evt_passkey_display_enc
 .text.ble_gap_evt_rssi_changed_enc
                0x000000000002934a       0x6c _build/nrf52832_xxaa/ble_gap_evt_conn.c.o
                0x000000000002934a                ble_gap_evt_rssi_changed_enc
 *fill*         0x00000000000293b6        0x2 
 .text.ble_gap_evt_scan_req_report_enc
                0x00000000000293b8       0x8c _build/nrf52832_xxaa/ble_gap_evt_conn.c.o
                0x00000000000293b8                ble_gap_evt_scan_req_report_enc
 .text.ble_gap_evt_sec_info_request_enc
                0x0000000000029444       0x68 _build/nrf52832_xxaa/ble_gap_evt_conn.c.o
                0x0000000000029444                ble_gap_evt_sec_info_request_enc
 .text.ble_gap_evt_sec_params_request_enc
                0x00000000000294ac       0x68 _build/nrf52832_xxaa/ble_gap_evt_conn.c.o
                0x00000000000294ac                ble_gap_evt_sec_params_request_enc
 .text.ble_gap_evt_sec_request_enc
                0x0000000000029514       0x68 _build/nrf52832_xxaa/ble_gap_evt_conn.c.o
                0x0000000000029514                ble_gap_evt_sec_request_enc
 .text.ble_gap_evt_timeout_enc
                0x000000000002957c       0x8e _build/nrf52832_xxaa/ble_gap_evt_conn.c.o
                0x000000000002957c                ble_gap_evt_timeout_enc
 .text.ble_gap_evt_phy_update_enc
                0x000000000002960a       0x7e _build/nrf52832_xxaa/ble_gap_evt_conn.c.o
                0x000000000002960a                ble_gap_evt_phy_update_enc
 .text.ble_gap_evt_phy_update_request_enc
                0x0000000000029688       0x68 _build/nrf52832_xxaa/ble_gap_evt_conn.c.o
                0x0000000000029688                ble_gap_evt_phy_update_request_enc
 .text.ble_gap_evt_data_length_update_request_enc
                0x00000000000296f0       0x68 _build/nrf52832_xxaa/ble_gap_evt_conn.c.o
                0x00000000000296f0                ble_gap_evt_data_length_update_request_enc
 .text.ble_gap_evt_data_length_update_enc
                0x0000000000029758       0x68 _build/nrf52832_xxaa/ble_gap_evt_conn.c.o
                0x0000000000029758                ble_gap_evt_data_length_update_enc
 .text.field_enc
                0x00000000000297c0       0x14 _build/nrf52832_xxaa/ble_gap_struct_serialization.c.o
 .text.field_dec
                0x00000000000297d4       0x14 _build/nrf52832_xxaa/ble_gap_struct_serialization.c.o
 .text.ble_gap_enc_key_t_enc
                0x00000000000297e8       0x40 _build/nrf52832_xxaa/ble_gap_struct_serialization.c.o
                0x00000000000297e8                ble_gap_enc_key_t_enc
 .text.ble_gap_enc_key_t_dec
                0x0000000000029828       0x40 _build/nrf52832_xxaa/ble_gap_struct_serialization.c.o
                0x0000000000029828                ble_gap_enc_key_t_dec
 .text.ble_gap_id_key_t_enc
                0x0000000000029868       0x40 _build/nrf52832_xxaa/ble_gap_struct_serialization.c.o
                0x0000000000029868                ble_gap_id_key_t_enc
 .text.ble_gap_id_key_t_dec
                0x00000000000298a8       0x40 _build/nrf52832_xxaa/ble_gap_struct_serialization.c.o
                0x00000000000298a8                ble_gap_id_key_t_dec
 .text.ble_gap_sec_levels_t_enc
                0x00000000000298e8       0x20 _build/nrf52832_xxaa/ble_gap_struct_serialization.c.o
                0x00000000000298e8                ble_gap_sec_levels_t_enc
 .text.ble_gap_conn_sec_mode_t_enc
                0x0000000000029908       0x1c _build/nrf52832_xxaa/ble_gap_struct_serialization.c.o
                0x0000000000029908                ble_gap_conn_sec_mode_t_enc
 .text.ble_gap_conn_sec_t_enc
                0x0000000000029924       0x3c _build/nrf52832_xxaa/ble_gap_struct_serialization.c.o
                0x0000000000029924                ble_gap_conn_sec_t_enc
 .text.ble_gap_sec_params_t_enc
                0x0000000000029960       0x74 _build/nrf52832_xxaa/ble_gap_struct_serialization.c.o
                0x0000000000029960                ble_gap_sec_params_t_enc
 .text.ble_gap_sec_kdist_t_enc
                0x00000000000299d4       0x20 _build/nrf52832_xxaa/ble_gap_struct_serialization.c.o
                0x00000000000299d4                ble_gap_sec_kdist_t_enc
 .text.ble_gap_conn_params_t_enc
                0x00000000000299f4       0x4a _build/nrf52832_xxaa/ble_gap_struct_serialization.c.o
                0x00000000000299f4                ble_gap_conn_params_t_enc
 .text.ble_gap_adv_report_type_t_enc
                0x0000000000029a3e       0x2a _build/nrf52832_xxaa/ble_gap_struct_serialization.c.o
                0x0000000000029a3e                ble_gap_adv_report_type_t_enc
 .text.ble_gap_aux_pointer_t_enc
                0x0000000000029a68       0x2e _build/nrf52832_xxaa/ble_gap_struct_serialization.c.o
                0x0000000000029a68                ble_gap_aux_pointer_t_enc
 .text.ble_gap_conn_sec_mode_t_dec
                0x0000000000029a96       0x2e _build/nrf52832_xxaa/ble_gap_struct_serialization.c.o
                0x0000000000029a96                ble_gap_conn_sec_mode_t_dec
 .text.ble_gap_sec_params_t_dec
                0x0000000000029ac4       0xa0 _build/nrf52832_xxaa/ble_gap_struct_serialization.c.o
                0x0000000000029ac4                ble_gap_sec_params_t_dec
 .text.ble_gap_sec_kdist_t_dec
                0x0000000000029b64       0x3a _build/nrf52832_xxaa/ble_gap_struct_serialization.c.o
                0x0000000000029b64                ble_gap_sec_kdist_t_dec
 .text.ble_gap_adv_properties_t_dec
                0x0000000000029b9e       0x42 _build/nrf52832_xxaa/ble_gap_struct_serialization.c.o
                0x0000000000029b9e                ble_gap_adv_properties_t_dec
 .text.ble_gap_conn_params_t_dec
                0x0000000000029be0       0x4a _build/nrf52832_xxaa/ble_gap_struct_serialization.c.o
                0x0000000000029be0                ble_gap_conn_params_t_dec
 .text.ble_gap_irk_t_enc
                0x0000000000029c2a       0x1c _build/nrf52832_xxaa/ble_gap_struct_serialization.c.o
                0x0000000000029c2a                ble_gap_irk_t_enc
 .text.ble_gap_addr_t_enc
                0x0000000000029c46       0x38 _build/nrf52832_xxaa/ble_gap_struct_serialization.c.o
                0x0000000000029c46                ble_gap_addr_t_enc
 .text.ble_gap_enc_info_t_enc
                0x0000000000029c7e       0x3a _build/nrf52832_xxaa/ble_gap_struct_serialization.c.o
                0x0000000000029c7e                ble_gap_enc_info_t_enc
 .text.ble_gap_sign_info_t_enc
                0x0000000000029cb8       0x1c _build/nrf52832_xxaa/ble_gap_struct_serialization.c.o
                0x0000000000029cb8                ble_gap_sign_info_t_enc
 .text.ble_gap_master_id_t_enc
                0x0000000000029cd4       0x2c _build/nrf52832_xxaa/ble_gap_struct_serialization.c.o
                0x0000000000029cd4                ble_gap_master_id_t_enc
 .text.ble_gap_lesc_p256_pk_t_enc
                0x0000000000029d00       0x1c _build/nrf52832_xxaa/ble_gap_struct_serialization.c.o
                0x0000000000029d00                ble_gap_lesc_p256_pk_t_enc
 .text.ble_gap_irk_t_dec
                0x0000000000029d1c       0x18 _build/nrf52832_xxaa/ble_gap_struct_serialization.c.o
                0x0000000000029d1c                ble_gap_irk_t_dec
 .text.ble_gap_addr_t_dec
                0x0000000000029d34       0x48 _build/nrf52832_xxaa/ble_gap_struct_serialization.c.o
                0x0000000000029d34                ble_gap_addr_t_dec
 .text.ble_gap_enc_info_t_dec
                0x0000000000029d7c       0x50 _build/nrf52832_xxaa/ble_gap_struct_serialization.c.o
                0x0000000000029d7c                ble_gap_enc_info_t_dec
 .text.ble_gap_sign_info_t_dec
                0x0000000000029dcc       0x18 _build/nrf52832_xxaa/ble_gap_struct_serialization.c.o
                0x0000000000029dcc                ble_gap_sign_info_t_dec
 .text.ble_gap_master_id_t_dec
                0x0000000000029de4       0x2e _build/nrf52832_xxaa/ble_gap_struct_serialization.c.o
                0x0000000000029de4                ble_gap_master_id_t_dec
 .text.ble_gap_lesc_p256_pk_t_dec
                0x0000000000029e12       0x18 _build/nrf52832_xxaa/ble_gap_struct_serialization.c.o
                0x0000000000029e12                ble_gap_lesc_p256_pk_t_dec
 *fill*         0x0000000000029e2a        0x2 
 .text.ble_gap_sec_keys_t_enc
                0x0000000000029e2c       0x68 _build/nrf52832_xxaa/ble_gap_struct_serialization.c.o
                0x0000000000029e2c                ble_gap_sec_keys_t_enc
 .text.ble_gap_sec_keys_t_dec
                0x0000000000029e94       0x70 _build/nrf52832_xxaa/ble_gap_struct_serialization.c.o
                0x0000000000029e94                ble_gap_sec_keys_t_dec
 .text.ble_gap_evt_adv_report_t_enc
                0x0000000000029f04      0x114 _build/nrf52832_xxaa/ble_gap_struct_serialization.c.o
                0x0000000000029f04                ble_gap_evt_adv_report_t_enc
 .text.ble_gap_evt_auth_status_t_enc
                0x000000000002a018       0x94 _build/nrf52832_xxaa/ble_gap_struct_serialization.c.o
                0x000000000002a018                ble_gap_evt_auth_status_t_enc
 .text.ble_gap_evt_conn_sec_update_t_enc
                0x000000000002a0ac       0x1c _build/nrf52832_xxaa/ble_gap_struct_serialization.c.o
                0x000000000002a0ac                ble_gap_evt_conn_sec_update_t_enc
 .text.ble_gap_evt_sec_info_request_t_enc
                0x000000000002a0c8       0x5c _build/nrf52832_xxaa/ble_gap_struct_serialization.c.o
                0x000000000002a0c8                ble_gap_evt_sec_info_request_t_enc
 .text.ble_gap_evt_connected_t_enc
                0x000000000002a124       0x84 _build/nrf52832_xxaa/ble_gap_struct_serialization.c.o
                0x000000000002a124                ble_gap_evt_connected_t_enc
 .text.ble_gap_evt_sec_params_request_t_enc
                0x000000000002a1a8       0x1c _build/nrf52832_xxaa/ble_gap_struct_serialization.c.o
                0x000000000002a1a8                ble_gap_evt_sec_params_request_t_enc
 .text.ble_gap_evt_conn_param_update_t_enc
                0x000000000002a1c4       0x1c _build/nrf52832_xxaa/ble_gap_struct_serialization.c.o
                0x000000000002a1c4                ble_gap_evt_conn_param_update_t_enc
 .text.ble_gap_evt_conn_param_update_request_t_enc
                0x000000000002a1e0       0x1c _build/nrf52832_xxaa/ble_gap_struct_serialization.c.o
                0x000000000002a1e0                ble_gap_evt_conn_param_update_request_t_enc
 .text.ble_gap_evt_disconnected_t_enc
                0x000000000002a1fc       0x14 _build/nrf52832_xxaa/ble_gap_struct_serialization.c.o
                0x000000000002a1fc                ble_gap_evt_disconnected_t_enc
 .text.ble_gap_scan_params_t_dec
                0x000000000002a210       0x9c _build/nrf52832_xxaa/ble_gap_struct_serialization.c.o
                0x000000000002a210                ble_gap_scan_params_t_dec
 .text.ble_gap_sec_keyset_t_enc
                0x000000000002a2ac       0x3c _build/nrf52832_xxaa/ble_gap_struct_serialization.c.o
                0x000000000002a2ac                ble_gap_sec_keyset_t_enc
 .text.ble_gap_sec_keyset_t_dec
                0x000000000002a2e8       0x3c _build/nrf52832_xxaa/ble_gap_struct_serialization.c.o
                0x000000000002a2e8                ble_gap_sec_keyset_t_dec
 .text.ble_gap_evt_sec_request_t_enc
                0x000000000002a324       0x20 _build/nrf52832_xxaa/ble_gap_struct_serialization.c.o
                0x000000000002a324                ble_gap_evt_sec_request_t_enc
 .text.ble_gap_opt_ch_map_t_enc
                0x000000000002a344       0x2c _build/nrf52832_xxaa/ble_gap_struct_serialization.c.o
                0x000000000002a344                ble_gap_opt_ch_map_t_enc
 .text.ble_gap_opt_ch_map_t_dec
                0x000000000002a370       0x2e _build/nrf52832_xxaa/ble_gap_struct_serialization.c.o
                0x000000000002a370                ble_gap_opt_ch_map_t_dec
 *fill*         0x000000000002a39e        0x2 
 .text.ble_gap_opt_local_conn_latency_t_enc
                0x000000000002a3a0       0x40 _build/nrf52832_xxaa/ble_gap_struct_serialization.c.o
                0x000000000002a3a0                ble_gap_opt_local_conn_latency_t_enc
 .text.ble_gap_opt_local_conn_latency_t_dec
                0x000000000002a3e0       0x40 _build/nrf52832_xxaa/ble_gap_struct_serialization.c.o
                0x000000000002a3e0                ble_gap_opt_local_conn_latency_t_dec
 .text.ble_gap_opt_passkey_t_enc
                0x000000000002a420       0x20 _build/nrf52832_xxaa/ble_gap_struct_serialization.c.o
                0x000000000002a420                ble_gap_opt_passkey_t_enc
 .text.ble_gap_opt_passkey_t_dec
                0x000000000002a440       0x1a _build/nrf52832_xxaa/ble_gap_struct_serialization.c.o
                0x000000000002a440                ble_gap_opt_passkey_t_dec
 .text.ble_gap_lesc_dhkey_t_dec
                0x000000000002a45a       0x18 _build/nrf52832_xxaa/ble_gap_struct_serialization.c.o
                0x000000000002a45a                ble_gap_lesc_dhkey_t_dec
 *fill*         0x000000000002a472        0x2 
 .text.ble_gap_lesc_oob_data_t_enc
                0x000000000002a474       0x4c _build/nrf52832_xxaa/ble_gap_struct_serialization.c.o
                0x000000000002a474                ble_gap_lesc_oob_data_t_enc
 .text.ble_gap_lesc_oob_data_t_dec
                0x000000000002a4c0       0x58 _build/nrf52832_xxaa/ble_gap_struct_serialization.c.o
                0x000000000002a4c0                ble_gap_lesc_oob_data_t_dec
 .text.ble_gap_adv_params_t_dec
                0x000000000002a518       0xf0 _build/nrf52832_xxaa/ble_gap_struct_serialization.c.o
                0x000000000002a518                ble_gap_adv_params_t_dec
 .text.ble_gap_opt_auth_payload_timeout_t_enc
                0x000000000002a608       0x2e _build/nrf52832_xxaa/ble_gap_struct_serialization.c.o
                0x000000000002a608                ble_gap_opt_auth_payload_timeout_t_enc
 .text.ble_gap_opt_auth_payload_timeout_t_dec
                0x000000000002a636       0x2e _build/nrf52832_xxaa/ble_gap_struct_serialization.c.o
                0x000000000002a636                ble_gap_opt_auth_payload_timeout_t_dec
 .text.ble_gap_cfg_device_name_t_dec
                0x000000000002a664       0x84 _build/nrf52832_xxaa/ble_gap_struct_serialization.c.o
                0x000000000002a664                ble_gap_cfg_device_name_t_dec
 .text.ble_gap_privacy_params_t_enc
                0x000000000002a6e8       0x50 _build/nrf52832_xxaa/ble_gap_struct_serialization.c.o
                0x000000000002a6e8                ble_gap_privacy_params_t_enc
 .text.ble_gap_privacy_params_t_dec
                0x000000000002a738       0x50 _build/nrf52832_xxaa/ble_gap_struct_serialization.c.o
                0x000000000002a738                ble_gap_privacy_params_t_dec
 .text.ble_gap_opt_compat_mode_1_t_enc
                0x000000000002a788       0x20 _build/nrf52832_xxaa/ble_gap_struct_serialization.c.o
                0x000000000002a788                ble_gap_opt_compat_mode_1_t_enc
 .text.ble_gap_opt_compat_mode_1_t_dec
                0x000000000002a7a8       0x28 _build/nrf52832_xxaa/ble_gap_struct_serialization.c.o
                0x000000000002a7a8                ble_gap_opt_compat_mode_1_t_dec
 .text.ble_gap_opt_slave_latency_disable_t_dec
                0x000000000002a7d0       0x3a _build/nrf52832_xxaa/ble_gap_struct_serialization.c.o
                0x000000000002a7d0                ble_gap_opt_slave_latency_disable_t_dec
 .text.ble_gap_conn_cfg_t_dec
                0x000000000002a80a       0x2e _build/nrf52832_xxaa/ble_gap_struct_serialization.c.o
                0x000000000002a80a                ble_gap_conn_cfg_t_dec
 .text.ble_gap_cfg_role_count_t_dec
                0x000000000002a838       0x66 _build/nrf52832_xxaa/ble_gap_struct_serialization.c.o
                0x000000000002a838                ble_gap_cfg_role_count_t_dec
 .text.ble_gap_data_length_params_t_enc
                0x000000000002a89e       0x4a _build/nrf52832_xxaa/ble_gap_struct_serialization.c.o
                0x000000000002a89e                ble_gap_data_length_params_t_enc
 .text.ble_gap_data_length_params_t_dec
                0x000000000002a8e8       0x4a _build/nrf52832_xxaa/ble_gap_struct_serialization.c.o
                0x000000000002a8e8                ble_gap_data_length_params_t_dec
 .text.ble_gap_data_length_limitation_t_enc
                0x000000000002a932       0x3c _build/nrf52832_xxaa/ble_gap_struct_serialization.c.o
                0x000000000002a932                ble_gap_data_length_limitation_t_enc
 .text.ble_gap_phys_t_enc
                0x000000000002a96e       0x2e _build/nrf52832_xxaa/ble_gap_struct_serialization.c.o
                0x000000000002a96e                ble_gap_phys_t_enc
 .text.ble_gap_phys_t_dec
                0x000000000002a99c       0x2e _build/nrf52832_xxaa/ble_gap_struct_serialization.c.o
                0x000000000002a99c                ble_gap_phys_t_dec
 *fill*         0x000000000002a9ca        0x2 
 .text.ble_gap_adv_data_t_dec
                0x000000000002a9cc       0x3c _build/nrf52832_xxaa/ble_gap_struct_serialization.c.o
                0x000000000002a9cc                ble_gap_adv_data_t_dec
 .text.ble_gatt_char_props_t_enc
                0x000000000002aa08       0x20 _build/nrf52832_xxaa/ble_gatt_struct_serialization.c.o
                0x000000000002aa08                ble_gatt_char_props_t_enc
 .text.ble_gatt_char_props_t_dec
                0x000000000002aa28       0x4c _build/nrf52832_xxaa/ble_gatt_struct_serialization.c.o
                0x000000000002aa28                ble_gatt_char_props_t_dec
 .text.ble_gatt_char_ext_props_t_dec
                0x000000000002aa74       0x2e _build/nrf52832_xxaa/ble_gatt_struct_serialization.c.o
                0x000000000002aa74                ble_gatt_char_ext_props_t_dec
 .text.ble_gatt_conn_cfg_t_dec
                0x000000000002aaa2       0x14 _build/nrf52832_xxaa/ble_gatt_struct_serialization.c.o
                0x000000000002aaa2                ble_gatt_conn_cfg_t_dec
 *fill*         0x000000000002aab6        0x2 
 .text.ble_gattc_attr_info_discover_req_dec
                0x000000000002aab8       0x5c _build/nrf52832_xxaa/ble_gattc_conn.c.o
                0x000000000002aab8                ble_gattc_attr_info_discover_req_dec
 .text.ble_gattc_attr_info_discover_rsp_enc
                0x000000000002ab14        0xc _build/nrf52832_xxaa/ble_gattc_conn.c.o
                0x000000000002ab14                ble_gattc_attr_info_discover_rsp_enc
 .text.ble_gattc_char_value_by_uuid_read_req_dec
                0x000000000002ab20       0x84 _build/nrf52832_xxaa/ble_gattc_conn.c.o
                0x000000000002ab20                ble_gattc_char_value_by_uuid_read_req_dec
 .text.ble_gattc_char_value_by_uuid_read_rsp_enc
                0x000000000002aba4        0xc _build/nrf52832_xxaa/ble_gattc_conn.c.o
                0x000000000002aba4                ble_gattc_char_value_by_uuid_read_rsp_enc
 .text.ble_gattc_char_values_read_req_dec
                0x000000000002abb0       0x5e _build/nrf52832_xxaa/ble_gattc_conn.c.o
                0x000000000002abb0                ble_gattc_char_values_read_req_dec
 .text.ble_gattc_char_values_read_rsp_enc
                0x000000000002ac0e        0xc _build/nrf52832_xxaa/ble_gattc_conn.c.o
                0x000000000002ac0e                ble_gattc_char_values_read_rsp_enc
 *fill*         0x000000000002ac1a        0x2 
 .text.ble_gattc_characteristics_discover_req_dec
                0x000000000002ac1c       0x54 _build/nrf52832_xxaa/ble_gattc_conn.c.o
                0x000000000002ac1c                ble_gattc_characteristics_discover_req_dec
 .text.ble_gattc_characteristics_discover_rsp_enc
                0x000000000002ac70        0xc _build/nrf52832_xxaa/ble_gattc_conn.c.o
                0x000000000002ac70                ble_gattc_characteristics_discover_rsp_enc
 .text.ble_gattc_descriptors_discover_req_dec
                0x000000000002ac7c       0x54 _build/nrf52832_xxaa/ble_gattc_conn.c.o
                0x000000000002ac7c                ble_gattc_descriptors_discover_req_dec
 .text.ble_gattc_descriptors_discover_rsp_enc
                0x000000000002acd0        0xc _build/nrf52832_xxaa/ble_gattc_conn.c.o
                0x000000000002acd0                ble_gattc_descriptors_discover_rsp_enc
 .text.ble_gattc_hv_confirm_req_dec
                0x000000000002acdc       0x4a _build/nrf52832_xxaa/ble_gattc_conn.c.o
                0x000000000002acdc                ble_gattc_hv_confirm_req_dec
 .text.ble_gattc_hv_confirm_rsp_enc
                0x000000000002ad26        0xc _build/nrf52832_xxaa/ble_gattc_conn.c.o
                0x000000000002ad26                ble_gattc_hv_confirm_rsp_enc
 *fill*         0x000000000002ad32        0x2 
 .text.ble_gattc_primary_services_discover_req_dec
                0x000000000002ad34       0x64 _build/nrf52832_xxaa/ble_gattc_conn.c.o
                0x000000000002ad34                ble_gattc_primary_services_discover_req_dec
 .text.ble_gattc_primary_services_discover_rsp_enc
                0x000000000002ad98        0xc _build/nrf52832_xxaa/ble_gattc_conn.c.o
                0x000000000002ad98                ble_gattc_primary_services_discover_rsp_enc
 .text.ble_gattc_read_req_dec
                0x000000000002ada4       0x5a _build/nrf52832_xxaa/ble_gattc_conn.c.o
                0x000000000002ada4                ble_gattc_read_req_dec
 .text.ble_gattc_read_rsp_enc
                0x000000000002adfe        0xc _build/nrf52832_xxaa/ble_gattc_conn.c.o
                0x000000000002adfe                ble_gattc_read_rsp_enc
 *fill*         0x000000000002ae0a        0x2 
 .text.ble_gattc_relationships_discover_req_dec
                0x000000000002ae0c       0x54 _build/nrf52832_xxaa/ble_gattc_conn.c.o
                0x000000000002ae0c                ble_gattc_relationships_discover_req_dec
 .text.ble_gattc_relationships_discover_rsp_enc
                0x000000000002ae60        0xc _build/nrf52832_xxaa/ble_gattc_conn.c.o
                0x000000000002ae60                ble_gattc_relationships_discover_rsp_enc
 .text.ble_gattc_write_req_dec
                0x000000000002ae6c       0x54 _build/nrf52832_xxaa/ble_gattc_conn.c.o
                0x000000000002ae6c                ble_gattc_write_req_dec
 .text.ble_gattc_write_rsp_enc
                0x000000000002aec0        0xc _build/nrf52832_xxaa/ble_gattc_conn.c.o
                0x000000000002aec0                ble_gattc_write_rsp_enc
 .text.ble_gattc_exchange_mtu_request_req_dec
                0x000000000002aecc       0x4a _build/nrf52832_xxaa/ble_gattc_conn.c.o
                0x000000000002aecc                ble_gattc_exchange_mtu_request_req_dec
 .text.ble_gattc_exchange_mtu_request_rsp_enc
                0x000000000002af16        0xc _build/nrf52832_xxaa/ble_gattc_conn.c.o
                0x000000000002af16                ble_gattc_exchange_mtu_request_rsp_enc
 .text.ble_gattc_evt_attr_info_disc_rsp_enc
                0x000000000002af22       0x7a _build/nrf52832_xxaa/ble_gattc_evt_conn.c.o
                0x000000000002af22                ble_gattc_evt_attr_info_disc_rsp_enc
 .text.ble_gattc_evt_char_disc_rsp_enc
                0x000000000002af9c       0x7a _build/nrf52832_xxaa/ble_gattc_evt_conn.c.o
                0x000000000002af9c                ble_gattc_evt_char_disc_rsp_enc
 .text.ble_gattc_evt_char_val_by_uuid_read_rsp_enc
                0x000000000002b016       0x7a _build/nrf52832_xxaa/ble_gattc_evt_conn.c.o
                0x000000000002b016                ble_gattc_evt_char_val_by_uuid_read_rsp_enc
 .text.ble_gattc_evt_char_vals_read_rsp_enc
                0x000000000002b090       0x7a _build/nrf52832_xxaa/ble_gattc_evt_conn.c.o
                0x000000000002b090                ble_gattc_evt_char_vals_read_rsp_enc
 .text.ble_gattc_evt_desc_disc_rsp_enc
                0x000000000002b10a       0x7a _build/nrf52832_xxaa/ble_gattc_evt_conn.c.o
                0x000000000002b10a                ble_gattc_evt_desc_disc_rsp_enc
 .text.ble_gattc_evt_hvx_enc
                0x000000000002b184       0x7a _build/nrf52832_xxaa/ble_gattc_evt_conn.c.o
                0x000000000002b184                ble_gattc_evt_hvx_enc
 .text.ble_gattc_evt_prim_srvc_disc_rsp_enc
                0x000000000002b1fe       0x7a _build/nrf52832_xxaa/ble_gattc_evt_conn.c.o
                0x000000000002b1fe                ble_gattc_evt_prim_srvc_disc_rsp_enc
 .text.ble_gattc_evt_read_rsp_enc
                0x000000000002b278       0x7a _build/nrf52832_xxaa/ble_gattc_evt_conn.c.o
                0x000000000002b278                ble_gattc_evt_read_rsp_enc
 .text.ble_gattc_evt_rel_disc_rsp_enc
                0x000000000002b2f2       0x7a _build/nrf52832_xxaa/ble_gattc_evt_conn.c.o
                0x000000000002b2f2                ble_gattc_evt_rel_disc_rsp_enc
 .text.ble_gattc_evt_timeout_enc
                0x000000000002b36c       0x7a _build/nrf52832_xxaa/ble_gattc_evt_conn.c.o
                0x000000000002b36c                ble_gattc_evt_timeout_enc
 .text.ble_gattc_evt_write_rsp_enc
                0x000000000002b3e6       0x7a _build/nrf52832_xxaa/ble_gattc_evt_conn.c.o
                0x000000000002b3e6                ble_gattc_evt_write_rsp_enc
 .text.ble_gattc_evt_exchange_mtu_rsp_enc
                0x000000000002b460       0x7a _build/nrf52832_xxaa/ble_gattc_evt_conn.c.o
                0x000000000002b460                ble_gattc_evt_exchange_mtu_rsp_enc
 .text.ble_gattc_evt_write_cmd_tx_complete_enc
                0x000000000002b4da       0x7a _build/nrf52832_xxaa/ble_gattc_evt_conn.c.o
                0x000000000002b4da                ble_gattc_evt_write_cmd_tx_complete_enc
 .text.field_enc
                0x000000000002b554       0x14 _build/nrf52832_xxaa/ble_gattc_struct_serialization.c.o
 .text.ble_gattc_service_t_enc
                0x000000000002b568       0x40 _build/nrf52832_xxaa/ble_gattc_struct_serialization.c.o
                0x000000000002b568                ble_gattc_service_t_enc
 .text.ble_gattc_handle_range_t_enc
                0x000000000002b5a8       0x2e _build/nrf52832_xxaa/ble_gattc_struct_serialization.c.o
                0x000000000002b5a8                ble_gattc_handle_range_t_enc
 *fill*         0x000000000002b5d6        0x2 
 .text.ble_gattc_include_t_enc
                0x000000000002b5d8       0x34 _build/nrf52832_xxaa/ble_gattc_struct_serialization.c.o
                0x000000000002b5d8                ble_gattc_include_t_enc
 .text.ble_gattc_attr_info16_t_enc
                0x000000000002b60c       0x34 _build/nrf52832_xxaa/ble_gattc_struct_serialization.c.o
                0x000000000002b60c                ble_gattc_attr_info16_t_enc
 .text.ble_gattc_attr_info128_t_enc
                0x000000000002b640       0x34 _build/nrf52832_xxaa/ble_gattc_struct_serialization.c.o
                0x000000000002b640                ble_gattc_attr_info128_t_enc
 .text.ble_gattc_desc_t_enc
                0x000000000002b674       0x34 _build/nrf52832_xxaa/ble_gattc_struct_serialization.c.o
                0x000000000002b674                ble_gattc_desc_t_enc
 .text.ble_gattc_handle_range_t_dec
                0x000000000002b6a8       0x2e _build/nrf52832_xxaa/ble_gattc_struct_serialization.c.o
                0x000000000002b6a8                ble_gattc_handle_range_t_dec
 *fill*         0x000000000002b6d6        0x2 
 .text.ble_gattc_char_t_enc
                0x000000000002b6d8       0x78 _build/nrf52832_xxaa/ble_gattc_struct_serialization.c.o
                0x000000000002b6d8                ble_gattc_char_t_enc
 .text.ble_gattc_evt_char_val_by_uuid_read_rsp_t_enc
                0x000000000002b750       0x46 _build/nrf52832_xxaa/ble_gattc_struct_serialization.c.o
                0x000000000002b750                ble_gattc_evt_char_val_by_uuid_read_rsp_t_enc
 .text.ble_gattc_evt_char_vals_read_rsp_t_enc
                0x000000000002b796       0x2e _build/nrf52832_xxaa/ble_gattc_struct_serialization.c.o
                0x000000000002b796                ble_gattc_evt_char_vals_read_rsp_t_enc
 .text.ble_gattc_evt_rel_disc_rsp_t_enc
                0x000000000002b7c4       0x58 _build/nrf52832_xxaa/ble_gattc_struct_serialization.c.o
                0x000000000002b7c4                ble_gattc_evt_rel_disc_rsp_t_enc
 .text.ble_gattc_write_params_t_dec
                0x000000000002b81c       0x5a _build/nrf52832_xxaa/ble_gattc_struct_serialization.c.o
                0x000000000002b81c                ble_gattc_write_params_t_dec
 *fill*         0x000000000002b876        0x2 
 .text.ble_gattc_evt_attr_info_disc_rsp_t_enc
                0x000000000002b878       0x84 _build/nrf52832_xxaa/ble_gattc_struct_serialization.c.o
                0x000000000002b878                ble_gattc_evt_attr_info_disc_rsp_t_enc
 .text.ble_gattc_evt_char_disc_rsp_t_enc
                0x000000000002b8fc       0x54 _build/nrf52832_xxaa/ble_gattc_struct_serialization.c.o
                0x000000000002b8fc                ble_gattc_evt_char_disc_rsp_t_enc
 .text.ble_gattc_evt_desc_disc_rsp_t_enc
                0x000000000002b950       0x54 _build/nrf52832_xxaa/ble_gattc_struct_serialization.c.o
                0x000000000002b950                ble_gattc_evt_desc_disc_rsp_t_enc
 .text.ble_gattc_evt_hvx_t_enc
                0x000000000002b9a4       0x48 _build/nrf52832_xxaa/ble_gattc_struct_serialization.c.o
                0x000000000002b9a4                ble_gattc_evt_hvx_t_enc
 .text.ble_gattc_evt_prim_srvc_disc_rsp_t_enc
                0x000000000002b9ec       0x54 _build/nrf52832_xxaa/ble_gattc_struct_serialization.c.o
                0x000000000002b9ec                ble_gattc_evt_prim_srvc_disc_rsp_t_enc
 .text.ble_gattc_evt_read_rsp_t_enc
                0x000000000002ba40       0x48 _build/nrf52832_xxaa/ble_gattc_struct_serialization.c.o
                0x000000000002ba40                ble_gattc_evt_read_rsp_t_enc
 .text.ble_gattc_evt_timeout_t_enc
                0x000000000002ba88       0x14 _build/nrf52832_xxaa/ble_gattc_struct_serialization.c.o
                0x000000000002ba88                ble_gattc_evt_timeout_t_enc
 .text.ble_gattc_evt_write_rsp_t_enc
                0x000000000002ba9c       0x58 _build/nrf52832_xxaa/ble_gattc_struct_serialization.c.o
                0x000000000002ba9c                ble_gattc_evt_write_rsp_t_enc
 .text.ble_gattc_evt_exchange_mtu_rsp_t_enc
                0x000000000002baf4       0x14 _build/nrf52832_xxaa/ble_gattc_struct_serialization.c.o
                0x000000000002baf4                ble_gattc_evt_exchange_mtu_rsp_t_enc
 .text.ble_gattc_conn_cfg_t_dec
                0x000000000002bb08       0x14 _build/nrf52832_xxaa/ble_gattc_struct_serialization.c.o
                0x000000000002bb08                ble_gattc_conn_cfg_t_dec
 .text.ble_gatts_attr_get_req_dec
                0x000000000002bb1c       0x60 _build/nrf52832_xxaa/ble_gatts_conn.c.o
                0x000000000002bb1c                ble_gatts_attr_get_req_dec
 .text.ble_gatts_attr_get_rsp_enc
                0x000000000002bb7c       0x7c _build/nrf52832_xxaa/ble_gatts_conn.c.o
                0x000000000002bb7c                ble_gatts_attr_get_rsp_enc
 .text.ble_gatts_characteristic_add_req_dec
                0x000000000002bbf8       0x80 _build/nrf52832_xxaa/ble_gatts_conn.c.o
                0x000000000002bbf8                ble_gatts_characteristic_add_req_dec
 .text.ble_gatts_characteristic_add_rsp_enc
                0x000000000002bc78       0x64 _build/nrf52832_xxaa/ble_gatts_conn.c.o
                0x000000000002bc78                ble_gatts_characteristic_add_rsp_enc
 .text.ble_gatts_descriptor_add_req_dec
                0x000000000002bcdc       0x68 _build/nrf52832_xxaa/ble_gatts_conn.c.o
                0x000000000002bcdc                ble_gatts_descriptor_add_req_dec
 .text.ble_gatts_descriptor_add_rsp_enc
                0x000000000002bd44       0x64 _build/nrf52832_xxaa/ble_gatts_conn.c.o
                0x000000000002bd44                ble_gatts_descriptor_add_rsp_enc
 .text.ble_gatts_hvx_req_dec
                0x000000000002bda8       0x54 _build/nrf52832_xxaa/ble_gatts_conn.c.o
                0x000000000002bda8                ble_gatts_hvx_req_dec
 .text.ble_gatts_hvx_rsp_enc
                0x000000000002bdfc       0x64 _build/nrf52832_xxaa/ble_gatts_conn.c.o
                0x000000000002bdfc                ble_gatts_hvx_rsp_enc
 .text.ble_gatts_include_add_req_dec
                0x000000000002be60       0x5e _build/nrf52832_xxaa/ble_gatts_conn.c.o
                0x000000000002be60                ble_gatts_include_add_req_dec
 *fill*         0x000000000002bebe        0x2 
 .text.ble_gatts_include_add_rsp_enc
                0x000000000002bec0       0x64 _build/nrf52832_xxaa/ble_gatts_conn.c.o
                0x000000000002bec0                ble_gatts_include_add_rsp_enc
 .text.ble_gatts_initial_user_handle_get_req_dec
                0x000000000002bf24       0x3a _build/nrf52832_xxaa/ble_gatts_conn.c.o
                0x000000000002bf24                ble_gatts_initial_user_handle_get_req_dec
 *fill*         0x000000000002bf5e        0x2 
 .text.ble_gatts_initial_user_handle_get_rsp_enc
                0x000000000002bf60       0x64 _build/nrf52832_xxaa/ble_gatts_conn.c.o
                0x000000000002bf60                ble_gatts_initial_user_handle_get_rsp_enc
 .text.ble_gatts_rw_authorize_reply_req_dec
                0x000000000002bfc4       0x54 _build/nrf52832_xxaa/ble_gatts_conn.c.o
                0x000000000002bfc4                ble_gatts_rw_authorize_reply_req_dec
 .text.ble_gatts_rw_authorize_reply_rsp_enc
                0x000000000002c018        0xc _build/nrf52832_xxaa/ble_gatts_conn.c.o
                0x000000000002c018                ble_gatts_rw_authorize_reply_rsp_enc
 .text.ble_gatts_service_add_req_dec
                0x000000000002c024       0x68 _build/nrf52832_xxaa/ble_gatts_conn.c.o
                0x000000000002c024                ble_gatts_service_add_req_dec
 .text.ble_gatts_service_add_rsp_enc
                0x000000000002c08c       0x64 _build/nrf52832_xxaa/ble_gatts_conn.c.o
                0x000000000002c08c                ble_gatts_service_add_rsp_enc
 .text.ble_gatts_service_changed_req_dec
                0x000000000002c0f0       0x5a _build/nrf52832_xxaa/ble_gatts_conn.c.o
                0x000000000002c0f0                ble_gatts_service_changed_req_dec
 .text.ble_gatts_service_changed_rsp_enc
                0x000000000002c14a        0xc _build/nrf52832_xxaa/ble_gatts_conn.c.o
                0x000000000002c14a                ble_gatts_service_changed_rsp_enc
 *fill*         0x000000000002c156        0x2 
 .text.ble_gatts_sys_attr_get_req_dec
                0x000000000002c158       0x78 _build/nrf52832_xxaa/ble_gatts_conn.c.o
                0x000000000002c158                ble_gatts_sys_attr_get_req_dec
 .text.ble_gatts_sys_attr_get_rsp_enc
                0x000000000002c1d0       0x94 _build/nrf52832_xxaa/ble_gatts_conn.c.o
                0x000000000002c1d0                ble_gatts_sys_attr_get_rsp_enc
 .text.ble_gatts_sys_attr_set_req_dec
                0x000000000002c264       0x60 _build/nrf52832_xxaa/ble_gatts_conn.c.o
                0x000000000002c264                ble_gatts_sys_attr_set_req_dec
 .text.ble_gatts_sys_attr_set_rsp_enc
                0x000000000002c2c4        0xc _build/nrf52832_xxaa/ble_gatts_conn.c.o
                0x000000000002c2c4                ble_gatts_sys_attr_set_rsp_enc
 .text.ble_gatts_value_get_req_dec
                0x000000000002c2d0       0xae _build/nrf52832_xxaa/ble_gatts_conn.c.o
                0x000000000002c2d0                ble_gatts_value_get_req_dec
 *fill*         0x000000000002c37e        0x2 
 .text.ble_gatts_value_get_rsp_enc
                0x000000000002c380       0x64 _build/nrf52832_xxaa/ble_gatts_conn.c.o
                0x000000000002c380                ble_gatts_value_get_rsp_enc
 .text.ble_gatts_value_set_req_dec
                0x000000000002c3e4       0x64 _build/nrf52832_xxaa/ble_gatts_conn.c.o
                0x000000000002c3e4                ble_gatts_value_set_req_dec
 .text.ble_gatts_value_set_rsp_enc
                0x000000000002c448       0x64 _build/nrf52832_xxaa/ble_gatts_conn.c.o
                0x000000000002c448                ble_gatts_value_set_rsp_enc
 .text.ble_gatts_exchange_mtu_reply_req_dec
                0x000000000002c4ac       0x4a _build/nrf52832_xxaa/ble_gatts_conn.c.o
                0x000000000002c4ac                ble_gatts_exchange_mtu_reply_req_dec
 .text.ble_gatts_exchange_mtu_reply_rsp_enc
                0x000000000002c4f6        0xc _build/nrf52832_xxaa/ble_gatts_conn.c.o
                0x000000000002c4f6                ble_gatts_exchange_mtu_reply_rsp_enc
 *fill*         0x000000000002c502        0x2 
 .text.ble_gatts_evt_rw_authorize_request_enc
                0x000000000002c504       0xb4 _build/nrf52832_xxaa/ble_gatts_evt_conn.c.o
                0x000000000002c504                ble_gatts_evt_rw_authorize_request_enc
 .text.ble_gatts_evt_hvc_enc
                0x000000000002c5b8       0x5a _build/nrf52832_xxaa/ble_gatts_evt_conn.c.o
                0x000000000002c5b8                ble_gatts_evt_hvc_enc
 .text.ble_gatts_evt_sc_confirm_enc
                0x000000000002c612       0x4c _build/nrf52832_xxaa/ble_gatts_evt_conn.c.o
                0x000000000002c612                ble_gatts_evt_sc_confirm_enc
 .text.ble_gatts_evt_sys_attr_missing_enc
                0x000000000002c65e       0x5a _build/nrf52832_xxaa/ble_gatts_evt_conn.c.o
                0x000000000002c65e                ble_gatts_evt_sys_attr_missing_enc
 .text.ble_gatts_evt_timeout_enc
                0x000000000002c6b8       0x5a _build/nrf52832_xxaa/ble_gatts_evt_conn.c.o
                0x000000000002c6b8                ble_gatts_evt_timeout_enc
 *fill*         0x000000000002c712        0x2 
 .text.ble_gatts_evt_write_enc
                0x000000000002c714       0xb0 _build/nrf52832_xxaa/ble_gatts_evt_conn.c.o
                0x000000000002c714                ble_gatts_evt_write_enc
 .text.ble_gatts_evt_exchange_mtu_request_enc
                0x000000000002c7c4       0x5a _build/nrf52832_xxaa/ble_gatts_evt_conn.c.o
                0x000000000002c7c4                ble_gatts_evt_exchange_mtu_request_enc
 .text.ble_gatts_evt_hvn_tx_complete_enc
                0x000000000002c81e       0x5a _build/nrf52832_xxaa/ble_gatts_evt_conn.c.o
                0x000000000002c81e                ble_gatts_evt_hvn_tx_complete_enc
 .text.ble_gatts_char_pf_t_dec
                0x000000000002c878       0x58 _build/nrf52832_xxaa/ble_gatts_struct_serialization.c.o
                0x000000000002c878                ble_gatts_char_pf_t_dec
 .text.ble_gatts_authorize_params_t_dec
                0x000000000002c8d0       0x5e _build/nrf52832_xxaa/ble_gatts_struct_serialization.c.o
                0x000000000002c8d0                ble_gatts_authorize_params_t_dec
 .text.ble_gatts_evt_read_t_enc
                0x000000000002c92e       0x3c _build/nrf52832_xxaa/ble_gatts_struct_serialization.c.o
                0x000000000002c92e                ble_gatts_evt_read_t_enc
 .text.ble_gatts_attr_md_t_dec
                0x000000000002c96a       0x5a _build/nrf52832_xxaa/ble_gatts_struct_serialization.c.o
                0x000000000002c96a                ble_gatts_attr_md_t_dec
 .text.ble_gatts_attr_md_t_enc
                0x000000000002c9c4       0x50 _build/nrf52832_xxaa/ble_gatts_struct_serialization.c.o
                0x000000000002c9c4                ble_gatts_attr_md_t_enc
 .text.ble_gatts_evt_write_t_enc
                0x000000000002ca14       0x78 _build/nrf52832_xxaa/ble_gatts_struct_serialization.c.o
                0x000000000002ca14                ble_gatts_evt_write_t_enc
 .text.ble_gatts_char_md_t_dec
                0x000000000002ca8c       0xb8 _build/nrf52832_xxaa/ble_gatts_struct_serialization.c.o
                0x000000000002ca8c                ble_gatts_char_md_t_dec
 .text.ble_gatts_attr_t_dec
                0x000000000002cb44       0x74 _build/nrf52832_xxaa/ble_gatts_struct_serialization.c.o
                0x000000000002cb44                ble_gatts_attr_t_dec
 .text.ble_gatts_char_handles_t_enc
                0x000000000002cbb8       0x4a _build/nrf52832_xxaa/ble_gatts_struct_serialization.c.o
                0x000000000002cbb8                ble_gatts_char_handles_t_enc
 *fill*         0x000000000002cc02        0x2 
 .text.ble_gatts_hvx_params_t_dec
                0x000000000002cc04       0x6c _build/nrf52832_xxaa/ble_gatts_struct_serialization.c.o
                0x000000000002cc04                ble_gatts_hvx_params_t_dec
 .text.ble_gatts_evt_rw_authorize_request_t_enc
                0x000000000002cc70       0x4e _build/nrf52832_xxaa/ble_gatts_struct_serialization.c.o
                0x000000000002cc70                ble_gatts_evt_rw_authorize_request_t_enc
 .text.ble_gatts_rw_authorize_reply_params_t_dec
                0x000000000002ccbe       0x3c _build/nrf52832_xxaa/ble_gatts_struct_serialization.c.o
                0x000000000002ccbe                ble_gatts_rw_authorize_reply_params_t_dec
 .text.ble_gatts_value_t_enc
                0x000000000002ccfa       0x2e _build/nrf52832_xxaa/ble_gatts_struct_serialization.c.o
                0x000000000002ccfa                ble_gatts_value_t_enc
 .text.ble_gatts_value_t_dec
                0x000000000002cd28       0x2e _build/nrf52832_xxaa/ble_gatts_struct_serialization.c.o
                0x000000000002cd28                ble_gatts_value_t_dec
 .text.ble_gatts_evt_exchange_mtu_request_t_enc
                0x000000000002cd56       0x14 _build/nrf52832_xxaa/ble_gatts_struct_serialization.c.o
                0x000000000002cd56                ble_gatts_evt_exchange_mtu_request_t_enc
 .text.ble_gatts_evt_hvc_t_enc
                0x000000000002cd6a       0x14 _build/nrf52832_xxaa/ble_gatts_struct_serialization.c.o
                0x000000000002cd6a                ble_gatts_evt_hvc_t_enc
 .text.ble_gatts_evt_sys_attr_missing_t_enc
                0x000000000002cd7e       0x14 _build/nrf52832_xxaa/ble_gatts_struct_serialization.c.o
                0x000000000002cd7e                ble_gatts_evt_sys_attr_missing_t_enc
 .text.ble_gatts_evt_timeout_t_enc
                0x000000000002cd92       0x14 _build/nrf52832_xxaa/ble_gatts_struct_serialization.c.o
                0x000000000002cd92                ble_gatts_evt_timeout_t_enc
 .text.ble_gatts_conn_cfg_t_dec
                0x000000000002cda6       0x14 _build/nrf52832_xxaa/ble_gatts_struct_serialization.c.o
                0x000000000002cda6                ble_gatts_conn_cfg_t_dec
 .text.ble_gatts_cfg_service_changed_t_dec
                0x000000000002cdba       0x28 _build/nrf52832_xxaa/ble_gatts_struct_serialization.c.o
                0x000000000002cdba                ble_gatts_cfg_service_changed_t_dec
 .text.ble_gatts_cfg_attr_tab_size_t_dec
                0x000000000002cde2       0x14 _build/nrf52832_xxaa/ble_gatts_struct_serialization.c.o
                0x000000000002cde2                ble_gatts_cfg_attr_tab_size_t_dec
 *fill*         0x000000000002cdf6        0x2 
 .text.ble_l2cap_ch_setup_req_dec
                0x000000000002cdf8       0x94 _build/nrf52832_xxaa/ble_l2cap_conn.c.o
                0x000000000002cdf8                ble_l2cap_ch_setup_req_dec
 .text.ble_l2cap_ch_setup_rsp_enc
                0x000000000002ce8c       0x64 _build/nrf52832_xxaa/ble_l2cap_conn.c.o
                0x000000000002ce8c                ble_l2cap_ch_setup_rsp_enc
 .text.ble_l2cap_ch_release_req_dec
                0x000000000002cef0       0x4a _build/nrf52832_xxaa/ble_l2cap_conn.c.o
                0x000000000002cef0                ble_l2cap_ch_release_req_dec
 .text.ble_l2cap_ch_release_rsp_enc
                0x000000000002cf3a        0xc _build/nrf52832_xxaa/ble_l2cap_conn.c.o
                0x000000000002cf3a                ble_l2cap_ch_release_rsp_enc
 .text.ble_l2cap_ch_rx_req_dec
                0x000000000002cf46       0xbc _build/nrf52832_xxaa/ble_l2cap_conn.c.o
                0x000000000002cf46                ble_l2cap_ch_rx_req_dec
 .text.ble_l2cap_ch_rx_rsp_enc
                0x000000000002d002        0xc _build/nrf52832_xxaa/ble_l2cap_conn.c.o
                0x000000000002d002                ble_l2cap_ch_rx_rsp_enc
 .text.ble_l2cap_ch_tx_req_dec
                0x000000000002d00e       0xe4 _build/nrf52832_xxaa/ble_l2cap_conn.c.o
                0x000000000002d00e                ble_l2cap_ch_tx_req_dec
 .text.ble_l2cap_ch_tx_rsp_enc
                0x000000000002d0f2        0xc _build/nrf52832_xxaa/ble_l2cap_conn.c.o
                0x000000000002d0f2                ble_l2cap_ch_tx_rsp_enc
 .text.ble_l2cap_ch_flow_control_req_dec
                0x000000000002d0fe       0x70 _build/nrf52832_xxaa/ble_l2cap_conn.c.o
                0x000000000002d0fe                ble_l2cap_ch_flow_control_req_dec
 *fill*         0x000000000002d16e        0x2 
 .text.ble_l2cap_ch_flow_control_rsp_enc
                0x000000000002d170       0x64 _build/nrf52832_xxaa/ble_l2cap_conn.c.o
                0x000000000002d170                ble_l2cap_ch_flow_control_rsp_enc
 .text.ble_l2cap_evt_ch_setup_request_enc
                0x000000000002d1d4       0x7a _build/nrf52832_xxaa/ble_l2cap_evt_conn.c.o
                0x000000000002d1d4                ble_l2cap_evt_ch_setup_request_enc
 .text.ble_l2cap_evt_ch_setup_refused_enc
                0x000000000002d24e       0x7a _build/nrf52832_xxaa/ble_l2cap_evt_conn.c.o
                0x000000000002d24e                ble_l2cap_evt_ch_setup_refused_enc
 .text.ble_l2cap_evt_ch_setup_enc
                0x000000000002d2c8       0x6a _build/nrf52832_xxaa/ble_l2cap_evt_conn.c.o
                0x000000000002d2c8                ble_l2cap_evt_ch_setup_enc
 .text.ble_l2cap_evt_ch_released_enc
                0x000000000002d332       0x5a _build/nrf52832_xxaa/ble_l2cap_evt_conn.c.o
                0x000000000002d332                ble_l2cap_evt_ch_released_enc
 .text.ble_l2cap_evt_ch_sdu_buf_released_enc
                0x000000000002d38c       0xa6 _build/nrf52832_xxaa/ble_l2cap_evt_conn.c.o
                0x000000000002d38c                ble_l2cap_evt_ch_sdu_buf_released_enc
 .text.ble_l2cap_evt_ch_credit_enc
                0x000000000002d432       0x6a _build/nrf52832_xxaa/ble_l2cap_evt_conn.c.o
                0x000000000002d432                ble_l2cap_evt_ch_credit_enc
 .text.ble_l2cap_evt_ch_rx_enc
                0x000000000002d49c       0xd2 _build/nrf52832_xxaa/ble_l2cap_evt_conn.c.o
                0x000000000002d49c                ble_l2cap_evt_ch_rx_enc
 .text.ble_l2cap_evt_ch_tx_enc
                0x000000000002d56e       0xa6 _build/nrf52832_xxaa/ble_l2cap_evt_conn.c.o
                0x000000000002d56e                ble_l2cap_evt_ch_tx_enc
 .text.ble_l2cap_ch_rx_params_t_dec
                0x000000000002d614       0x4c _build/nrf52832_xxaa/ble_l2cap_struct_serialization.c.o
                0x000000000002d614                ble_l2cap_ch_rx_params_t_dec
 .text.ble_l2cap_conn_cfg_t_dec
                0x000000000002d660       0x58 _build/nrf52832_xxaa/ble_l2cap_struct_serialization.c.o
                0x000000000002d660                ble_l2cap_conn_cfg_t_dec
 .text.ble_l2cap_ch_setup_params_t_dec
                0x000000000002d6b8       0x40 _build/nrf52832_xxaa/ble_l2cap_struct_serialization.c.o
                0x000000000002d6b8                ble_l2cap_ch_setup_params_t_dec
 .text.ble_l2cap_ch_tx_params_t_enc
                0x000000000002d6f8       0x4a _build/nrf52832_xxaa/ble_l2cap_struct_serialization.c.o
                0x000000000002d6f8                ble_l2cap_ch_tx_params_t_enc
 .text.ser_ble_cmd_rsp_status_code_enc
                0x000000000002d742       0x2c _build/nrf52832_xxaa/ble_serialization.c.o
                0x000000000002d742                ser_ble_cmd_rsp_status_code_enc
 .text.uint32_t_enc
                0x000000000002d76e       0x34 _build/nrf52832_xxaa/ble_serialization.c.o
                0x000000000002d76e                uint32_t_enc
 .text.uint32_t_dec
                0x000000000002d7a2       0x26 _build/nrf52832_xxaa/ble_serialization.c.o
                0x000000000002d7a2                uint32_t_dec
 .text.uint16_t_enc
                0x000000000002d7c8       0x22 _build/nrf52832_xxaa/ble_serialization.c.o
                0x000000000002d7c8                uint16_t_enc
 .text.uint16_t_dec
                0x000000000002d7ea       0x24 _build/nrf52832_xxaa/ble_serialization.c.o
                0x000000000002d7ea                uint16_t_dec
 .text.uint16_dec
                0x000000000002d80e       0x1e _build/nrf52832_xxaa/ble_serialization.c.o
                0x000000000002d80e                uint16_dec
 .text.uint8_t_enc
                0x000000000002d82c       0x1a _build/nrf52832_xxaa/ble_serialization.c.o
                0x000000000002d82c                uint8_t_enc
 .text.uint8_t_dec
                0x000000000002d846       0x1a _build/nrf52832_xxaa/ble_serialization.c.o
                0x000000000002d846                uint8_t_dec
 .text.uint8_dec
                0x000000000002d860       0x16 _build/nrf52832_xxaa/ble_serialization.c.o
                0x000000000002d860                uint8_dec
 .text.count16_cond_data16_dec
                0x000000000002d876       0x90 _build/nrf52832_xxaa/ble_serialization.c.o
                0x000000000002d876                count16_cond_data16_dec
 .text.op_status_enc
                0x000000000002d906       0x40 _build/nrf52832_xxaa/ble_serialization.c.o
                0x000000000002d906                op_status_enc
 .text.buf_enc  0x000000000002d946       0x52 _build/nrf52832_xxaa/ble_serialization.c.o
                0x000000000002d946                buf_enc
 .text.len16data_enc
                0x000000000002d998       0x32 _build/nrf52832_xxaa/ble_serialization.c.o
                0x000000000002d998                len16data_enc
 .text.buf_dec  0x000000000002d9ca       0x6c _build/nrf52832_xxaa/ble_serialization.c.o
                0x000000000002d9ca                buf_dec
 .text.len8data_dec
                0x000000000002da36       0x30 _build/nrf52832_xxaa/ble_serialization.c.o
                0x000000000002da36                len8data_dec
 .text.len16data_dec
                0x000000000002da66       0x30 _build/nrf52832_xxaa/ble_serialization.c.o
                0x000000000002da66                len16data_dec
 .text.uint8_vector_enc
                0x000000000002da96       0x32 _build/nrf52832_xxaa/ble_serialization.c.o
                0x000000000002da96                uint8_vector_enc
 .text.uint8_vector_dec
                0x000000000002dac8       0x2e _build/nrf52832_xxaa/ble_serialization.c.o
                0x000000000002dac8                uint8_vector_dec
 .text.ble_pa_lna_cfg_t_enc
                0x000000000002daf6       0x1c _build/nrf52832_xxaa/ble_struct_serialization.c.o
                0x000000000002daf6                ble_pa_lna_cfg_t_enc
 .text.ble_pa_lna_cfg_t_dec
                0x000000000002db12       0x34 _build/nrf52832_xxaa/ble_struct_serialization.c.o
                0x000000000002db12                ble_pa_lna_cfg_t_dec
 .text.ble_uuid_t_enc
                0x000000000002db46       0x2e _build/nrf52832_xxaa/ble_struct_serialization.c.o
                0x000000000002db46                ble_uuid_t_enc
 .text.ble_uuid_t_dec
                0x000000000002db74       0x2e _build/nrf52832_xxaa/ble_struct_serialization.c.o
                0x000000000002db74                ble_uuid_t_dec
 .text.ble_uuid128_t_enc
                0x000000000002dba2       0x1c _build/nrf52832_xxaa/ble_struct_serialization.c.o
                0x000000000002dba2                ble_uuid128_t_enc
 .text.ble_uuid128_t_dec
                0x000000000002dbbe       0x18 _build/nrf52832_xxaa/ble_struct_serialization.c.o
                0x000000000002dbbe                ble_uuid128_t_dec
 .text.ble_common_opt_pa_lna_t_enc
                0x000000000002dbd6       0x60 _build/nrf52832_xxaa/ble_struct_serialization.c.o
                0x000000000002dbd6                ble_common_opt_pa_lna_t_enc
 .text.ble_common_opt_pa_lna_t_dec
                0x000000000002dc36       0x60 _build/nrf52832_xxaa/ble_struct_serialization.c.o
                0x000000000002dc36                ble_common_opt_pa_lna_t_dec
 .text.ble_user_mem_block_t_dec
                0x000000000002dc96       0x2e _build/nrf52832_xxaa/ble_struct_serialization.c.o
                0x000000000002dc96                ble_user_mem_block_t_dec
 .text.ble_version_t_enc
                0x000000000002dcc4       0x3c _build/nrf52832_xxaa/ble_struct_serialization.c.o
                0x000000000002dcc4                ble_version_t_enc
 .text.ble_common_opt_conn_evt_ext_t_enc
                0x000000000002dd00       0x20 _build/nrf52832_xxaa/ble_struct_serialization.c.o
                0x000000000002dd00                ble_common_opt_conn_evt_ext_t_enc
 .text.ble_common_opt_conn_evt_ext_t_dec
                0x000000000002dd20       0x28 _build/nrf52832_xxaa/ble_struct_serialization.c.o
                0x000000000002dd20                ble_common_opt_conn_evt_ext_t_dec
 .text.ble_common_cfg_vs_uuid_t_dec
                0x000000000002dd48       0x14 _build/nrf52832_xxaa/ble_struct_serialization.c.o
                0x000000000002dd48                ble_common_cfg_vs_uuid_t_dec
 .text.ble_data_t_enc
                0x000000000002dd5c       0x38 _build/nrf52832_xxaa/ble_struct_serialization.c.o
                0x000000000002dd5c                ble_data_t_enc
 .text.ble_data_t_dec
                0x000000000002dd94       0x40 _build/nrf52832_xxaa/ble_struct_serialization.c.o
                0x000000000002dd94                ble_data_t_dec
 .text.cond_field_enc
                0x000000000002ddd4       0x3e _build/nrf52832_xxaa/cond_field_serialization.c.o
                0x000000000002ddd4                cond_field_enc
 .text.cond_field_dec
                0x000000000002de12       0x56 _build/nrf52832_xxaa/cond_field_serialization.c.o
                0x000000000002de12                cond_field_dec
 .text.conn_ble_gap_sec_context_create
                0x000000000002de68       0x2c _build/nrf52832_xxaa/conn_ble_gap_sec_keys.c.o
                0x000000000002de68                conn_ble_gap_sec_context_create
 .text.conn_ble_gap_sec_context_destroy
                0x000000000002de94       0x2c _build/nrf52832_xxaa/conn_ble_gap_sec_keys.c.o
                0x000000000002de94                conn_ble_gap_sec_context_destroy
 .text.conn_ble_gap_sec_context_find
                0x000000000002dec0       0x30 _build/nrf52832_xxaa/conn_ble_gap_sec_keys.c.o
                0x000000000002dec0                conn_ble_gap_sec_context_find
 .text.conn_ble_gap_ble_data_buf_alloc
                0x000000000002def0       0x48 _build/nrf52832_xxaa/conn_ble_gap_sec_keys.c.o
                0x000000000002def0                conn_ble_gap_ble_data_buf_alloc
 .text.conn_ble_gap_ble_data_buf_free
                0x000000000002df38       0x28 _build/nrf52832_xxaa/conn_ble_gap_sec_keys.c.o
                0x000000000002df38                conn_ble_gap_ble_data_buf_free
 .text.conn_ble_l2cap_sdu_pool_alloc
                0x000000000002df60       0x1c _build/nrf52832_xxaa/conn_ble_l2cap_sdu_pool.c.o
                0x000000000002df60                conn_ble_l2cap_sdu_pool_alloc
 .text.conn_ble_l2cap_sdu_pool_free
                0x000000000002df7c        0xc _build/nrf52832_xxaa/conn_ble_l2cap_sdu_pool.c.o
                0x000000000002df7c                conn_ble_l2cap_sdu_pool_free
 .text.conn_ble_user_mem_context_create
                0x000000000002df88       0x30 _build/nrf52832_xxaa/conn_ble_user_mem.c.o
                0x000000000002df88                conn_ble_user_mem_context_create
 .text.conn_ble_user_mem_context_destroy
                0x000000000002dfb8       0x2c _build/nrf52832_xxaa/conn_ble_user_mem.c.o
                0x000000000002dfb8                conn_ble_user_mem_context_destroy
 .text.conn_ble_user_mem_context_find
                0x000000000002dfe4       0x30 _build/nrf52832_xxaa/conn_ble_user_mem.c.o
                0x000000000002dfe4                conn_ble_user_mem_context_find
 .text.conn_mw_handler
                0x000000000002e014       0x3c _build/nrf52832_xxaa/conn_mw.c.o
                0x000000000002e014                conn_mw_handler
 .text.sd_ble_cfg_set
                0x000000000002e050        0x4 _build/nrf52832_xxaa/conn_mw_ble.c.o
 .text.sd_ble_uuid_vs_add
                0x000000000002e054        0x4 _build/nrf52832_xxaa/conn_mw_ble.c.o
 .text.sd_ble_uuid_decode
                0x000000000002e058        0x4 _build/nrf52832_xxaa/conn_mw_ble.c.o
 .text.sd_ble_uuid_encode
                0x000000000002e05c        0x4 _build/nrf52832_xxaa/conn_mw_ble.c.o
 .text.sd_ble_version_get
                0x000000000002e060        0x4 _build/nrf52832_xxaa/conn_mw_ble.c.o
 .text.sd_ble_user_mem_reply
                0x000000000002e064        0x4 _build/nrf52832_xxaa/conn_mw_ble.c.o
 .text.sd_ble_opt_set
                0x000000000002e068        0x4 _build/nrf52832_xxaa/conn_mw_ble.c.o
 .text.sd_ble_opt_get
                0x000000000002e06c        0x4 _build/nrf52832_xxaa/conn_mw_ble.c.o
 .text.conn_mw_ble_uuid_vs_add
                0x000000000002e070       0x40 _build/nrf52832_xxaa/conn_mw_ble.c.o
                0x000000000002e070                conn_mw_ble_uuid_vs_add
 .text.conn_mw_ble_uuid_decode
                0x000000000002e0b0       0x4a _build/nrf52832_xxaa/conn_mw_ble.c.o
                0x000000000002e0b0                conn_mw_ble_uuid_decode
 .text.conn_mw_ble_uuid_encode
                0x000000000002e0fa       0x60 _build/nrf52832_xxaa/conn_mw_ble.c.o
                0x000000000002e0fa                conn_mw_ble_uuid_encode
 .text.conn_mw_ble_version_get
                0x000000000002e15a       0x36 _build/nrf52832_xxaa/conn_mw_ble.c.o
                0x000000000002e15a                conn_mw_ble_version_get
 .text.conn_mw_ble_opt_get
                0x000000000002e190       0x54 _build/nrf52832_xxaa/conn_mw_ble.c.o
                0x000000000002e190                conn_mw_ble_opt_get
 .text.conn_mw_ble_opt_set
                0x000000000002e1e4       0x6c _build/nrf52832_xxaa/conn_mw_ble.c.o
                0x000000000002e1e4                conn_mw_ble_opt_set
 .text.conn_mw_ble_enable
                0x000000000002e250       0x34 _build/nrf52832_xxaa/conn_mw_ble.c.o
                0x000000000002e250                conn_mw_ble_enable
 .text.conn_mw_ble_user_mem_reply
                0x000000000002e284       0x68 _build/nrf52832_xxaa/conn_mw_ble.c.o
                0x000000000002e284                conn_mw_ble_user_mem_reply
 .text.conn_mw_ble_cfg_set
                0x000000000002e2ec       0x4c _build/nrf52832_xxaa/conn_mw_ble.c.o
                0x000000000002e2ec                conn_mw_ble_cfg_set
 .text.sd_ble_gap_addr_set
                0x000000000002e338        0x4 _build/nrf52832_xxaa/conn_mw_ble_gap.c.o
 .text.sd_ble_gap_addr_get
                0x000000000002e33c        0x4 _build/nrf52832_xxaa/conn_mw_ble_gap.c.o
 .text.sd_ble_gap_whitelist_set
                0x000000000002e340        0x4 _build/nrf52832_xxaa/conn_mw_ble_gap.c.o
 .text.sd_ble_gap_device_identities_set
                0x000000000002e344        0x4 _build/nrf52832_xxaa/conn_mw_ble_gap.c.o
 .text.sd_ble_gap_privacy_set
                0x000000000002e348        0x4 _build/nrf52832_xxaa/conn_mw_ble_gap.c.o
 .text.sd_ble_gap_privacy_get
                0x000000000002e34c        0x4 _build/nrf52832_xxaa/conn_mw_ble_gap.c.o
 .text.sd_ble_gap_adv_set_configure
                0x000000000002e350        0x4 _build/nrf52832_xxaa/conn_mw_ble_gap.c.o
 .text.sd_ble_gap_adv_start
                0x000000000002e354        0x4 _build/nrf52832_xxaa/conn_mw_ble_gap.c.o
 .text.sd_ble_gap_adv_stop
                0x000000000002e358        0x4 _build/nrf52832_xxaa/conn_mw_ble_gap.c.o
 .text.sd_ble_gap_conn_param_update
                0x000000000002e35c        0x4 _build/nrf52832_xxaa/conn_mw_ble_gap.c.o
 .text.sd_ble_gap_disconnect
                0x000000000002e360        0x4 _build/nrf52832_xxaa/conn_mw_ble_gap.c.o
 .text.sd_ble_gap_tx_power_set
                0x000000000002e364        0x4 _build/nrf52832_xxaa/conn_mw_ble_gap.c.o
 .text.sd_ble_gap_appearance_set
                0x000000000002e368        0x4 _build/nrf52832_xxaa/conn_mw_ble_gap.c.o
 .text.sd_ble_gap_appearance_get
                0x000000000002e36c        0x4 _build/nrf52832_xxaa/conn_mw_ble_gap.c.o
 .text.sd_ble_gap_ppcp_set
                0x000000000002e370        0x4 _build/nrf52832_xxaa/conn_mw_ble_gap.c.o
 .text.sd_ble_gap_ppcp_get
                0x000000000002e374        0x4 _build/nrf52832_xxaa/conn_mw_ble_gap.c.o
 .text.sd_ble_gap_device_name_set
                0x000000000002e378        0x4 _build/nrf52832_xxaa/conn_mw_ble_gap.c.o
 .text.sd_ble_gap_device_name_get
                0x000000000002e37c        0x4 _build/nrf52832_xxaa/conn_mw_ble_gap.c.o
 .text.sd_ble_gap_authenticate
                0x000000000002e380        0x4 _build/nrf52832_xxaa/conn_mw_ble_gap.c.o
 .text.sd_ble_gap_sec_params_reply
                0x000000000002e384        0x4 _build/nrf52832_xxaa/conn_mw_ble_gap.c.o
 .text.sd_ble_gap_auth_key_reply
                0x000000000002e388        0x4 _build/nrf52832_xxaa/conn_mw_ble_gap.c.o
 .text.sd_ble_gap_lesc_dhkey_reply
                0x000000000002e38c        0x4 _build/nrf52832_xxaa/conn_mw_ble_gap.c.o
 .text.sd_ble_gap_keypress_notify
                0x000000000002e390        0x4 _build/nrf52832_xxaa/conn_mw_ble_gap.c.o
 .text.sd_ble_gap_lesc_oob_data_get
                0x000000000002e394        0x4 _build/nrf52832_xxaa/conn_mw_ble_gap.c.o
 .text.sd_ble_gap_lesc_oob_data_set
                0x000000000002e398        0x4 _build/nrf52832_xxaa/conn_mw_ble_gap.c.o
 .text.sd_ble_gap_encrypt
                0x000000000002e39c        0x4 _build/nrf52832_xxaa/conn_mw_ble_gap.c.o
 .text.sd_ble_gap_sec_info_reply
                0x000000000002e3a0        0x4 _build/nrf52832_xxaa/conn_mw_ble_gap.c.o
 .text.sd_ble_gap_conn_sec_get
                0x000000000002e3a4        0x4 _build/nrf52832_xxaa/conn_mw_ble_gap.c.o
 .text.sd_ble_gap_rssi_start
                0x000000000002e3a8        0x4 _build/nrf52832_xxaa/conn_mw_ble_gap.c.o
 .text.sd_ble_gap_rssi_stop
                0x000000000002e3ac        0x4 _build/nrf52832_xxaa/conn_mw_ble_gap.c.o
 .text.sd_ble_gap_rssi_get
                0x000000000002e3b0        0x4 _build/nrf52832_xxaa/conn_mw_ble_gap.c.o
 .text.sd_ble_gap_scan_start
                0x000000000002e3b4        0x4 _build/nrf52832_xxaa/conn_mw_ble_gap.c.o
 .text.sd_ble_gap_scan_stop
                0x000000000002e3b8        0x4 _build/nrf52832_xxaa/conn_mw_ble_gap.c.o
 .text.sd_ble_gap_connect
                0x000000000002e3bc        0x4 _build/nrf52832_xxaa/conn_mw_ble_gap.c.o
 .text.sd_ble_gap_connect_cancel
                0x000000000002e3c0        0x4 _build/nrf52832_xxaa/conn_mw_ble_gap.c.o
 .text.sd_ble_gap_phy_update
                0x000000000002e3c4        0x4 _build/nrf52832_xxaa/conn_mw_ble_gap.c.o
 .text.sd_ble_gap_data_length_update
                0x000000000002e3c8        0x4 _build/nrf52832_xxaa/conn_mw_ble_gap.c.o
 .text.sd_ble_gap_qos_channel_survey_start
                0x000000000002e3cc        0x4 _build/nrf52832_xxaa/conn_mw_ble_gap.c.o
 .text.sd_ble_gap_qos_channel_survey_stop
                0x000000000002e3d0        0x4 _build/nrf52832_xxaa/conn_mw_ble_gap.c.o
 .text.conn_mw_ble_gap_connect